Archive member included to satisfy reference by file (symbol)

/usr/lib/gcc/arm-none-eabi/13.2.1/../../../arm-none-eabi/lib/thumb/v7e-m/nofp/libstdc++.a(guard.o)
                              CMakeFiles/OSTC_f4_4.elf.dir/Core/Src/PID.cpp.obj (__cxa_guard_acquire)
/usr/lib/gcc/arm-none-eabi/13.2.1/../../../arm-none-eabi/lib/thumb/v7e-m/nofp/libstdc++.a(guard_error.o)
                              /usr/lib/gcc/arm-none-eabi/13.2.1/../../../arm-none-eabi/lib/thumb/v7e-m/nofp/libstdc++.a(guard.o) (__gnu_cxx::recursive_init_error::~recursive_init_error())
/usr/lib/gcc/arm-none-eabi/13.2.1/../../../arm-none-eabi/lib/thumb/v7e-m/nofp/libstdc++.a(si_class_type_info.o)
                              /usr/lib/gcc/arm-none-eabi/13.2.1/../../../arm-none-eabi/lib/thumb/v7e-m/nofp/libstdc++.a(guard_error.o) (vtable for __cxxabiv1::__si_class_type_info)
/usr/lib/gcc/arm-none-eabi/13.2.1/../../../arm-none-eabi/lib/thumb/v7e-m/nofp/libstdc++.a(tinfo.o)
                              /usr/lib/gcc/arm-none-eabi/13.2.1/../../../arm-none-eabi/lib/thumb/v7e-m/nofp/libstdc++.a(si_class_type_info.o) (std::type_info::__is_pointer_p() const)
/usr/lib/gcc/arm-none-eabi/13.2.1/../../../arm-none-eabi/lib/thumb/v7e-m/nofp/libstdc++.a(class_type_info.o)
                              /usr/lib/gcc/arm-none-eabi/13.2.1/../../../arm-none-eabi/lib/thumb/v7e-m/nofp/libstdc++.a(si_class_type_info.o) (__cxxabiv1::__class_type_info::__do_upcast(__cxxabiv1::__class_type_info const*, void**) const)
/usr/lib/gcc/arm-none-eabi/13.2.1/../../../arm-none-eabi/lib/thumb/v7e-m/nofp/libstdc++.a(del_ops.o)
                              /usr/lib/gcc/arm-none-eabi/13.2.1/../../../arm-none-eabi/lib/thumb/v7e-m/nofp/libstdc++.a(guard_error.o) (operator delete(void*, unsigned int))
/usr/lib/gcc/arm-none-eabi/13.2.1/../../../arm-none-eabi/lib/thumb/v7e-m/nofp/libstdc++.a(eh_alloc.o)
                              /usr/lib/gcc/arm-none-eabi/13.2.1/../../../arm-none-eabi/lib/thumb/v7e-m/nofp/libstdc++.a(guard.o) (__cxa_allocate_exception)
/usr/lib/gcc/arm-none-eabi/13.2.1/../../../arm-none-eabi/lib/thumb/v7e-m/nofp/libstdc++.a(eh_exception.o)
                              /usr/lib/gcc/arm-none-eabi/13.2.1/../../../arm-none-eabi/lib/thumb/v7e-m/nofp/libstdc++.a(guard_error.o) (std::exception::~exception())
/usr/lib/gcc/arm-none-eabi/13.2.1/../../../arm-none-eabi/lib/thumb/v7e-m/nofp/libstdc++.a(eh_terminate.o)
                              /usr/lib/gcc/arm-none-eabi/13.2.1/../../../arm-none-eabi/lib/thumb/v7e-m/nofp/libstdc++.a(eh_alloc.o) (std::terminate())
/usr/lib/gcc/arm-none-eabi/13.2.1/../../../arm-none-eabi/lib/thumb/v7e-m/nofp/libstdc++.a(eh_throw.o)
                              /usr/lib/gcc/arm-none-eabi/13.2.1/../../../arm-none-eabi/lib/thumb/v7e-m/nofp/libstdc++.a(guard.o) (__cxa_throw)
/usr/lib/gcc/arm-none-eabi/13.2.1/../../../arm-none-eabi/lib/thumb/v7e-m/nofp/libstdc++.a(eh_unex_handler.o)
                              /usr/lib/gcc/arm-none-eabi/13.2.1/../../../arm-none-eabi/lib/thumb/v7e-m/nofp/libstdc++.a(eh_terminate.o) (__cxxabiv1::__unexpected_handler)
/usr/lib/gcc/arm-none-eabi/13.2.1/../../../arm-none-eabi/lib/thumb/v7e-m/nofp/libstdc++.a(del_op.o)
                              /usr/lib/gcc/arm-none-eabi/13.2.1/../../../arm-none-eabi/lib/thumb/v7e-m/nofp/libstdc++.a(del_ops.o) (operator delete(void*))
/usr/lib/gcc/arm-none-eabi/13.2.1/../../../arm-none-eabi/lib/thumb/v7e-m/nofp/libstdc++.a(eh_catch.o)
                              /usr/lib/gcc/arm-none-eabi/13.2.1/../../../arm-none-eabi/lib/thumb/v7e-m/nofp/libstdc++.a(eh_terminate.o) (__cxa_begin_catch)
/usr/lib/gcc/arm-none-eabi/13.2.1/../../../arm-none-eabi/lib/thumb/v7e-m/nofp/libstdc++.a(eh_globals.o)
                              /usr/lib/gcc/arm-none-eabi/13.2.1/../../../arm-none-eabi/lib/thumb/v7e-m/nofp/libstdc++.a(eh_catch.o) (__cxa_get_globals_fast)
/usr/lib/gcc/arm-none-eabi/13.2.1/../../../arm-none-eabi/lib/thumb/v7e-m/nofp/libstdc++.a(eh_personality.o)
                              /usr/lib/gcc/arm-none-eabi/13.2.1/../../../arm-none-eabi/lib/thumb/v7e-m/nofp/libstdc++.a(eh_terminate.o) (__gxx_personality_v0)
/usr/lib/gcc/arm-none-eabi/13.2.1/../../../arm-none-eabi/lib/thumb/v7e-m/nofp/libstdc++.a(eh_term_handler.o)
                              /usr/lib/gcc/arm-none-eabi/13.2.1/../../../arm-none-eabi/lib/thumb/v7e-m/nofp/libstdc++.a(eh_terminate.o) (__cxxabiv1::__terminate_handler)
/usr/lib/gcc/arm-none-eabi/13.2.1/../../../arm-none-eabi/lib/thumb/v7e-m/nofp/libstdc++.a(eh_arm.o)
                              /usr/lib/gcc/arm-none-eabi/13.2.1/../../../arm-none-eabi/lib/thumb/v7e-m/nofp/libstdc++.a(eh_personality.o) (__cxa_type_match)
/usr/lib/gcc/arm-none-eabi/13.2.1/../../../arm-none-eabi/lib/thumb/v7e-m/nofp/libstdc++.a(eh_call.o)
                              /usr/lib/gcc/arm-none-eabi/13.2.1/../../../arm-none-eabi/lib/thumb/v7e-m/nofp/libstdc++.a(eh_personality.o) (__cxa_call_terminate)
[...]
Memory Configuration

Name             Origin             Length             Attributes
CCMRAM           0x10000000         0x00010000         xrw
RAM              0x20000000         0x00020000         xrw
FLASH            0x08000000         0x00080000         xr
*default*        0x00000000         0xffffffff

Linker script and memory map

LOAD /usr/lib/gcc/arm-none-eabi/13.2.1/thumb/v7e-m/nofp/crti.o
LOAD /usr/lib/gcc/arm-none-eabi/13.2.1/thumb/v7e-m/nofp/crtbegin.o
LOAD /usr/lib/gcc/arm-none-eabi/13.2.1/../../../arm-none-eabi/lib/thumb/v7e-m/nofp/crt0.o
LOAD CMakeFiles/OSTC_f4_4.elf.dir/Core/Src/PID.cpp.obj
LOAD CMakeFiles/OSTC_f4_4.elf.dir/Core/Src/Setup_and_Loop.cpp.obj
LOAD CMakeFiles/OSTC_f4_4.elf.dir/Core/Src/condition.cpp.obj
LOAD CMakeFiles/OSTC_f4_4.elf.dir/Core/Src/dma.c.obj
LOAD CMakeFiles/OSTC_f4_4.elf.dir/Core/Src/encoder.cpp.obj
LOAD CMakeFiles/OSTC_f4_4.elf.dir/Core/Src/gpio.c.obj
LOAD CMakeFiles/OSTC_f4_4.elf.dir/Core/Src/jetson.cpp.obj
LOAD CMakeFiles/OSTC_f4_4.elf.dir/Core/Src/main.c.obj
LOAD CMakeFiles/OSTC_f4_4.elf.dir/Core/Src/motor.cpp.obj
LOAD CMakeFiles/OSTC_f4_4.elf.dir/Core/Src/servo.cpp.obj
LOAD CMakeFiles/OSTC_f4_4.elf.dir/Core/Src/stm32f4xx_hal_msp.c.obj
LOAD CMakeFiles/OSTC_f4_4.elf.dir/Core/Src/stm32f4xx_it.c.obj
LOAD CMakeFiles/OSTC_f4_4.elf.dir/Core/Src/syscalls.c.obj
LOAD CMakeFiles/OSTC_f4_4.elf.dir/Core/Src/sysmem.c.obj
LOAD CMakeFiles/OSTC_f4_4.elf.dir/Core/Src/system_stm32f4xx.c.obj
LOAD CMakeFiles/OSTC_f4_4.elf.dir/Core/Src/tim.c.obj
LOAD CMakeFiles/OSTC_f4_4.elf.dir/Core/Src/usart.c.obj
LOAD CMakeFiles/OSTC_f4_4.elf.dir/Core/Startup/startup_stm32f407vetx.s.obj
LOAD CMakeFiles/OSTC_f4_4.elf.dir/Drivers/STM32F4xx_HAL_Driver/Src/stm32f4xx_hal.c.obj
LOAD CMakeFiles/OSTC_f4_4.elf.dir/Drivers/STM32F4xx_HAL_Driver/Src/stm32f4xx_hal_cortex.c.obj
LOAD CMakeFiles/OSTC_f4_4.elf.dir/Drivers/STM32F4xx_HAL_Driver/Src/stm32f4xx_hal_dma.c.obj
LOAD CMakeFiles/OSTC_f4_4.elf.dir/Drivers/STM32F4xx_HAL_Driver/Src/stm32f4xx_hal_dma_ex.c.obj
LOAD CMakeFiles/OSTC_f4_4.elf.dir/Drivers/STM32F4xx_HAL_Driver/Src/stm32f4xx_hal_exti.c.obj
LOAD CMakeFiles/OSTC_f4_4.elf.dir/Drivers/STM32F4xx_HAL_Driver/Src/stm32f4xx_hal_flash.c.obj
LOAD CMakeFiles/OSTC_f4_4.elf.dir/Drivers/STM32F4xx_HAL_Driver/Src/stm32f4xx_hal_flash_ex.c.obj
LOAD CMakeFiles/OSTC_f4_4.elf.dir/Drivers/STM32F4xx_HAL_Driver/Src/stm32f4xx_hal_flash_ramfunc.c.obj
LOAD CMakeFiles/OSTC_f4_4.elf.dir/Drivers/STM32F4xx_HAL_Driver/Src/stm32f4xx_hal_gpio.c.obj
LOAD CMakeFiles/OSTC_f4_4.elf.dir/Drivers/STM32F4xx_HAL_Driver/Src/stm32f4xx_hal_pwr.c.obj
LOAD CMakeFiles/OSTC_f4_4.elf.dir/Drivers/STM32F4xx_HAL_Driver/Src/stm32f4xx_hal_pwr_ex.c.obj
LOAD CMakeFiles/OSTC_f4_4.elf.dir/Drivers/STM32F4xx_HAL_Driver/Src/stm32f4xx_hal_rcc.c.obj
LOAD CMakeFiles/OSTC_f4_4.elf.dir/Drivers/STM32F4xx_HAL_Driver/Src/stm32f4xx_hal_rcc_ex.c.obj
LOAD CMakeFiles/OSTC_f4_4.elf.dir/Drivers/STM32F4xx_HAL_Driver/Src/stm32f4xx_hal_tim.c.obj
LOAD CMakeFiles/OSTC_f4_4.elf.dir/Drivers/STM32F4xx_HAL_Driver/Src/stm32f4xx_hal_tim_ex.c.obj
LOAD CMakeFiles/OSTC_f4_4.elf.dir/Drivers/STM32F4xx_HAL_Driver/Src/stm32f4xx_hal_uart.c.obj
LOAD /usr/lib/gcc/arm-none-eabi/13.2.1/../../../arm-none-eabi/lib/thumb/v7e-m/nofp/libstdc++.a
LOAD /usr/lib/gcc/arm-none-eabi/13.2.1/../../../arm-none-eabi/lib/thumb/v7e-m/nofp/libm.a
START GROUP
LOAD /usr/lib/gcc/arm-none-eabi/13.2.1/thumb/v7e-m/nofp/libgcc.a
LOAD /usr/lib/gcc/arm-none-eabi/13.2.1/../../../arm-none-eabi/lib/thumb/v7e-m/nofp/libc.a
END GROUP
LOAD /usr/lib/gcc/arm-none-eabi/13.2.1/thumb/v7e-m/nofp/crtend.o
LOAD /usr/lib/gcc/arm-none-eabi/13.2.1/thumb/v7e-m/nofp/crtn.o
                0x20020000                        _estack = (ORIGIN (RAM) + LENGTH (RAM))
                0x00000200                        _Min_Heap_Size = 0x200
                0x00000400                        _Min_Stack_Size = 0x400

.isr_vector     0x08000000      0x188
                0x08000000                        . = ALIGN (0x4)
 *(.isr_vector)
 .isr_vector    0x08000000      0x188 CMakeFiles/OSTC_f4_4.elf.dir/Core/Startup/startup_stm32f407vetx.s.obj
                0x08000000                g_pfnVectors
                0x08000188                        . = ALIGN (0x4)

.text           0x080001c0    0x10a90
                0x080001c0                        . = ALIGN (0x4)
 *(.text)
 .text          0x080001c0       0x88 /usr/lib/gcc/arm-none-eabi/13.2.1/thumb/v7e-m/nofp/crtbegin.o
 .text          0x08000248      0x378 /usr/lib/gcc/arm-none-eabi/13.2.1/thumb/v7e-m/nofp/libgcc.a(_arm_addsubdf3.o)
                0x08000248                __aeabi_drsub
                0x08000250                __aeabi_dsub
                0x08000250                __subdf3
                0x08000254                __adddf3
                0x08000254                __aeabi_dadd
                0x080004cc                __aeabi_ui2d
                0x080004cc                __floatunsidf
                0x080004ec                __floatsidf
                0x080004ec                __aeabi_i2d
                0x08000510                __extendsfdf2
                0x08000510                __aeabi_f2d
                0x08000554                __aeabi_ul2d
                0x08000554                __floatundidf
                0x08000564                __floatdidf
                0x08000564                __aeabi_l2d
 .text          0x080005c0      0x110 /usr/lib/gcc/arm-none-eabi/13.2.1/thumb/v7e-m/nofp/libgcc.a(_arm_cmpdf2.o)
                0x080005c0                __gtdf2
                0x080005c0                __gedf2
                0x080005c8                __ltdf2
                0x080005c8                __ledf2
                0x080005d0                __cmpdf2
                0x080005d0                __eqdf2
                0x080005d0                __nedf2
                0x0800064c                __aeabi_cdrcmple
                0x0800065c                __aeabi_cdcmple
                0x0800065c                __aeabi_cdcmpeq
                0x0800066c                __aeabi_dcmpeq
                0x08000680                __aeabi_dcmplt
                0x08000694                __aeabi_dcmple
                0x080006a8                __aeabi_dcmpge
                0x080006bc                __aeabi_dcmpgt
 .text          0x080006d0       0x50 /usr/lib/gcc/arm-none-eabi/13.2.1/thumb/v7e-m/nofp/libgcc.a(_arm_fixdfsi.o)
                0x080006d0                __fixdfsi
                0x080006d0                __aeabi_d2iz
 .text          0x08000720       0x30 /usr/lib/gcc/arm-none-eabi/13.2.1/thumb/v7e-m/nofp/libgcc.a(_aeabi_uldivmod.o)
                0x08000720                __aeabi_uldivmod
 .text          0x08000750      0x2bc /usr/lib/gcc/arm-none-eabi/13.2.1/thumb/v7e-m/nofp/libgcc.a(_udivmoddi4.o)
                0x08000750                __udivmoddi4
 .text          0x08000a0c      0xa54 /usr/lib/gcc/arm-none-eabi/13.2.1/thumb/v7e-m/nofp/libgcc.a(unwind-arm.o)
                0x08000cc4                _Unwind_GetCFA
                0x08000cc8                __gnu_Unwind_RaiseException
                0x08000d30                __gnu_Unwind_ForcedUnwind
                0x08000d40                __gnu_Unwind_Resume
                0x08000d80                __gnu_Unwind_Resume_or_Rethrow
                0x08000d90                _Unwind_Complete
                0x08000d94                _Unwind_DeleteException
                0x08000da0                _Unwind_VRS_Get
                0x08000df0                _Unwind_VRS_Set
                0x08000e3c                __gnu_Unwind_Backtrace
                0x08001164                __aeabi_unwind_cpp_pr0
                0x08001168                __aeabi_unwind_cpp_pr1
                0x0800116c                __aeabi_unwind_cpp_pr2
                0x08001170                _Unwind_VRS_Pop
 .text          0x08001460      0x1ac /usr/lib/gcc/arm-none-eabi/13.2.1/thumb/v7e-m/nofp/libgcc.a(libunwind.o)
                0x08001460                __restore_core_regs
                0x08001460                restore_core_regs
                0x08001478                __gnu_Unwind_Restore_VFP
                0x08001480                __gnu_Unwind_Save_VFP
                0x08001488                __gnu_Unwind_Restore_VFP_D
                0x08001490                __gnu_Unwind_Save_VFP_D
                0x08001498                __gnu_Unwind_Restore_VFP_D_16_to_31
                0x080014a0                __gnu_Unwind_Save_VFP_D_16_to_31
                0x080014a8                __gnu_Unwind_Restore_WMMXD
                0x080014ec                __gnu_Unwind_Save_WMMXD
                0x08001530                __gnu_Unwind_Restore_WMMXC
                0x08001544                __gnu_Unwind_Save_WMMXC
                0x08001558                ___Unwind_RaiseException
                0x08001558                _Unwind_RaiseException
                0x0800157c                ___Unwind_Resume
                0x0800157c                _Unwind_Resume
                0x080015a0                _Unwind_Resume_or_Rethrow
                0x080015a0                ___Unwind_Resume_or_Rethrow
                0x080015c4                ___Unwind_ForcedUnwind
                0x080015c4                _Unwind_ForcedUnwind
                0x080015e8                _Unwind_Backtrace
                0x080015e8                ___Unwind_Backtrace
 .text          0x0800160c      0x3a0 /usr/lib/gcc/arm-none-eabi/13.2.1/thumb/v7e-m/nofp/libgcc.a(pr-support.o)
                0x08001664                __gnu_unwind_execute
                0x08001960                __gnu_unwind_frame
                0x0800198c                _Unwind_GetRegionStart
                0x08001998                _Unwind_GetLanguageSpecificData
 .text          0x080019ac        0x4 /usr/lib/gcc/arm-none-eabi/13.2.1/thumb/v7e-m/nofp/libgcc.a(_dvmd_tls.o)
                0x080019ac                __aeabi_ldiv0
                0x080019ac                __aeabi_idiv0
 .text          0x080019b0       0x34 /usr/lib/gcc/arm-none-eabi/13.2.1/../../../arm-none-eabi/lib/thumb/v7e-m/nofp/libc.a(libc_a-getenv.o)
                0x080019b0                _findenv
                0x080019c8                getenv
 .text          0x080019e4       0xa4 /usr/lib/gcc/arm-none-eabi/13.2.1/../../../arm-none-eabi/lib/thumb/v7e-m/nofp/libc.a(libc_a-memset.o)
                0x080019e4                memset
 .text          0x08001a88       0xb0 /usr/lib/gcc/arm-none-eabi/13.2.1/../../../arm-none-eabi/lib/thumb/v7e-m/nofp/libc.a(libc_a-sscanf.o)
                0x08001a88                sscanf
                0x08001ae0                _sscanf_r
 .text          0x08001b38       0xd0 /usr/lib/gcc/arm-none-eabi/13.2.1/../../../arm-none-eabi/lib/thumb/v7e-m/nofp/libc.a(libc_a-strchr.o)
                0x08001b38                strchr
 *fill*         0x08001c08       0x18 
 .text          0x08001c20      0x2e0 /usr/lib/gcc/arm-none-eabi/13.2.1/../../../arm-none-eabi/lib/thumb/v7e-m/nofp/libc.a(libc_a-strcmp.o)
                0x08001c20                strcmp
 .text          0x08001f00      0x168 /usr/lib/gcc/arm-none-eabi/13.2.1/../../../arm-none-eabi/lib/thumb/v7e-m/nofp/libc.a(libc_a-strtoul.o)
                0x08002034                _strtoul_r
                0x08002038                strtoul_l
                0x08002050                strtoul
 .text          0x08002068        0xc /usr/lib/gcc/arm-none-eabi/13.2.1/../../../arm-none-eabi/lib/thumb/v7e-m/nofp/libc.a(libc_a-errno.o)
                0x08002068                __errno
 .text          0x08002074       0x10 /usr/lib/gcc/arm-none-eabi/13.2.1/../../../arm-none-eabi/lib/thumb/v7e-m/nofp/libc.a(libc_a-abort.o)
                0x08002074                abort
 .text          0x08002084     0x10a4 /usr/lib/gcc/arm-none-eabi/13.2.1/../../../arm-none-eabi/lib/thumb/v7e-m/nofp/libc.a(libc_a-svfscanf.o)
                0x08002084                __ssvfscanf_r
 .text          0x08003128       0x5c /usr/lib/gcc/arm-none-eabi/13.2.1/../../../arm-none-eabi/lib/thumb/v7e-m/nofp/libc.a(libc_a-memcmp.o)
                0x08003128                memcmp
 .text          0x08003184      0x16c /usr/lib/gcc/arm-none-eabi/13.2.1/../../../arm-none-eabi/lib/thumb/v7e-m/nofp/libc.a(libc_a-strtol.o)
                0x080032bc                _strtol_r
                0x080032c0                strtol_l
                0x080032d8                strtol
 .text          0x080032f0       0x20 /usr/lib/gcc/arm-none-eabi/13.2.1/../../../arm-none-eabi/lib/thumb/v7e-m/nofp/libc.a(libc_a-malloc.o)
                0x080032f0                malloc
                0x08003300                free
 .text          0x08003310      0x134 /usr/lib/gcc/arm-none-eabi/13.2.1/../../../arm-none-eabi/lib/thumb/v7e-m/nofp/libc.a(libc_a-memcpy.o)
                0x08003310                memcpy
 .text          0x08003444       0x94 /usr/lib/gcc/arm-none-eabi/13.2.1/../../../arm-none-eabi/lib/thumb/v7e-m/nofp/libc.a(libc_a-stdio.o)
                0x08003444                __sread
                0x08003468                __seofread
                0x0800346c                __swrite
                0x080034ac                __sseek
                0x080034d0                __sclose
 .text          0x080034d8        0x8 /usr/lib/gcc/arm-none-eabi/13.2.1/../../../arm-none-eabi/lib/thumb/v7e-m/nofp/libc.a(libc_a-iswspace.o)
                0x080034d8                iswspace
 .text          0x080034e0       0x90 /usr/lib/gcc/arm-none-eabi/13.2.1/../../../arm-none-eabi/lib/thumb/v7e-m/nofp/libc.a(libc_a-mbrtowc.o)
                0x080034e0                _mbrtowc_r
                0x08003520                mbrtowc
 .text          0x08003570       0x50 /usr/lib/gcc/arm-none-eabi/13.2.1/../../../arm-none-eabi/lib/thumb/v7e-m/nofp/libc.a(libc_a-init.o)
                0x08003570                __libc_init_array
 .text          0x080035c0       0x90 /usr/lib/gcc/arm-none-eabi/13.2.1/../../../arm-none-eabi/lib/thumb/v7e-m/nofp/libc.a(libc_a-getenv_r.o)
                0x080035c0                _findenv_r
                0x08003640                _getenv_r
 .text          0x08003650       0x2c /usr/lib/gcc/arm-none-eabi/13.2.1/../../../arm-none-eabi/lib/thumb/v7e-m/nofp/libc.a(libc_a-writer.o)
                0x08003650                _write_r
 .text          0x0800367c      0x224 /usr/lib/gcc/arm-none-eabi/13.2.1/../../../arm-none-eabi/lib/thumb/v7e-m/nofp/libc.a(libc_a-findfp.o)
                0x080037ac                __sfp
                0x08003850                __sinit
                0x08003870                __sfp_lock_acquire
                0x08003874                __sfp_lock_release
                0x08003878                __fp_lock_all
                0x0800388c                __fp_unlock_all
 .text          0x080038a0       0x7c /usr/lib/gcc/arm-none-eabi/13.2.1/../../../arm-none-eabi/lib/thumb/v7e-m/nofp/libc.a(libc_a-puts.o)
                0x080038a0                _puts_r
                0x0800390c                puts
 .text          0x0800391c      0x2f8 /usr/lib/gcc/arm-none-eabi/13.2.1/../../../arm-none-eabi/lib/thumb/v7e-m/nofp/libc.a(libc_a-fvwrite.o)
                0x0800391c                __sfvwrite_r
 .text          0x08003c14        0xc /usr/lib/gcc/arm-none-eabi/13.2.1/../../../arm-none-eabi/lib/thumb/v7e-m/nofp/libc.a(libc_a-atexit.o)
                0x08003c14                atexit
 .text          0x08003c20       0x80 /usr/lib/gcc/arm-none-eabi/13.2.1/../../../arm-none-eabi/lib/thumb/v7e-m/nofp/libc.a(libc_a-sprintf.o)
                0x08003c20                _sprintf_r
                0x08003c5c                sprintf
 .text          0x08003ca0     0x109c /usr/lib/gcc/arm-none-eabi/13.2.1/../../../arm-none-eabi/lib/thumb/v7e-m/nofp/libc.a(libc_a-svfiscanf.o)
                0x08003ca0                _sungetc_r
                0x08003d1c                __ssrefill_r
                0x08003d54                _sfread_r
                0x08003df8                __ssvfiscanf_r
 .text          0x08004d3c      0x14c /usr/lib/gcc/arm-none-eabi/13.2.1/../../../arm-none-eabi/lib/thumb/v7e-m/nofp/libc.a(libc_a-ungetc.o)
                0x08004d3c                __submore
                0x08004db0                _ungetc_r
                0x08004e70                ungetc
 .text          0x08004e88       0x24 /usr/lib/gcc/arm-none-eabi/13.2.1/../../../arm-none-eabi/lib/thumb/v7e-m/nofp/libc.a(libc_a-closer.o)
                0x08004e88                _close_r
 .text          0x08004eac      0x280 /usr/lib/gcc/arm-none-eabi/13.2.1/../../../arm-none-eabi/lib/thumb/v7e-m/nofp/libc.a(libc_a-signal.o)
                0x08004eac                _init_signal_r
                0x08004edc                _signal_r
                0x08004f2c                _raise_r
                0x08004f80                __sigtramp_r
                0x08004fe4                raise
                0x0800503c                signal
                0x0800508c                _init_signal
                0x080050c4                __sigtramp
 .text          0x0800512c       0x28 /usr/lib/gcc/arm-none-eabi/13.2.1/../../../arm-none-eabi/lib/thumb/v7e-m/nofp/libc.a(libc_a-fini.o)
                0x0800512c                __libc_fini_array
 .text          0x08005154        0x8 /usr/lib/gcc/arm-none-eabi/13.2.1/../../../arm-none-eabi/lib/thumb/v7e-m/nofp/libc.a(libm_a-sf_nan.o)
                0x08005154                nanf
 .text          0x0800515c      0x1b0 /usr/lib/gcc/arm-none-eabi/13.2.1/../../../arm-none-eabi/lib/thumb/v7e-m/nofp/libc.a(libc_a-strtoll.o)
                0x080052d8                _strtoll_r
                0x080052dc                strtoll_l
                0x080052f4                strtoll
 *fill*         0x0800530c       0x34 
 .text          0x08005340       0xd8 /usr/lib/gcc/arm-none-eabi/13.2.1/../../../arm-none-eabi/lib/thumb/v7e-m/nofp/libc.a(libc_a-strlen.o)
                0x08005340                strlen
 .text          0x08005418        0x8 /usr/lib/gcc/arm-none-eabi/13.2.1/../../../arm-none-eabi/lib/thumb/v7e-m/nofp/libc.a(libc_a-envlock.o)
                0x08005418                __env_lock
                0x0800541c                __env_unlock
 .text          0x08005420       0x98 /usr/lib/gcc/arm-none-eabi/13.2.1/../../../arm-none-eabi/lib/thumb/v7e-m/nofp/libc.a(libc_a-sccl.o)
                0x08005420                __sccl
 .text          0x080054b8       0x44 /usr/lib/gcc/arm-none-eabi/13.2.1/../../../arm-none-eabi/lib/thumb/v7e-m/nofp/libc.a(libc_a-fwalk.o)
                0x080054b8                _fwalk_sglue
 .text          0x080054fc       0x14 /usr/lib/gcc/arm-none-eabi/13.2.1/../../../arm-none-eabi/lib/thumb/v7e-m/nofp/libc.a(libc_a-localeconv.o)
                0x080054fc                __localeconv_l
                0x08005500                _localeconv_r
                0x08005508                localeconv
 .text          0x08005510     0x1128 /usr/lib/gcc/arm-none-eabi/13.2.1/../../../arm-none-eabi/lib/thumb/v7e-m/nofp/libc.a(libc_a-strtod.o)
                0x08005510                _strtod_l
                0x08006494                _strtod_r
                0x080064a0                strtod_l
                0x080064b8                strtod
                0x080064d4                strtof_l
                0x08006578                strtof
 .text          0x08006638       0x8c /usr/lib/gcc/arm-none-eabi/13.2.1/../../../arm-none-eabi/lib/thumb/v7e-m/nofp/libc.a(libc_a-locale.o)
                0x08006638                _setlocale_r
                0x08006678                __locale_mb_cur_max
                0x08006684                setlocale
 *fill*         0x080066c4        0xc 
 .text          0x080066d0       0xa0 /usr/lib/gcc/arm-none-eabi/13.2.1/../../../arm-none-eabi/lib/thumb/v7e-m/nofp/libc.a(libc_a-memchr.o)
                0x080066d0                memchr
 .text          0x08006770     0x13c8 /usr/lib/gcc/arm-none-eabi/13.2.1/../../../arm-none-eabi/lib/thumb/v7e-m/nofp/libc.a(libc_a-svfprintf.o)
                0x08006770                _svfprintf_r
 .text          0x08007b38       0x30 /usr/lib/gcc/arm-none-eabi/13.2.1/../../../arm-none-eabi/lib/thumb/v7e-m/nofp/libc.a(libc_a-signalr.o)
                0x08007b38                _kill_r
                0x08007b64                _getpid_r
 .text          0x08007b68      0x62c /usr/lib/gcc/arm-none-eabi/13.2.1/../../../arm-none-eabi/lib/thumb/v7e-m/nofp/libc.a(libc_a-gdtoa-gethex.o)
                0x08007c0c                __gethex
 .text          0x08008194       0x40 /usr/lib/gcc/arm-none-eabi/13.2.1/../../../arm-none-eabi/lib/thumb/v7e-m/nofp/libc.a(libc_a-mbtowc_r.o)
                0x08008194                _mbtowc_r
                0x080081a8                __ascii_mbtowc
 .text          0x080081d4      0x19c /usr/lib/gcc/arm-none-eabi/13.2.1/../../../arm-none-eabi/lib/thumb/v7e-m/nofp/libc.a(libc_a-fflush.o)
                0x080081d4                __sflush_r
                0x080082fc                _fflush_r
                0x08008328                fflush
 .text          0x08008370       0x8c /usr/lib/gcc/arm-none-eabi/13.2.1/../../../arm-none-eabi/lib/thumb/v7e-m/nofp/libc.a(libc_a-strncmp.o)
                0x08008370                strncmp
 .text          0x080083fc      0x100 /usr/lib/gcc/arm-none-eabi/13.2.1/../../../arm-none-eabi/lib/thumb/v7e-m/nofp/libc.a(libc_a-memmove.o)
                0x080083fc                memmove
 .text          0x080084fc       0x14 /usr/lib/gcc/arm-none-eabi/13.2.1/../../../arm-none-eabi/lib/thumb/v7e-m/nofp/libc.a(libc_a-iswspace_l.o)
                0x080084fc                iswspace_l
 .text          0x08008510      0x1c8 /usr/lib/gcc/arm-none-eabi/13.2.1/../../../arm-none-eabi/lib/thumb/v7e-m/nofp/libc.a(libc_a-strtoull.o)
                0x080086a4                _strtoull_r
                0x080086a8                strtoull_l
                0x080086c0                strtoull
 .text          0x080086d8       0x2c /usr/lib/gcc/arm-none-eabi/13.2.1/../../../arm-none-eabi/lib/thumb/v7e-m/nofp/libc.a(libc_a-readr.o)
                0x080086d8                _read_r
 .text          0x08008704      0x55c /usr/lib/gcc/arm-none-eabi/13.2.1/../../../arm-none-eabi/lib/thumb/v7e-m/nofp/libc.a(libc_a-mallocr.o)
                0x08008704                _malloc_r
 .text          0x08008c60      0xfb0 /usr/lib/gcc/arm-none-eabi/13.2.1/../../../arm-none-eabi/lib/thumb/v7e-m/nofp/libc.a(libc_a-dtoa.o)
                0x08008d8c                _dtoa_r
 .text          0x08009c10       0xc4 /usr/lib/gcc/arm-none-eabi/13.2.1/../../../arm-none-eabi/lib/thumb/v7e-m/nofp/libc.a(libc_a-wsetup.o)
                0x08009c10                __swsetup_r
 .text          0x08009cd4      0x2b0 /usr/lib/gcc/arm-none-eabi/13.2.1/../../../arm-none-eabi/lib/thumb/v7e-m/nofp/libc.a(libc_a-freer.o)
                0x08009cd4                _malloc_trim_r
                0x08009d8c                _free_r
 .text          0x08009f84       0x90 /usr/lib/gcc/arm-none-eabi/13.2.1/../../../arm-none-eabi/lib/thumb/v7e-m/nofp/libc.a(libc_a-fclose.o)
                0x08009f84                _fclose_r
                0x0800a004                fclose
 .text          0x0800a014       0x30 /usr/lib/gcc/arm-none-eabi/13.2.1/../../../arm-none-eabi/lib/thumb/v7e-m/nofp/libc.a(libc_a-wctomb_r.o)
                0x0800a014                _wctomb_r
                0x0800a028                __ascii_wctomb
 .text          0x0800a044       0x2c /usr/lib/gcc/arm-none-eabi/13.2.1/../../../arm-none-eabi/lib/thumb/v7e-m/nofp/libc.a(libc_a-lseekr.o)
                0x0800a044                _lseek_r
 .text          0x0800a070       0x1c /usr/lib/gcc/arm-none-eabi/13.2.1/../../../arm-none-eabi/lib/thumb/v7e-m/nofp/libc.a(libc_a-sysconf.o)
                0x0800a070                sysconf
 .text          0x0800a08c       0x64 /usr/lib/gcc/arm-none-eabi/13.2.1/../../../arm-none-eabi/lib/thumb/v7e-m/nofp/libc.a(libc_a-__atexit.o)
                0x0800a08c                __register_exitproc
 .text          0x0800a0f0      0x344 /usr/lib/gcc/arm-none-eabi/13.2.1/../../../arm-none-eabi/lib/thumb/v7e-m/nofp/libc.a(libc_a-reallocr.o)
                0x0800a0f0                _realloc_r
 .text          0x0800a434        0x8 /usr/lib/gcc/arm-none-eabi/13.2.1/../../../arm-none-eabi/lib/thumb/v7e-m/nofp/libc.a(libc_a-mlock.o)
                0x0800a434                __malloc_lock
                0x0800a438                __malloc_unlock
 .text          0x0800a43c       0x58 /usr/lib/gcc/arm-none-eabi/13.2.1/../../../arm-none-eabi/lib/thumb/v7e-m/nofp/libc.a(libc_a-ssprint_r.o)
                0x0800a43c                __ssprint_r
 .text          0x0800a494       0x24 /usr/lib/gcc/arm-none-eabi/13.2.1/../../../arm-none-eabi/lib/thumb/v7e-m/nofp/libc.a(libc_a-sbrkr.o)
                0x0800a494                _sbrk_r
 .text          0x0800a4b8      0x200 /usr/lib/gcc/arm-none-eabi/13.2.1/../../../arm-none-eabi/lib/thumb/v7e-m/nofp/libc.a(libc_a-gdtoa-hexnan.o)
                0x0800a4b8                __match
                0x0800a4ec                __hexnan
 .text          0x0800a6b8        0xc /usr/lib/gcc/arm-none-eabi/13.2.1/../../../arm-none-eabi/lib/thumb/v7e-m/nofp/libc.a(libm_a-s_nan.o)
                0x0800a6b8                nan
 .text          0x0800a6c4       0x4c /usr/lib/gcc/arm-none-eabi/13.2.1/../../../arm-none-eabi/lib/thumb/v7e-m/nofp/libc.a(libc_a-assert.o)
                0x0800a6c4                __assert_func
                0x0800a704                __assert
 .text          0x0800a710      0xa8c /usr/lib/gcc/arm-none-eabi/13.2.1/../../../arm-none-eabi/lib/thumb/v7e-m/nofp/libc.a(libc_a-mprec.o)
                0x0800a710                _Balloc
                0x0800a75c                _Bfree
                0x0800a770                __multadd
                0x0800a810                __s2b
                0x0800a8c4                __hi0bits
                0x0800a908                __lo0bits
                0x0800a968                __i2b
                0x0800a9c4                __multiply
                0x0800ab30                __pow5mult
                0x0800abe4                __lshift
                0x0800acd4                __mcmp
                0x0800ad14                __mdiff
                0x0800ae8c                __ulp
                0x0800aed8                __b2d
                0x0800af98                __d2b
                0x0800b054                __ratio
                0x0800b0b0                _mprec_log10
                0x0800b0e8                __copybits
                0x0800b144                __any_on
 .text          0x0800b19c      0x13c /usr/lib/gcc/arm-none-eabi/13.2.1/../../../arm-none-eabi/lib/thumb/v7e-m/nofp/libc.a(libc_a-makebuf.o)
                0x0800b19c                __smakebuf_r
                0x0800b278                __swhatbuf_r
 .text          0x0800b2d8       0x6c /usr/lib/gcc/arm-none-eabi/13.2.1/../../../arm-none-eabi/lib/thumb/v7e-m/nofp/libc.a(libc_a-callocr.o)
                0x0800b2d8                _calloc_r
 .text          0x0800b344       0xc0 /usr/lib/gcc/arm-none-eabi/13.2.1/../../../arm-none-eabi/lib/thumb/v7e-m/nofp/libc.a(libc_a-ssputs_r.o)
                0x0800b344                __ssputs_r
 .text          0x0800b404       0x44 /usr/lib/gcc/arm-none-eabi/13.2.1/../../../arm-none-eabi/lib/thumb/v7e-m/nofp/libc.a(libc_a-fiprintf.o)
                0x0800b404                _fiprintf_r
                0x0800b420                fiprintf
 .text          0x0800b448       0x2c /usr/lib/gcc/arm-none-eabi/13.2.1/../../../arm-none-eabi/lib/thumb/v7e-m/nofp/libc.a(libc_a-fstatr.o)
                0x0800b448                _fstat_r
 .text          0x0800b474       0x24 /usr/lib/gcc/arm-none-eabi/13.2.1/../../../arm-none-eabi/lib/thumb/v7e-m/nofp/libc.a(libc_a-isattyr.o)
                0x0800b474                _isatty_r
 .text          0x0800b498      0xb40 /usr/lib/gcc/arm-none-eabi/13.2.1/../../../arm-none-eabi/lib/thumb/v7e-m/nofp/libc.a(libc_a-vfiprintf.o)
                0x0800b498                _vfiprintf_r
                0x0800bf54                vfiprintf
 .text          0x0800bfd8       0x20 /usr/lib/gcc/arm-none-eabi/13.2.1/../../../arm-none-eabi/lib/thumb/v7e-m/nofp/libc.a(libc_a-sprint_r.o)
                0x0800bfd8                __sprint_r
 .text          0x0800bff8      0x424 /usr/lib/gcc/arm-none-eabi/13.2.1/thumb/v7e-m/nofp/libgcc.a(_arm_muldivdf3.o)
                0x0800bff8                __aeabi_dmul
                0x0800bff8                __muldf3
                0x0800c24c                __aeabi_ddiv
                0x0800c24c                __divdf3
 .text          0x0800c41c       0x2c /usr/lib/gcc/arm-none-eabi/13.2.1/thumb/v7e-m/nofp/libgcc.a(_arm_unorddf2.o)
                0x0800c41c                __aeabi_dcmpun
                0x0800c41c                __unorddf2
 .text          0x0800c448       0x40 /usr/lib/gcc/arm-none-eabi/13.2.1/thumb/v7e-m/nofp/libgcc.a(_arm_fixunsdfsi.o)
                0x0800c448                __fixunsdfsi
                0x0800c448                __aeabi_d2uiz
 .text          0x0800c488       0xa0 /usr/lib/gcc/arm-none-eabi/13.2.1/thumb/v7e-m/nofp/libgcc.a(_arm_truncdfsf2.o)
                0x0800c488                __aeabi_d2f
                0x0800c488                __truncdfsf2
 .text          0x0800c528       0xec /usr/lib/gcc/arm-none-eabi/13.2.1/thumb/v7e-m/nofp/libgcc.a(_arm_cmpsf2.o)
                0x0800c528                __gtsf2
                0x0800c528                __gesf2
                0x0800c530                __lesf2
                0x0800c530                __ltsf2
                0x0800c538                __nesf2
                0x0800c538                __eqsf2
                0x0800c538                __cmpsf2
                0x0800c598                __aeabi_cfrcmple
                0x0800c5a0                __aeabi_cfcmple
                0x0800c5a0                __aeabi_cfcmpeq
                0x0800c5b0                __aeabi_fcmpeq
                0x0800c5c4                __aeabi_fcmplt
                0x0800c5d8                __aeabi_fcmple
                0x0800c5ec                __aeabi_fcmpge
                0x0800c600                __aeabi_fcmpgt
 .text          0x0800c614       0x2c /usr/lib/gcc/arm-none-eabi/13.2.1/thumb/v7e-m/nofp/libgcc.a(_arm_unordsf2.o)
                0x0800c614                __aeabi_fcmpun
                0x0800c614                __unordsf2
 .text          0x0800c640       0x30 /usr/lib/gcc/arm-none-eabi/13.2.1/thumb/v7e-m/nofp/libgcc.a(_fixdfdi.o)
                0x0800c640                __aeabi_d2lz
                0x0800c640                __fixdfdi
 .text          0x0800c670       0x3c /usr/lib/gcc/arm-none-eabi/13.2.1/thumb/v7e-m/nofp/libgcc.a(_fixunsdfdi.o)
                0x0800c670                __aeabi_d2ulz
                0x0800c670                __fixunsdfdi
 *(.text*)
 *fill*         0x0800c6ac        0x4 
 .text.velocity_PID
                0x0800c6b0      0x120 CMakeFiles/OSTC_f4_4.elf.dir/Core/Src/PID.cpp.obj
                0x0800c6b0                velocity_PID
 .text.velocity_control
                0x0800c7d0       0x64 CMakeFiles/OSTC_f4_4.elf.dir/Core/Src/PID.cpp.obj
                0x0800c7d0                velocity_control
 .text.setup    0x0800c834       0x18 CMakeFiles/OSTC_f4_4.elf.dir/Core/Src/Setup_and_Loop.cpp.obj
                0x0800c834                setup
 .text.loop     0x0800c84c      0x10c CMakeFiles/OSTC_f4_4.elf.dir/Core/Src/Setup_and_Loop.cpp.obj
                0x0800c84c                loop
 .text.Robot2Wheel
                0x0800c958       0xe0 CMakeFiles/OSTC_f4_4.elf.dir/Core/Src/condition.cpp.obj
                0x0800c958                Robot2Wheel
 .text.Wheel2Robot
                0x0800ca38       0xc0 CMakeFiles/OSTC_f4_4.elf.dir/Core/Src/condition.cpp.obj
                0x0800ca38                Wheel2Robot
 .text.Servo2PLus
                0x0800caf8       0x38 CMakeFiles/OSTC_f4_4.elf.dir/Core/Src/condition.cpp.obj
                0x0800caf8                Servo2PLus
 .text.GetLocation
                0x0800cb30       0x64 CMakeFiles/OSTC_f4_4.elf.dir/Core/Src/condition.cpp.obj
                0x0800cb30                GetLocation
 .text.MX_DMA_Init
                0x0800cb94       0x34 CMakeFiles/OSTC_f4_4.elf.dir/Core/Src/dma.c.obj
                0x0800cb94                MX_DMA_Init
 .text.encoder_init
                0x0800cbc8       0x50 CMakeFiles/OSTC_f4_4.elf.dir/Core/Src/encoder.cpp.obj
                0x0800cbc8                encoder_init
 .text.Encoder2Wheel
                0x0800cc18       0xa8 CMakeFiles/OSTC_f4_4.elf.dir/Core/Src/encoder.cpp.obj
                0x0800cc18                Encoder2Wheel
 .text.MX_GPIO_Init
                0x0800ccc0       0x74 CMakeFiles/OSTC_f4_4.elf.dir/Core/Src/gpio.c.obj
                0x0800ccc0                MX_GPIO_Init
 .text.jetson_init
                0x0800cd34       0x38 CMakeFiles/OSTC_f4_4.elf.dir/Core/Src/jetson.cpp.obj
                0x0800cd34                jetson_init
 .text.Jetson2Servo
                0x0800cd6c       0x48 CMakeFiles/OSTC_f4_4.elf.dir/Core/Src/jetson.cpp.obj
                0x0800cd6c                Jetson2Servo
 .text.SystemClock_Config
                0x0800cdb4       0xa4 CMakeFiles/OSTC_f4_4.elf.dir/Core/Src/main.c.obj
                0x0800cdb4                SystemClock_Config
 .text.startup.main
                0x0800ce58       0x48 CMakeFiles/OSTC_f4_4.elf.dir/Core/Src/main.c.obj
                0x0800ce58                main
 .text.Error_Handler
                0x0800cea0        0x4 CMakeFiles/OSTC_f4_4.elf.dir/Core/Src/main.c.obj
                0x0800cea0                Error_Handler
 .text.motors_init
                0x0800cea4       0x78 CMakeFiles/OSTC_f4_4.elf.dir/Core/Src/motor.cpp.obj
                0x0800cea4                motors_init
 .text.motors_control
                0x0800cf1c      0x11c CMakeFiles/OSTC_f4_4.elf.dir/Core/Src/motor.cpp.obj
                0x0800cf1c                motors_control
 .text.servo_init
                0x0800d038       0x24 CMakeFiles/OSTC_f4_4.elf.dir/Core/Src/servo.cpp.obj
                0x0800d038                servo_init
 .text.servos_control
                0x0800d05c       0x1c CMakeFiles/OSTC_f4_4.elf.dir/Core/Src/servo.cpp.obj
                0x0800d05c                servos_control
 .text.HAL_MspInit
                0x0800d078       0x38 CMakeFiles/OSTC_f4_4.elf.dir/Core/Src/stm32f4xx_hal_msp.c.obj
                0x0800d078                HAL_MspInit
 .text.NMI_Handler
                0x0800d0b0        0x4 CMakeFiles/OSTC_f4_4.elf.dir/Core/Src/stm32f4xx_it.c.obj
                0x0800d0b0                NMI_Handler
 .text.HardFault_Handler
                0x0800d0b4        0x4 CMakeFiles/OSTC_f4_4.elf.dir/Core/Src/stm32f4xx_it.c.obj
                0x0800d0b4                HardFault_Handler
 .text.MemManage_Handler
                0x0800d0b8        0x4 CMakeFiles/OSTC_f4_4.elf.dir/Core/Src/stm32f4xx_it.c.obj
                0x0800d0b8                MemManage_Handler
 .text.BusFault_Handler
                0x0800d0bc        0x4 CMakeFiles/OSTC_f4_4.elf.dir/Core/Src/stm32f4xx_it.c.obj
                0x0800d0bc                BusFault_Handler
 .text.UsageFault_Handler
                0x0800d0c0        0x4 CMakeFiles/OSTC_f4_4.elf.dir/Core/Src/stm32f4xx_it.c.obj
                0x0800d0c0                UsageFault_Handler
 .text.SVC_Handler
                0x0800d0c4        0x4 CMakeFiles/OSTC_f4_4.elf.dir/Core/Src/stm32f4xx_it.c.obj
                0x0800d0c4                SVC_Handler
 .text.DebugMon_Handler
                0x0800d0c8        0x4 CMakeFiles/OSTC_f4_4.elf.dir/Core/Src/stm32f4xx_it.c.obj
                0x0800d0c8                DebugMon_Handler
 .text.PendSV_Handler
                0x0800d0cc        0x4 CMakeFiles/OSTC_f4_4.elf.dir/Core/Src/stm32f4xx_it.c.obj
                0x0800d0cc                PendSV_Handler
 .text.SysTick_Handler
                0x0800d0d0        0x4 CMakeFiles/OSTC_f4_4.elf.dir/Core/Src/stm32f4xx_it.c.obj
                0x0800d0d0                SysTick_Handler
 .text.TIM7_IRQHandler
                0x0800d0d4       0x18 CMakeFiles/OSTC_f4_4.elf.dir/Core/Src/stm32f4xx_it.c.obj
                0x0800d0d4                TIM7_IRQHandler
 .text.DMA2_Stream2_IRQHandler
                0x0800d0ec       0x18 CMakeFiles/OSTC_f4_4.elf.dir/Core/Src/stm32f4xx_it.c.obj
                0x0800d0ec                DMA2_Stream2_IRQHandler
 .text._getpid  0x0800d104        0x4 CMakeFiles/OSTC_f4_4.elf.dir/Core/Src/syscalls.c.obj
                0x0800d104                _getpid
 .text._kill    0x0800d108       0x10 CMakeFiles/OSTC_f4_4.elf.dir/Core/Src/syscalls.c.obj
                0x0800d108                _kill
 .text._exit    0x0800d118        0xc CMakeFiles/OSTC_f4_4.elf.dir/Core/Src/syscalls.c.obj
                0x0800d118                _exit
 .text._read    0x0800d124       0x1c CMakeFiles/OSTC_f4_4.elf.dir/Core/Src/syscalls.c.obj
                0x0800d124                _read
 .text._write   0x0800d140       0x1c CMakeFiles/OSTC_f4_4.elf.dir/Core/Src/syscalls.c.obj
                0x0800d140                _write
 .text._close   0x0800d15c        0x8 CMakeFiles/OSTC_f4_4.elf.dir/Core/Src/syscalls.c.obj
                0x0800d15c                _close
 .text._fstat   0x0800d164        0xc CMakeFiles/OSTC_f4_4.elf.dir/Core/Src/syscalls.c.obj
                0x0800d164                _fstat
 .text._isatty  0x0800d170        0x4 CMakeFiles/OSTC_f4_4.elf.dir/Core/Src/syscalls.c.obj
                0x0800d170                _isatty
 .text._lseek   0x0800d174        0x4 CMakeFiles/OSTC_f4_4.elf.dir/Core/Src/syscalls.c.obj
                0x0800d174                _lseek
 .text._sbrk    0x0800d178       0x44 CMakeFiles/OSTC_f4_4.elf.dir/Core/Src/sysmem.c.obj
                0x0800d178                _sbrk
 .text.SystemInit
                0x0800d1bc        0x4 CMakeFiles/OSTC_f4_4.elf.dir/Core/Src/system_stm32f4xx.c.obj
                0x0800d1bc                SystemInit
 .text.MX_TIM2_Init
                0x0800d1c0       0x64 CMakeFiles/OSTC_f4_4.elf.dir/Core/Src/tim.c.obj
                0x0800d1c0                MX_TIM2_Init
 .text.MX_TIM3_Init
                0x0800d224       0x68 CMakeFiles/OSTC_f4_4.elf.dir/Core/Src/tim.c.obj
                0x0800d224                MX_TIM3_Init
 .text.MX_TIM4_Init
                0x0800d28c       0x68 CMakeFiles/OSTC_f4_4.elf.dir/Core/Src/tim.c.obj
                0x0800d28c                MX_TIM4_Init
 .text.MX_TIM5_Init
                0x0800d2f4       0x68 CMakeFiles/OSTC_f4_4.elf.dir/Core/Src/tim.c.obj
                0x0800d2f4                MX_TIM5_Init
 .text.MX_TIM7_Init
                0x0800d35c       0x54 CMakeFiles/OSTC_f4_4.elf.dir/Core/Src/tim.c.obj
                0x0800d35c                MX_TIM7_Init
 .text.MX_TIM10_Init
                0x0800d3b0      0x1a4 CMakeFiles/OSTC_f4_4.elf.dir/Core/Src/tim.c.obj
                0x0800d3b0                MX_TIM10_Init
 .text.MX_TIM11_Init
                0x0800d554      0x1a4 CMakeFiles/OSTC_f4_4.elf.dir/Core/Src/tim.c.obj
                0x0800d554                MX_TIM11_Init
 .text.HAL_TIM_Base_MspInit
                0x0800d6f8      0x100 CMakeFiles/OSTC_f4_4.elf.dir/Core/Src/tim.c.obj
                0x0800d6f8                HAL_TIM_Base_MspInit
 .text.HAL_TIM_Encoder_MspInit
                0x0800d7f8      0x17c CMakeFiles/OSTC_f4_4.elf.dir/Core/Src/tim.c.obj
                0x0800d7f8                HAL_TIM_Encoder_MspInit
 .text.HAL_TIM_MspPostInit
                0x0800d974      0x144 CMakeFiles/OSTC_f4_4.elf.dir/Core/Src/tim.c.obj
                0x0800d974                HAL_TIM_MspPostInit
 .text.MX_TIM1_Init
                0x0800dab8      0x130 CMakeFiles/OSTC_f4_4.elf.dir/Core/Src/tim.c.obj
                0x0800dab8                MX_TIM1_Init
 .text.MX_TIM8_Init
                0x0800dbe8      0x10c CMakeFiles/OSTC_f4_4.elf.dir/Core/Src/tim.c.obj
                0x0800dbe8                MX_TIM8_Init
 .text.MX_TIM9_Init
                0x0800dcf4       0xac CMakeFiles/OSTC_f4_4.elf.dir/Core/Src/tim.c.obj
                0x0800dcf4                MX_TIM9_Init
 .text.MX_USART1_UART_Init
                0x0800dda0       0x38 CMakeFiles/OSTC_f4_4.elf.dir/Core/Src/usart.c.obj
                0x0800dda0                MX_USART1_UART_Init
 .text.HAL_UART_MspInit
                0x0800ddd8       0xb0 CMakeFiles/OSTC_f4_4.elf.dir/Core/Src/usart.c.obj
                0x0800ddd8                HAL_UART_MspInit
 .text.Reset_Handler
                0x0800de88       0x50 CMakeFiles/OSTC_f4_4.elf.dir/Core/Startup/startup_stm32f407vetx.s.obj
                0x0800de88                Reset_Handler
 .text.Default_Handler
                0x0800ded8        0x2 CMakeFiles/OSTC_f4_4.elf.dir/Core/Startup/startup_stm32f407vetx.s.obj
                0x0800ded8                RTC_Alarm_IRQHandler
                0x0800ded8                HASH_RNG_IRQHandler
                0x0800ded8                EXTI2_IRQHandler
                0x0800ded8                TIM8_CC_IRQHandler
                0x0800ded8                TIM1_CC_IRQHandler
                0x0800ded8                DMA2_Stream5_IRQHandler
                0x0800ded8                DMA1_Stream5_IRQHandler
                0x0800ded8                PVD_IRQHandler
                0x0800ded8                SDIO_IRQHandler
                0x0800ded8                TAMP_STAMP_IRQHandler
                0x0800ded8                CAN2_RX1_IRQHandler
                0x0800ded8                EXTI3_IRQHandler
                0x0800ded8                TIM8_TRG_COM_TIM14_IRQHandler
                0x0800ded8                TIM1_UP_TIM10_IRQHandler
                0x0800ded8                TIM8_UP_TIM13_IRQHandler
                0x0800ded8                I2C3_ER_IRQHandler
                0x0800ded8                EXTI0_IRQHandler
                0x0800ded8                I2C2_EV_IRQHandler
                0x0800ded8                DMA1_Stream2_IRQHandler
                0x0800ded8                CAN1_RX0_IRQHandler
                0x0800ded8                FPU_IRQHandler
                0x0800ded8                OTG_HS_WKUP_IRQHandler
                0x0800ded8                CAN2_SCE_IRQHandler
                0x0800ded8                SPI1_IRQHandler
                0x0800ded8                TIM6_DAC_IRQHandler
                0x0800ded8                TIM1_BRK_TIM9_IRQHandler
                0x0800ded8                DCMI_IRQHandler
                0x0800ded8                CAN2_RX0_IRQHandler
                0x0800ded8                DMA2_Stream3_IRQHandler
                0x0800ded8                USART6_IRQHandler
                0x0800ded8                USART3_IRQHandler
                0x0800ded8                CAN1_RX1_IRQHandler
                0x0800ded8                UART5_IRQHandler
                0x0800ded8                DMA2_Stream0_IRQHandler
                0x0800ded8                TIM4_IRQHandler
                0x0800ded8                I2C1_EV_IRQHandler
                0x0800ded8                DMA1_Stream6_IRQHandler
                0x0800ded8                DMA1_Stream1_IRQHandler
                0x0800ded8                UART4_IRQHandler
                0x0800ded8                TIM3_IRQHandler
                0x0800ded8                RCC_IRQHandler
                0x0800ded8                TIM8_BRK_TIM12_IRQHandler
                0x0800ded8                Default_Handler
                0x0800ded8                EXTI15_10_IRQHandler
                0x0800ded8                ADC_IRQHandler
                0x0800ded8                DMA1_Stream7_IRQHandler
                0x0800ded8                CAN2_TX_IRQHandler
                0x0800ded8                TIM5_IRQHandler
                0x0800ded8                DMA2_Stream7_IRQHandler
                0x0800ded8                I2C3_EV_IRQHandler
                0x0800ded8                EXTI9_5_IRQHandler
                0x0800ded8                RTC_WKUP_IRQHandler
                0x0800ded8                ETH_WKUP_IRQHandler
                0x0800ded8                SPI2_IRQHandler
                0x0800ded8                OTG_HS_EP1_IN_IRQHandler
                0x0800ded8                DMA1_Stream0_IRQHandler
                0x0800ded8                CAN1_TX_IRQHandler
                0x0800ded8                EXTI4_IRQHandler
                0x0800ded8                FSMC_IRQHandler
                0x0800ded8                ETH_IRQHandler
                0x0800ded8                OTG_HS_EP1_OUT_IRQHandler
                0x0800ded8                WWDG_IRQHandler
                0x0800ded8                TIM2_IRQHandler
                0x0800ded8                OTG_FS_WKUP_IRQHandler
                0x0800ded8                TIM1_TRG_COM_TIM11_IRQHandler
                0x0800ded8                OTG_HS_IRQHandler
                0x0800ded8                EXTI1_IRQHandler
                0x0800ded8                USART2_IRQHandler
                0x0800ded8                I2C2_ER_IRQHandler
                0x0800ded8                DMA2_Stream1_IRQHandler
                0x0800ded8                CAN1_SCE_IRQHandler
                0x0800ded8                FLASH_IRQHandler
                0x0800ded8                DMA2_Stream4_IRQHandler
                0x0800ded8                USART1_IRQHandler
                0x0800ded8                OTG_FS_IRQHandler
                0x0800ded8                SPI3_IRQHandler
                0x0800ded8                DMA1_Stream4_IRQHandler
                0x0800ded8                I2C1_ER_IRQHandler
                0x0800ded8                DMA2_Stream6_IRQHandler
                0x0800ded8                DMA1_Stream3_IRQHandler
 *fill*         0x0800deda        0x2 
 .text.HAL_InitTick
                0x0800dedc       0x48 CMakeFiles/OSTC_f4_4.elf.dir/Drivers/STM32F4xx_HAL_Driver/Src/stm32f4xx_hal.c.obj
                0x0800dedc                HAL_InitTick
 .text.HAL_Init
                0x0800df24       0x34 CMakeFiles/OSTC_f4_4.elf.dir/Drivers/STM32F4xx_HAL_Driver/Src/stm32f4xx_hal.c.obj
                0x0800df24                HAL_Init
 .text.HAL_IncTick
                0x0800df58       0x18 CMakeFiles/OSTC_f4_4.elf.dir/Drivers/STM32F4xx_HAL_Driver/Src/stm32f4xx_hal.c.obj
                0x0800df58                HAL_IncTick
 .text.HAL_GetTick
                0x0800df70        0xc CMakeFiles/OSTC_f4_4.elf.dir/Drivers/STM32F4xx_HAL_Driver/Src/stm32f4xx_hal.c.obj
                0x0800df70                HAL_GetTick
 .text.HAL_NVIC_SetPriorityGrouping
                0x0800df7c       0x24 CMakeFiles/OSTC_f4_4.elf.dir/Drivers/STM32F4xx_HAL_Driver/Src/stm32f4xx_hal_cortex.c.obj
                0x0800df7c                HAL_NVIC_SetPriorityGrouping
 .text.HAL_NVIC_SetPriority
                0x0800dfa0       0x78 CMakeFiles/OSTC_f4_4.elf.dir/Drivers/STM32F4xx_HAL_Driver/Src/stm32f4xx_hal_cortex.c.obj
                0x0800dfa0                HAL_NVIC_SetPriority
 .text.HAL_NVIC_EnableIRQ
                0x0800e018       0x1c CMakeFiles/OSTC_f4_4.elf.dir/Drivers/STM32F4xx_HAL_Driver/Src/stm32f4xx_hal_cortex.c.obj
                0x0800e018                HAL_NVIC_EnableIRQ
 .text.HAL_SYSTICK_Config
                0x0800e034       0x30 CMakeFiles/OSTC_f4_4.elf.dir/Drivers/STM32F4xx_HAL_Driver/Src/stm32f4xx_hal_cortex.c.obj
                0x0800e034                HAL_SYSTICK_Config
 .text.HAL_DMA_Init
                0x0800e064      0x128 CMakeFiles/OSTC_f4_4.elf.dir/Drivers/STM32F4xx_HAL_Driver/Src/stm32f4xx_hal_dma.c.obj
                0x0800e064                HAL_DMA_Init
 .text.HAL_DMA_Start_IT
                0x0800e18c       0x78 CMakeFiles/OSTC_f4_4.elf.dir/Drivers/STM32F4xx_HAL_Driver/Src/stm32f4xx_hal_dma.c.obj
                0x0800e18c                HAL_DMA_Start_IT
 .text.HAL_DMA_IRQHandler
                0x0800e204      0x1ac CMakeFiles/OSTC_f4_4.elf.dir/Drivers/STM32F4xx_HAL_Driver/Src/stm32f4xx_hal_dma.c.obj
                0x0800e204                HAL_DMA_IRQHandler
 .text.HAL_GPIO_Init
                0x0800e3b0      0x3fc CMakeFiles/OSTC_f4_4.elf.dir/Drivers/STM32F4xx_HAL_Driver/Src/stm32f4xx_hal_gpio.c.obj
                0x0800e3b0                HAL_GPIO_Init
 .text.HAL_RCC_OscConfig
                0x0800e7ac      0x3c4 CMakeFiles/OSTC_f4_4.elf.dir/Drivers/STM32F4xx_HAL_Driver/Src/stm32f4xx_hal_rcc.c.obj
                0x0800e7ac                HAL_RCC_OscConfig
 .text.HAL_RCC_GetSysClockFreq
                0x0800eb70       0x68 CMakeFiles/OSTC_f4_4.elf.dir/Drivers/STM32F4xx_HAL_Driver/Src/stm32f4xx_hal_rcc.c.obj
                0x0800eb70                HAL_RCC_GetSysClockFreq
 .text.HAL_RCC_ClockConfig
                0x0800ebd8      0x13c CMakeFiles/OSTC_f4_4.elf.dir/Drivers/STM32F4xx_HAL_Driver/Src/stm32f4xx_hal_rcc.c.obj
                0x0800ebd8                HAL_RCC_ClockConfig
 .text.HAL_RCC_GetPCLK1Freq
                0x0800ed14       0x20 CMakeFiles/OSTC_f4_4.elf.dir/Drivers/STM32F4xx_HAL_Driver/Src/stm32f4xx_hal_rcc.c.obj
                0x0800ed14                HAL_RCC_GetPCLK1Freq
 .text.HAL_RCC_GetPCLK2Freq
                0x0800ed34       0x20 CMakeFiles/OSTC_f4_4.elf.dir/Drivers/STM32F4xx_HAL_Driver/Src/stm32f4xx_hal_rcc.c.obj
                0x0800ed34                HAL_RCC_GetPCLK2Freq
 .text.HAL_TIM_Base_Init
                0x0800ed54      0x130 CMakeFiles/OSTC_f4_4.elf.dir/Drivers/STM32F4xx_HAL_Driver/Src/stm32f4xx_hal_tim.c.obj
                0x0800ed54                HAL_TIM_Base_Init
 .text.HAL_TIM_PWM_MspInit
                0x0800ee84        0x4 CMakeFiles/OSTC_f4_4.elf.dir/Drivers/STM32F4xx_HAL_Driver/Src/stm32f4xx_hal_tim.c.obj
                0x0800ee84                HAL_TIM_PWM_MspInit
 .text.HAL_TIM_PWM_Init
                0x0800ee88      0x130 CMakeFiles/OSTC_f4_4.elf.dir/Drivers/STM32F4xx_HAL_Driver/Src/stm32f4xx_hal_tim.c.obj
                0x0800ee88                HAL_TIM_PWM_Init
 .text.HAL_TIM_PWM_Start
                0x0800efb8       0xd0 CMakeFiles/OSTC_f4_4.elf.dir/Drivers/STM32F4xx_HAL_Driver/Src/stm32f4xx_hal_tim.c.obj
                0x0800efb8                HAL_TIM_PWM_Start
 .text.HAL_TIM_Encoder_Init
                0x0800f088      0x184 CMakeFiles/OSTC_f4_4.elf.dir/Drivers/STM32F4xx_HAL_Driver/Src/stm32f4xx_hal_tim.c.obj
                0x0800f088                HAL_TIM_Encoder_Init
 .text.HAL_TIM_Encoder_Start
                0x0800f20c       0xc4 CMakeFiles/OSTC_f4_4.elf.dir/Drivers/STM32F4xx_HAL_Driver/Src/stm32f4xx_hal_tim.c.obj
                0x0800f20c                HAL_TIM_Encoder_Start
 .text.HAL_TIM_PWM_ConfigChannel
                0x0800f2d0      0x20c CMakeFiles/OSTC_f4_4.elf.dir/Drivers/STM32F4xx_HAL_Driver/Src/stm32f4xx_hal_tim.c.obj
                0x0800f2d0                HAL_TIM_PWM_ConfigChannel
 .text.HAL_TIM_ConfigClockSource
                0x0800f4dc      0x154 CMakeFiles/OSTC_f4_4.elf.dir/Drivers/STM32F4xx_HAL_Driver/Src/stm32f4xx_hal_tim.c.obj
                0x0800f4dc                HAL_TIM_ConfigClockSource
 .text.HAL_TIM_PeriodElapsedCallback
                0x0800f630        0x4 CMakeFiles/OSTC_f4_4.elf.dir/Drivers/STM32F4xx_HAL_Driver/Src/stm32f4xx_hal_tim.c.obj
                0x0800f630                HAL_TIM_PeriodElapsedCallback
 .text.HAL_TIM_OC_DelayElapsedCallback
                0x0800f634        0x4 CMakeFiles/OSTC_f4_4.elf.dir/Drivers/STM32F4xx_HAL_Driver/Src/stm32f4xx_hal_tim.c.obj
                0x0800f634                HAL_TIM_OC_DelayElapsedCallback
 .text.HAL_TIM_IC_CaptureCallback
                0x0800f638        0x4 CMakeFiles/OSTC_f4_4.elf.dir/Drivers/STM32F4xx_HAL_Driver/Src/stm32f4xx_hal_tim.c.obj
                0x0800f638                HAL_TIM_IC_CaptureCallback
 .text.HAL_TIM_PWM_PulseFinishedCallback
                0x0800f63c        0x4 CMakeFiles/OSTC_f4_4.elf.dir/Drivers/STM32F4xx_HAL_Driver/Src/stm32f4xx_hal_tim.c.obj
                0x0800f63c                HAL_TIM_PWM_PulseFinishedCallback
 .text.HAL_TIM_TriggerCallback
                0x0800f640        0x4 CMakeFiles/OSTC_f4_4.elf.dir/Drivers/STM32F4xx_HAL_Driver/Src/stm32f4xx_hal_tim.c.obj
                0x0800f640                HAL_TIM_TriggerCallback
 .text.HAL_TIM_IRQHandler
                0x0800f644      0x138 CMakeFiles/OSTC_f4_4.elf.dir/Drivers/STM32F4xx_HAL_Driver/Src/stm32f4xx_hal_tim.c.obj
                0x0800f644                HAL_TIM_IRQHandler
 .text.HAL_TIMEx_MasterConfigSynchronization
                0x0800f77c       0x80 CMakeFiles/OSTC_f4_4.elf.dir/Drivers/STM32F4xx_HAL_Driver/Src/stm32f4xx_hal_tim_ex.c.obj
                0x0800f77c                HAL_TIMEx_MasterConfigSynchronization
 .text.HAL_TIMEx_ConfigBreakDeadTime
                0x0800f7fc       0x54 CMakeFiles/OSTC_f4_4.elf.dir/Drivers/STM32F4xx_HAL_Driver/Src/stm32f4xx_hal_tim_ex.c.obj
                0x0800f7fc                HAL_TIMEx_ConfigBreakDeadTime
 .text.HAL_TIMEx_CommutCallback
                0x0800f850        0x4 CMakeFiles/OSTC_f4_4.elf.dir/Drivers/STM32F4xx_HAL_Driver/Src/stm32f4xx_hal_tim_ex.c.obj
                0x0800f850                HAL_TIMEx_CommutCallback
 .text.HAL_TIMEx_BreakCallback
                0x0800f854        0x4 CMakeFiles/OSTC_f4_4.elf.dir/Drivers/STM32F4xx_HAL_Driver/Src/stm32f4xx_hal_tim_ex.c.obj
                0x0800f854                HAL_TIMEx_BreakCallback
 .text.HAL_UART_Init
                0x0800f858      0x124 CMakeFiles/OSTC_f4_4.elf.dir/Drivers/STM32F4xx_HAL_Driver/Src/stm32f4xx_hal_uart.c.obj
                0x0800f858                HAL_UART_Init
 .text.HAL_UART_RxCpltCallback
                0x0800f97c        0x4 CMakeFiles/OSTC_f4_4.elf.dir/Drivers/STM32F4xx_HAL_Driver/Src/stm32f4xx_hal_uart.c.obj
                0x0800f97c                HAL_UART_RxCpltCallback
 .text.HAL_UART_RxHalfCpltCallback
                0x0800f980        0x4 CMakeFiles/OSTC_f4_4.elf.dir/Drivers/STM32F4xx_HAL_Driver/Src/stm32f4xx_hal_uart.c.obj
                0x0800f980                HAL_UART_RxHalfCpltCallback
 .text.HAL_UART_ErrorCallback
                0x0800f984        0x4 CMakeFiles/OSTC_f4_4.elf.dir/Drivers/STM32F4xx_HAL_Driver/Src/stm32f4xx_hal_uart.c.obj
                0x0800f984                HAL_UART_ErrorCallback
 .text.UART_DMAError
                0x0800f988       0xbc CMakeFiles/OSTC_f4_4.elf.dir/Drivers/STM32F4xx_HAL_Driver/Src/stm32f4xx_hal_uart.c.obj
 .text.HAL_UARTEx_RxEventCallback
                0x0800fa44        0x4 CMakeFiles/OSTC_f4_4.elf.dir/Drivers/STM32F4xx_HAL_Driver/Src/stm32f4xx_hal_uart.c.obj
                0x0800fa44                HAL_UARTEx_RxEventCallback
 .text.UART_DMARxHalfCplt
                0x0800fa48       0x20 CMakeFiles/OSTC_f4_4.elf.dir/Drivers/STM32F4xx_HAL_Driver/Src/stm32f4xx_hal_uart.c.obj
 .text.UART_DMAReceiveCplt
                0x0800fa68       0x98 CMakeFiles/OSTC_f4_4.elf.dir/Drivers/STM32F4xx_HAL_Driver/Src/stm32f4xx_hal_uart.c.obj
 .text.UART_Start_Receive_DMA
                0x0800fb00       0x9c CMakeFiles/OSTC_f4_4.elf.dir/Drivers/STM32F4xx_HAL_Driver/Src/stm32f4xx_hal_uart.c.obj
                0x0800fb00                UART_Start_Receive_DMA
 .text.HAL_UART_Receive_DMA
                0x0800fb9c       0x24 CMakeFiles/OSTC_f4_4.elf.dir/Drivers/STM32F4xx_HAL_Driver/Src/stm32f4xx_hal_uart.c.obj
                0x0800fb9c                HAL_UART_Receive_DMA
 .text.__cxa_guard_acquire
                0x0800fbc0       0x38 /usr/lib/gcc/arm-none-eabi/13.2.1/../../../arm-none-eabi/lib/thumb/v7e-m/nofp/libstdc++.a(guard.o)
                0x0800fbc0                __cxa_guard_acquire
 .text.__cxa_guard_release
                0x0800fbf8        0x8 /usr/lib/gcc/arm-none-eabi/13.2.1/../../../arm-none-eabi/lib/thumb/v7e-m/nofp/libstdc++.a(guard.o)
                0x0800fbf8                __cxa_guard_release
 .text._ZN9__gnu_cxx20recursive_init_errorD2Ev
                0x0800fc00       0x14 /usr/lib/gcc/arm-none-eabi/13.2.1/../../../arm-none-eabi/lib/thumb/v7e-m/nofp/libstdc++.a(guard_error.o)
                0x0800fc00                __gnu_cxx::recursive_init_error::~recursive_init_error()
                0x0800fc00                __gnu_cxx::recursive_init_error::~recursive_init_error()
 .text._ZN9__gnu_cxx20recursive_init_errorD0Ev
                0x0800fc14       0x1c /usr/lib/gcc/arm-none-eabi/13.2.1/../../../arm-none-eabi/lib/thumb/v7e-m/nofp/libstdc++.a(guard_error.o)
                0x0800fc14                __gnu_cxx::recursive_init_error::~recursive_init_error()
 .text._ZN9__gnu_cxx20recursive_init_errorC2Ev
                0x0800fc30        0xc /usr/lib/gcc/arm-none-eabi/13.2.1/../../../arm-none-eabi/lib/thumb/v7e-m/nofp/libstdc++.a(guard_error.o)
                0x0800fc30                __gnu_cxx::recursive_init_error::recursive_init_error()
                0x0800fc30                __gnu_cxx::recursive_init_error::recursive_init_error()
 .text._ZN10__cxxabiv120__si_class_type_infoD2Ev
                0x0800fc3c       0x14 /usr/lib/gcc/arm-none-eabi/13.2.1/../../../arm-none-eabi/lib/thumb/v7e-m/nofp/libstdc++.a(si_class_type_info.o)
                0x0800fc3c                __cxxabiv1::__si_class_type_info::~__si_class_type_info()
                0x0800fc3c                __cxxabiv1::__si_class_type_info::~__si_class_type_info()
 .text._ZN10__cxxabiv120__si_class_type_infoD0Ev
                0x0800fc50       0x1c /usr/lib/gcc/arm-none-eabi/13.2.1/../../../arm-none-eabi/lib/thumb/v7e-m/nofp/libstdc++.a(si_class_type_info.o)
                0x0800fc50                __cxxabiv1::__si_class_type_info::~__si_class_type_info()
 .text._ZNK10__cxxabiv120__si_class_type_info20__do_find_public_srcEiPKvPKNS_17__class_type_infoES2_
                0x0800fc6c       0x3c /usr/lib/gcc/arm-none-eabi/13.2.1/../../../arm-none-eabi/lib/thumb/v7e-m/nofp/libstdc++.a(si_class_type_info.o)
                0x0800fc6c                __cxxabiv1::__si_class_type_info::__do_find_public_src(int, void const*, __cxxabiv1::__class_type_info const*, void const*) const
 .text._ZNK10__cxxabiv120__si_class_type_info12__do_dyncastEiNS_17__class_type_info10__sub_kindEPKS1_PKvS4_S6_RNS1_16__dyncast_resultE
                0x0800fca8       0x84 /usr/lib/gcc/arm-none-eabi/13.2.1/../../../arm-none-eabi/lib/thumb/v7e-m/nofp/libstdc++.a(si_class_type_info.o)
                0x0800fca8                __cxxabiv1::__si_class_type_info::__do_dyncast(int, __cxxabiv1::__class_type_info::__sub_kind, __cxxabiv1::__class_type_info const*, void const*, __cxxabiv1::__class_type_info const*, void const*, __cxxabiv1::__class_type_info::__dyncast_result&) const
 .text._ZNK10__cxxabiv120__si_class_type_info11__do_upcastEPKNS_17__class_type_infoEPKvRNS1_15__upcast_resultE
                0x0800fd2c       0x2c /usr/lib/gcc/arm-none-eabi/13.2.1/../../../arm-none-eabi/lib/thumb/v7e-m/nofp/libstdc++.a(si_class_type_info.o)
                0x0800fd2c                __cxxabiv1::__si_class_type_info::__do_upcast(__cxxabiv1::__class_type_info const*, void const*, __cxxabiv1::__class_type_info::__upcast_result&) const
 .text._ZNSt9type_infoD2Ev
                0x0800fd58        0x4 /usr/lib/gcc/arm-none-eabi/13.2.1/../../../arm-none-eabi/lib/thumb/v7e-m/nofp/libstdc++.a(tinfo.o)
                0x0800fd58                std::type_info::~type_info()
                0x0800fd58                std::type_info::~type_info()
 .text._ZNKSt9type_info14__is_pointer_pEv
                0x0800fd5c        0x4 /usr/lib/gcc/arm-none-eabi/13.2.1/../../../arm-none-eabi/lib/thumb/v7e-m/nofp/libstdc++.a(tinfo.o)
                0x0800fd5c                std::type_info::__is_function_p() const
                0x0800fd5c                std::type_info::__is_pointer_p() const
 .text._ZNKSt9type_infoeqERKS_
                0x0800fd60       0x2c /usr/lib/gcc/arm-none-eabi/13.2.1/../../../arm-none-eabi/lib/thumb/v7e-m/nofp/libstdc++.a(tinfo.o)
                0x0800fd60                std::type_info::__equal(std::type_info const&) const
                0x0800fd60                std::type_info::operator==(std::type_info const&) const
 .text._ZNK10__cxxabiv117__class_type_info11__do_upcastEPKS0_PPv
                0x0800fd8c       0x34 /usr/lib/gcc/arm-none-eabi/13.2.1/../../../arm-none-eabi/lib/thumb/v7e-m/nofp/libstdc++.a(class_type_info.o)
                0x0800fd8c                __cxxabiv1::__class_type_info::__do_upcast(__cxxabiv1::__class_type_info const*, void**) const
 .text._ZNK10__cxxabiv117__class_type_info20__do_find_public_srcEiPKvPKS0_S2_
                0x0800fdc0        0xc /usr/lib/gcc/arm-none-eabi/13.2.1/../../../arm-none-eabi/lib/thumb/v7e-m/nofp/libstdc++.a(class_type_info.o)
                0x0800fdc0                __cxxabiv1::__class_type_info::__do_find_public_src(int, void const*, __cxxabiv1::__class_type_info const*, void const*) const
 .text._ZN10__cxxabiv117__class_type_infoD2Ev
                0x0800fdcc       0x14 /usr/lib/gcc/arm-none-eabi/13.2.1/../../../arm-none-eabi/lib/thumb/v7e-m/nofp/libstdc++.a(class_type_info.o)
                0x0800fdcc                __cxxabiv1::__class_type_info::~__class_type_info()
                0x0800fdcc                __cxxabiv1::__class_type_info::~__class_type_info()
 .text._ZN10__cxxabiv117__class_type_infoD0Ev
                0x0800fde0       0x1c /usr/lib/gcc/arm-none-eabi/13.2.1/../../../arm-none-eabi/lib/thumb/v7e-m/nofp/libstdc++.a(class_type_info.o)
                0x0800fde0                __cxxabiv1::__class_type_info::~__class_type_info()
 .text._ZNK10__cxxabiv117__class_type_info12__do_dyncastEiNS0_10__sub_kindEPKS0_PKvS3_S5_RNS0_16__dyncast_resultE
                0x0800fdfc       0x44 /usr/lib/gcc/arm-none-eabi/13.2.1/../../../arm-none-eabi/lib/thumb/v7e-m/nofp/libstdc++.a(class_type_info.o)
                0x0800fdfc                __cxxabiv1::__class_type_info::__do_dyncast(int, __cxxabiv1::__class_type_info::__sub_kind, __cxxabiv1::__class_type_info const*, void const*, __cxxabiv1::__class_type_info const*, void const*, __cxxabiv1::__class_type_info::__dyncast_result&) const
 .text._ZNK10__cxxabiv117__class_type_info11__do_upcastEPKS0_PKvRNS0_15__upcast_resultE
                0x0800fe40       0x1c /usr/lib/gcc/arm-none-eabi/13.2.1/../../../arm-none-eabi/lib/thumb/v7e-m/nofp/libstdc++.a(class_type_info.o)
                0x0800fe40                __cxxabiv1::__class_type_info::__do_upcast(__cxxabiv1::__class_type_info const*, void const*, __cxxabiv1::__class_type_info::__upcast_result&) const
 .text._ZNK10__cxxabiv117__class_type_info10__do_catchEPKSt9type_infoPPvj
                0x0800fe5c       0x2c /usr/lib/gcc/arm-none-eabi/13.2.1/../../../arm-none-eabi/lib/thumb/v7e-m/nofp/libstdc++.a(class_type_info.o)
                0x0800fe5c                __cxxabiv1::__class_type_info::__do_catch(std::type_info const*, void**, unsigned int) const
 .text._ZdlPvj  0x0800fe88        0x4 /usr/lib/gcc/arm-none-eabi/13.2.1/../../../arm-none-eabi/lib/thumb/v7e-m/nofp/libstdc++.a(del_ops.o)
                0x0800fe88                operator delete(void*, unsigned int)
 .text._ZN12_GLOBAL__N_14pool4freeEPv.constprop.0
                0x0800fe8c       0x80 /usr/lib/gcc/arm-none-eabi/13.2.1/../../../arm-none-eabi/lib/thumb/v7e-m/nofp/libstdc++.a(eh_alloc.o)
 .text._ZN12_GLOBAL__N_14pool8allocateEj.constprop.0
                0x0800ff0c       0x58 /usr/lib/gcc/arm-none-eabi/13.2.1/../../../arm-none-eabi/lib/thumb/v7e-m/nofp/libstdc++.a(eh_alloc.o)
 .text.__cxa_allocate_exception
                0x0800ff64       0x30 /usr/lib/gcc/arm-none-eabi/13.2.1/../../../arm-none-eabi/lib/thumb/v7e-m/nofp/libstdc++.a(eh_alloc.o)
                0x0800ff64                __cxa_allocate_exception
 .text.__cxa_free_exception
                0x0800ff94       0x20 /usr/lib/gcc/arm-none-eabi/13.2.1/../../../arm-none-eabi/lib/thumb/v7e-m/nofp/libstdc++.a(eh_alloc.o)
                0x0800ff94                __cxa_free_exception
 .text.startup._GLOBAL__sub_I__ZN9__gnu_cxx9__freeresEv
                0x0800ffb4      0x100 /usr/lib/gcc/arm-none-eabi/13.2.1/../../../arm-none-eabi/lib/thumb/v7e-m/nofp/libstdc++.a(eh_alloc.o)
 .text._ZNSt9exceptionD2Ev
                0x080100b4        0x4 /usr/lib/gcc/arm-none-eabi/13.2.1/../../../arm-none-eabi/lib/thumb/v7e-m/nofp/libstdc++.a(eh_exception.o)
                0x080100b4                std::exception::~exception()
                0x080100b4                std::exception::~exception()
 .text._ZNSt13bad_exceptionD2Ev
                0x080100b8        0x4 /usr/lib/gcc/arm-none-eabi/13.2.1/../../../arm-none-eabi/lib/thumb/v7e-m/nofp/libstdc++.a(eh_exception.o)
                0x080100b8                std::bad_exception::~bad_exception()
                0x080100b8                std::bad_exception::~bad_exception()
 .text._ZNKSt9exception4whatEv
                0x080100bc        0x8 /usr/lib/gcc/arm-none-eabi/13.2.1/../../../arm-none-eabi/lib/thumb/v7e-m/nofp/libstdc++.a(eh_exception.o)
                0x080100bc                transaction clone for std::exception::what() const
                0x080100bc                std::exception::what() const
 .text._ZNKSt13bad_exception4whatEv
                0x080100c4        0x8 /usr/lib/gcc/arm-none-eabi/13.2.1/../../../arm-none-eabi/lib/thumb/v7e-m/nofp/libstdc++.a(eh_exception.o)
                0x080100c4                transaction clone for std::bad_exception::what() const
                0x080100c4                std::bad_exception::what() const
 .text._ZNSt13bad_exceptionD0Ev
                0x080100cc       0x10 /usr/lib/gcc/arm-none-eabi/13.2.1/../../../arm-none-eabi/lib/thumb/v7e-m/nofp/libstdc++.a(eh_exception.o)
                0x080100cc                std::bad_exception::~bad_exception()
 .text._ZN10__cxxabiv111__terminateEPFvvE
                0x080100dc       0x10 /usr/lib/gcc/arm-none-eabi/13.2.1/../../../arm-none-eabi/lib/thumb/v7e-m/nofp/libstdc++.a(eh_terminate.o)
                0x080100dc                __cxxabiv1::__terminate(void (*)())
 .text._ZSt9terminatev
                0x080100ec       0x14 /usr/lib/gcc/arm-none-eabi/13.2.1/../../../arm-none-eabi/lib/thumb/v7e-m/nofp/libstdc++.a(eh_terminate.o)
                0x080100ec                std::terminate()
 .text._ZN10__cxxabiv112__unexpectedEPFvvE
                0x08010100        0x8 /usr/lib/gcc/arm-none-eabi/13.2.1/../../../arm-none-eabi/lib/thumb/v7e-m/nofp/libstdc++.a(eh_terminate.o)
                0x08010100                __cxxabiv1::__unexpected(void (*)())
 .text._ZSt10unexpectedv
                0x08010108       0x14 /usr/lib/gcc/arm-none-eabi/13.2.1/../../../arm-none-eabi/lib/thumb/v7e-m/nofp/libstdc++.a(eh_terminate.o)
                0x08010108                std::unexpected()
 .text._ZSt13get_terminatev
                0x0801011c       0x10 /usr/lib/gcc/arm-none-eabi/13.2.1/../../../arm-none-eabi/lib/thumb/v7e-m/nofp/libstdc++.a(eh_terminate.o)
                0x0801011c                std::get_terminate()
 .text._ZSt14get_unexpectedv
                0x0801012c       0x10 /usr/lib/gcc/arm-none-eabi/13.2.1/../../../arm-none-eabi/lib/thumb/v7e-m/nofp/libstdc++.a(eh_terminate.o)
                0x0801012c                std::get_unexpected()
 .text._ZL23__gxx_exception_cleanup19_Unwind_Reason_CodeP21_Unwind_Control_Block
                0x0801013c       0x44 /usr/lib/gcc/arm-none-eabi/13.2.1/../../../arm-none-eabi/lib/thumb/v7e-m/nofp/libstdc++.a(eh_throw.o)
 .text.__cxa_init_primary_exception
                0x08010180       0x44 /usr/lib/gcc/arm-none-eabi/13.2.1/../../../arm-none-eabi/lib/thumb/v7e-m/nofp/libstdc++.a(eh_throw.o)
                0x08010180                __cxa_init_primary_exception
 .text.__cxa_throw
                0x080101c4       0x34 /usr/lib/gcc/arm-none-eabi/13.2.1/../../../arm-none-eabi/lib/thumb/v7e-m/nofp/libstdc++.a(eh_throw.o)
                0x080101c4                __cxa_throw
 .text.__cxa_rethrow
                0x080101f8       0x70 /usr/lib/gcc/arm-none-eabi/13.2.1/../../../arm-none-eabi/lib/thumb/v7e-m/nofp/libstdc++.a(eh_throw.o)
                0x080101f8                __cxa_rethrow
 .text._ZdlPv   0x08010268        0x4 /usr/lib/gcc/arm-none-eabi/13.2.1/../../../arm-none-eabi/lib/thumb/v7e-m/nofp/libstdc++.a(del_op.o)
                0x08010268                operator delete(void*)
 .text.__cxa_begin_catch
                0x0801026c       0x7c /usr/lib/gcc/arm-none-eabi/13.2.1/../../../arm-none-eabi/lib/thumb/v7e-m/nofp/libstdc++.a(eh_catch.o)
                0x0801026c                __cxa_begin_catch
 .text.__cxa_end_catch
                0x080102e8       0x8c /usr/lib/gcc/arm-none-eabi/13.2.1/../../../arm-none-eabi/lib/thumb/v7e-m/nofp/libstdc++.a(eh_catch.o)
                0x080102e8                __cxa_end_catch
 .text.__cxa_get_globals_fast
                0x08010374        0x8 /usr/lib/gcc/arm-none-eabi/13.2.1/../../../arm-none-eabi/lib/thumb/v7e-m/nofp/libstdc++.a(eh_globals.o)
                0x08010374                __cxa_get_globals_fast
 .text.__cxa_get_globals
                0x0801037c        0x8 /usr/lib/gcc/arm-none-eabi/13.2.1/../../../arm-none-eabi/lib/thumb/v7e-m/nofp/libstdc++.a(eh_globals.o)
                0x0801037c                __cxa_get_globals
 .text._ZL28read_encoded_value_with_basehjPKhPj
                0x08010384       0xc0 /usr/lib/gcc/arm-none-eabi/13.2.1/../../../arm-none-eabi/lib/thumb/v7e-m/nofp/libstdc++.a(eh_personality.o)
 .text._ZL21base_of_encoded_valuehP15_Unwind_Context
                0x08010444       0x44 /usr/lib/gcc/arm-none-eabi/13.2.1/../../../arm-none-eabi/lib/thumb/v7e-m/nofp/libstdc++.a(eh_personality.o)
 .text._ZL17parse_lsda_headerP15_Unwind_ContextPKhP16lsda_header_info
                0x08010488       0x90 /usr/lib/gcc/arm-none-eabi/13.2.1/../../../arm-none-eabi/lib/thumb/v7e-m/nofp/libstdc++.a(eh_personality.o)
 .text.__gxx_personality_v0
                0x08010518      0x440 /usr/lib/gcc/arm-none-eabi/13.2.1/../../../arm-none-eabi/lib/thumb/v7e-m/nofp/libstdc++.a(eh_personality.o)
                0x08010518                __gxx_personality_v0
 .text.__cxa_end_cleanup
                0x08010958        0xc /usr/lib/gcc/arm-none-eabi/13.2.1/../../../arm-none-eabi/lib/thumb/v7e-m/nofp/libstdc++.a(eh_arm.o)
                0x08010958                __cxa_end_cleanup
 .text.__cxa_type_match
                0x08010964       0xb0 /usr/lib/gcc/arm-none-eabi/13.2.1/../../../arm-none-eabi/lib/thumb/v7e-m/nofp/libstdc++.a(eh_arm.o)
                0x08010964                __cxa_type_match
 .text.__cxa_begin_cleanup
                0x08010a14       0x64 /usr/lib/gcc/arm-none-eabi/13.2.1/../../../arm-none-eabi/lib/thumb/v7e-m/nofp/libstdc++.a(eh_arm.o)
                0x08010a14                __cxa_begin_cleanup
 .text.__gnu_end_cleanup
                0x08010a78       0x70 /usr/lib/gcc/arm-none-eabi/13.2.1/../../../arm-none-eabi/lib/thumb/v7e-m/nofp/libstdc++.a(eh_arm.o)
                0x08010a78                __gnu_end_cleanup
 .text._ZN10__cxxabiv1L24__is_gxx_exception_classEPc
                0x08010ae8       0x3c /usr/lib/gcc/arm-none-eabi/13.2.1/../../../arm-none-eabi/lib/thumb/v7e-m/nofp/libstdc++.a(eh_call.o)
 .text.__cxa_call_terminate
                0x08010b24       0x20 /usr/lib/gcc/arm-none-eabi/13.2.1/../../../arm-none-eabi/lib/thumb/v7e-m/nofp/libstdc++.a(eh_call.o)
                0x08010b24                __cxa_call_terminate
 .text.unlikely.__cxa_call_unexpected
                0x08010b44       0xd4 /usr/lib/gcc/arm-none-eabi/13.2.1/../../../arm-none-eabi/lib/thumb/v7e-m/nofp/libstdc++.a(eh_call.o)
                0x08010b44                __cxa_call_unexpected
 .text.unlikely
                0x08010c18        0xc /usr/lib/gcc/arm-none-eabi/13.2.1/thumb/v7e-m/nofp/libgcc.a(pr-support.o)
                0x08010c18                _Unwind_GetDataRelBase
                0x08010c1e                _Unwind_GetTextRelBase
 .text.startup  0x08010c24       0x14 /usr/lib/gcc/arm-none-eabi/13.2.1/../../../arm-none-eabi/lib/thumb/v7e-m/nofp/libc.a(libc_a-__call_atexit.o)
 *(.glue_7)
 .glue_7        0x08010c38        0x0 linker stubs
 *(.glue_7t)
 .glue_7t       0x08010c38        0x0 linker stubs
 *(.eh_frame)
 .eh_frame      0x08010c38        0x0 /usr/lib/gcc/arm-none-eabi/13.2.1/thumb/v7e-m/nofp/crtbegin.o
 *(.init)
 .init          0x08010c38        0x4 /usr/lib/gcc/arm-none-eabi/13.2.1/thumb/v7e-m/nofp/crti.o
                0x08010c38                _init
 .init          0x08010c3c        0x8 /usr/lib/gcc/arm-none-eabi/13.2.1/thumb/v7e-m/nofp/crtn.o
 *(.fini)
 .fini          0x08010c44        0x4 /usr/lib/gcc/arm-none-eabi/13.2.1/thumb/v7e-m/nofp/crti.o
                0x08010c44                _fini
 .fini          0x08010c48        0x8 /usr/lib/gcc/arm-none-eabi/13.2.1/thumb/v7e-m/nofp/crtn.o
                0x08010c50                        . = ALIGN (0x4)
                0x08010c50                        _etext = .

.vfp11_veneer   0x08010c50        0x0
 .vfp11_veneer  0x08010c50        0x0 linker stubs

.v4_bx          0x08010c50        0x0
 .v4_bx         0x08010c50        0x0 linker stubs

.iplt           0x08010c50        0x0
 .iplt          0x08010c50        0x0 /usr/lib/gcc/arm-none-eabi/13.2.1/thumb/v7e-m/nofp/crtbegin.o

.rodata         0x08010c50      0x7e4
                0x08010c50                        . = ALIGN (0x4)
 *(.rodata)
 .rodata        0x08010c50       0x18 CMakeFiles/OSTC_f4_4.elf.dir/Core/Src/Setup_and_Loop.cpp.obj
 .rodata        0x08010c68        0x8 CMakeFiles/OSTC_f4_4.elf.dir/Core/Src/jetson.cpp.obj
 .rodata        0x08010c70       0x22 /usr/lib/gcc/arm-none-eabi/13.2.1/../../../arm-none-eabi/lib/thumb/v7e-m/nofp/libc.a(libc_a-svfscanf.o)
 *fill*         0x08010c92        0x2 
 .rodata        0x08010c94      0x101 /usr/lib/gcc/arm-none-eabi/13.2.1/../../../arm-none-eabi/lib/thumb/v7e-m/nofp/libc.a(libc_a-ctype_.o)
                0x08010c94                _ctype_
 *fill*         0x08010d95        0x3 
 .rodata        0x08010d98       0x22 /usr/lib/gcc/arm-none-eabi/13.2.1/../../../arm-none-eabi/lib/thumb/v7e-m/nofp/libc.a(libc_a-svfiscanf.o)
 *fill*         0x08010dba        0x6 
 .rodata        0x08010dc0       0x50 /usr/lib/gcc/arm-none-eabi/13.2.1/../../../arm-none-eabi/lib/thumb/v7e-m/nofp/libc.a(libc_a-strtod.o)
 .rodata        0x08010e10       0x20 /usr/lib/gcc/arm-none-eabi/13.2.1/../../../arm-none-eabi/lib/thumb/v7e-m/nofp/libc.a(libc_a-svfprintf.o)
 .rodata        0x08010e30      0x100 /usr/lib/gcc/arm-none-eabi/13.2.1/../../../arm-none-eabi/lib/thumb/v7e-m/nofp/libc.a(libc_a-gdtoa-gethex.o)
                0x08010e30                __hexdig
 .rodata        0x08010f30      0x128 /usr/lib/gcc/arm-none-eabi/13.2.1/../../../arm-none-eabi/lib/thumb/v7e-m/nofp/libc.a(libc_a-mprec.o)
                0x08010f40                __mprec_tens
                0x08011008                __mprec_tinytens
                0x08011030                __mprec_bigtens
 .rodata        0x08011058       0x20 /usr/lib/gcc/arm-none-eabi/13.2.1/../../../arm-none-eabi/lib/thumb/v7e-m/nofp/libc.a(libc_a-vfiprintf.o)
 *(.rodata*)
 .rodata.Jetson2Servo.str1.4
                0x08011078      0x1e1 CMakeFiles/OSTC_f4_4.elf.dir/Core/Src/jetson.cpp.obj
                                 0x1d (size before relaxing)
 *fill*         0x08011259        0x3 
 .rodata.APBPrescTable
                0x0801125c        0x8 CMakeFiles/OSTC_f4_4.elf.dir/Core/Src/system_stm32f4xx.c.obj
                0x0801125c                APBPrescTable
 .rodata.AHBPrescTable
                0x08011264       0x10 CMakeFiles/OSTC_f4_4.elf.dir/Core/Src/system_stm32f4xx.c.obj
                0x08011264                AHBPrescTable
 .rodata.flagBitshiftOffset.0
                0x08011274        0x8 CMakeFiles/OSTC_f4_4.elf.dir/Drivers/STM32F4xx_HAL_Driver/Src/stm32f4xx_hal_dma.c.obj
 .rodata._ZTSN9__gnu_cxx20recursive_init_errorE
                0x0801127c       0x23 /usr/lib/gcc/arm-none-eabi/13.2.1/../../../arm-none-eabi/lib/thumb/v7e-m/nofp/libstdc++.a(guard_error.o)
                0x0801127c                typeinfo name for __gnu_cxx::recursive_init_error
 *fill*         0x0801129f        0x1 
 .rodata._ZTIN9__gnu_cxx20recursive_init_errorE
                0x080112a0        0xc /usr/lib/gcc/arm-none-eabi/13.2.1/../../../arm-none-eabi/lib/thumb/v7e-m/nofp/libstdc++.a(guard_error.o)
                0x080112a0                typeinfo for __gnu_cxx::recursive_init_error
 .rodata._ZTVN9__gnu_cxx20recursive_init_errorE
                0x080112ac       0x14 /usr/lib/gcc/arm-none-eabi/13.2.1/../../../arm-none-eabi/lib/thumb/v7e-m/nofp/libstdc++.a(guard_error.o)
                0x080112ac                vtable for __gnu_cxx::recursive_init_error
 .rodata._ZTSN10__cxxabiv120__si_class_type_infoE
                0x080112c0       0x25 /usr/lib/gcc/arm-none-eabi/13.2.1/../../../arm-none-eabi/lib/thumb/v7e-m/nofp/libstdc++.a(si_class_type_info.o)
                0x080112c0                typeinfo name for __cxxabiv1::__si_class_type_info
 *fill*         0x080112e5        0x3 
 .rodata._ZTIN10__cxxabiv120__si_class_type_infoE
                0x080112e8        0xc /usr/lib/gcc/arm-none-eabi/13.2.1/../../../arm-none-eabi/lib/thumb/v7e-m/nofp/libstdc++.a(si_class_type_info.o)
                0x080112e8                typeinfo for __cxxabiv1::__si_class_type_info
 .rodata._ZTVN10__cxxabiv120__si_class_type_infoE
                0x080112f4       0x2c /usr/lib/gcc/arm-none-eabi/13.2.1/../../../arm-none-eabi/lib/thumb/v7e-m/nofp/libstdc++.a(si_class_type_info.o)
                0x080112f4                vtable for __cxxabiv1::__si_class_type_info
 .rodata._ZTSSt9type_info
                0x08011320        0xd /usr/lib/gcc/arm-none-eabi/13.2.1/../../../arm-none-eabi/lib/thumb/v7e-m/nofp/libstdc++.a(tinfo.o)
                0x08011320                typeinfo name for std::type_info
 *fill*         0x0801132d        0x3 
 .rodata._ZTISt9type_info
                0x08011330        0x8 /usr/lib/gcc/arm-none-eabi/13.2.1/../../../arm-none-eabi/lib/thumb/v7e-m/nofp/libstdc++.a(tinfo.o)
                0x08011330                typeinfo for std::type_info
 .rodata._ZTSN10__cxxabiv117__class_type_infoE
                0x08011338       0x22 /usr/lib/gcc/arm-none-eabi/13.2.1/../../../arm-none-eabi/lib/thumb/v7e-m/nofp/libstdc++.a(class_type_info.o)
                0x08011338                typeinfo name for __cxxabiv1::__class_type_info
 *fill*         0x0801135a        0x2 
 .rodata._ZTIN10__cxxabiv117__class_type_infoE
                0x0801135c        0xc /usr/lib/gcc/arm-none-eabi/13.2.1/../../../arm-none-eabi/lib/thumb/v7e-m/nofp/libstdc++.a(class_type_info.o)
                0x0801135c                typeinfo for __cxxabiv1::__class_type_info
 .rodata._ZTVN10__cxxabiv117__class_type_infoE
                0x08011368       0x2c /usr/lib/gcc/arm-none-eabi/13.2.1/../../../arm-none-eabi/lib/thumb/v7e-m/nofp/libstdc++.a(class_type_info.o)
                0x08011368                vtable for __cxxabiv1::__class_type_info
 .rodata._GLOBAL__sub_I__ZN9__gnu_cxx9__freeresEv.str1.4
                0x08011394       0x3c /usr/lib/gcc/arm-none-eabi/13.2.1/../../../arm-none-eabi/lib/thumb/v7e-m/nofp/libstdc++.a(eh_alloc.o)
 .rodata._ZNKSt9exception4whatEv.str1.4
                0x08011394        0xf /usr/lib/gcc/arm-none-eabi/13.2.1/../../../arm-none-eabi/lib/thumb/v7e-m/nofp/libstdc++.a(eh_exception.o)
 .rodata._ZNKSt13bad_exception4whatEv.str1.4
                0x08011394       0x13 /usr/lib/gcc/arm-none-eabi/13.2.1/../../../arm-none-eabi/lib/thumb/v7e-m/nofp/libstdc++.a(eh_exception.o)
 .rodata._ZTSSt9exception
                0x08011394        0xd /usr/lib/gcc/arm-none-eabi/13.2.1/../../../arm-none-eabi/lib/thumb/v7e-m/nofp/libstdc++.a(eh_exception.o)
                0x08011394                typeinfo name for std::exception
 *fill*         0x080113a1        0x3 
 .rodata._ZTISt9exception
                0x080113a4        0x8 /usr/lib/gcc/arm-none-eabi/13.2.1/../../../arm-none-eabi/lib/thumb/v7e-m/nofp/libstdc++.a(eh_exception.o)
                0x080113a4                typeinfo for std::exception
 .rodata._ZTSSt13bad_exception
                0x080113ac       0x12 /usr/lib/gcc/arm-none-eabi/13.2.1/../../../arm-none-eabi/lib/thumb/v7e-m/nofp/libstdc++.a(eh_exception.o)
                0x080113ac                typeinfo name for std::bad_exception
 *fill*         0x080113be        0x2 
 .rodata._ZTISt13bad_exception
                0x080113c0        0xc /usr/lib/gcc/arm-none-eabi/13.2.1/../../../arm-none-eabi/lib/thumb/v7e-m/nofp/libstdc++.a(eh_exception.o)
                0x080113c0                typeinfo for std::bad_exception
 .rodata._ZTSN10__cxxabiv115__forced_unwindE
                0x080113cc       0x20 /usr/lib/gcc/arm-none-eabi/13.2.1/../../../arm-none-eabi/lib/thumb/v7e-m/nofp/libstdc++.a(eh_exception.o)
                0x080113cc                typeinfo name for __cxxabiv1::__forced_unwind
 .rodata._ZTIN10__cxxabiv115__forced_unwindE
                0x080113ec        0x8 /usr/lib/gcc/arm-none-eabi/13.2.1/../../../arm-none-eabi/lib/thumb/v7e-m/nofp/libstdc++.a(eh_exception.o)
                0x080113ec                typeinfo for __cxxabiv1::__forced_unwind
 .rodata._ZTSN10__cxxabiv119__foreign_exceptionE
                0x080113f4       0x24 /usr/lib/gcc/arm-none-eabi/13.2.1/../../../arm-none-eabi/lib/thumb/v7e-m/nofp/libstdc++.a(eh_exception.o)
                0x080113f4                typeinfo name for __cxxabiv1::__foreign_exception
 .rodata._ZTIN10__cxxabiv119__foreign_exceptionE
                0x08011418        0x8 /usr/lib/gcc/arm-none-eabi/13.2.1/../../../arm-none-eabi/lib/thumb/v7e-m/nofp/libstdc++.a(eh_exception.o)
                0x08011418                typeinfo for __cxxabiv1::__foreign_exception
 .rodata._ZTVSt13bad_exception
                0x08011420       0x14 /usr/lib/gcc/arm-none-eabi/13.2.1/../../../arm-none-eabi/lib/thumb/v7e-m/nofp/libstdc++.a(eh_exception.o)
                0x08011420                vtable for std::bad_exception
 .rodata.str1.4
                0x08011434        0x9 /usr/lib/gcc/arm-none-eabi/13.2.1/../../../arm-none-eabi/lib/thumb/v7e-m/nofp/libc.a(libc_a-svfscanf.o)
 .rodata.str1.4
                0x08011434        0x1 /usr/lib/gcc/arm-none-eabi/13.2.1/../../../arm-none-eabi/lib/thumb/v7e-m/nofp/libc.a(libc_a-mbrtowc.o)
 .rodata.str1.4
                0x08011434        0x2 /usr/lib/gcc/arm-none-eabi/13.2.1/../../../arm-none-eabi/lib/thumb/v7e-m/nofp/libc.a(libc_a-puts.o)
 .rodata.str1.4
                0x08011434       0x15 /usr/lib/gcc/arm-none-eabi/13.2.1/../../../arm-none-eabi/lib/thumb/v7e-m/nofp/libc.a(libc_a-strtod.o)
 .rodata.str1.4
                0x08011434       0x12 /usr/lib/gcc/arm-none-eabi/13.2.1/../../../arm-none-eabi/lib/thumb/v7e-m/nofp/libc.a(libc_a-locale.o)
 .rodata.str1.4
                0x08011434       0x42 /usr/lib/gcc/arm-none-eabi/13.2.1/../../../arm-none-eabi/lib/thumb/v7e-m/nofp/libc.a(libc_a-svfprintf.o)
 .rodata.str1.4
                0x08011434       0x4c /usr/lib/gcc/arm-none-eabi/13.2.1/../../../arm-none-eabi/lib/thumb/v7e-m/nofp/libc.a(libc_a-gdtoa-gethex.o)
 .rodata.str1.4
                0x08011434       0x54 /usr/lib/gcc/arm-none-eabi/13.2.1/../../../arm-none-eabi/lib/thumb/v7e-m/nofp/libc.a(libc_a-dtoa.o)
 .rodata.str1.4
                0x08011434       0x43 /usr/lib/gcc/arm-none-eabi/13.2.1/../../../arm-none-eabi/lib/thumb/v7e-m/nofp/libc.a(libc_a-assert.o)
 .rodata.str1.4
                0x08011434       0x41 /usr/lib/gcc/arm-none-eabi/13.2.1/../../../arm-none-eabi/lib/thumb/v7e-m/nofp/libc.a(libc_a-mprec.o)
 .rodata.str1.4
                0x08011434       0x2f /usr/lib/gcc/arm-none-eabi/13.2.1/../../../arm-none-eabi/lib/thumb/v7e-m/nofp/libc.a(libc_a-vfiprintf.o)
                0x08011488                        . = ALIGN (0x4)

.ARM.extab      0x08011434       0xb8
                0x08011434                        . = ALIGN (0x4)
 *(.ARM.extab* .gnu.linkonce.armextab.*)
 .ARM.extab.text.setup
                0x08011434        0xc CMakeFiles/OSTC_f4_4.elf.dir/Core/Src/Setup_and_Loop.cpp.obj
 .ARM.extab.text._ZN10__cxxabiv111__terminateEPFvvE
                0x08011440       0x1c /usr/lib/gcc/arm-none-eabi/13.2.1/../../../arm-none-eabi/lib/thumb/v7e-m/nofp/libstdc++.a(eh_terminate.o)
 .ARM.extab.text._ZN10__cxxabiv112__unexpectedEPFvvE
                0x0801145c        0xc /usr/lib/gcc/arm-none-eabi/13.2.1/../../../arm-none-eabi/lib/thumb/v7e-m/nofp/libstdc++.a(eh_terminate.o)
 .ARM.extab.text._ZSt10unexpectedv
                0x08011468        0xc /usr/lib/gcc/arm-none-eabi/13.2.1/../../../arm-none-eabi/lib/thumb/v7e-m/nofp/libstdc++.a(eh_terminate.o)
 .ARM.extab.text.__cxa_begin_catch
                0x08011474        0xc /usr/lib/gcc/arm-none-eabi/13.2.1/../../../arm-none-eabi/lib/thumb/v7e-m/nofp/libstdc++.a(eh_catch.o)
 .ARM.extab.text._ZL21base_of_encoded_valuehP15_Unwind_Context
                0x08011480        0xc /usr/lib/gcc/arm-none-eabi/13.2.1/../../../arm-none-eabi/lib/thumb/v7e-m/nofp/libstdc++.a(eh_personality.o)
 .ARM.extab.text.__gxx_personality_v0
                0x0801148c       0x24 /usr/lib/gcc/arm-none-eabi/13.2.1/../../../arm-none-eabi/lib/thumb/v7e-m/nofp/libstdc++.a(eh_personality.o)
 .ARM.extab.text.unlikely.__cxa_call_unexpected
                0x080114b0       0x24 /usr/lib/gcc/arm-none-eabi/13.2.1/../../../arm-none-eabi/lib/thumb/v7e-m/nofp/libstdc++.a(eh_call.o)
 .ARM.extab     0x080114d4       0x18 /usr/lib/gcc/arm-none-eabi/13.2.1/thumb/v7e-m/nofp/libgcc.a(pr-support.o)
                0x080114ec                        . = ALIGN (0x4)

.ARM            0x080114ec      0x1f0
                0x080114ec                        . = ALIGN (0x4)
                0x080114ec                        __exidx_start = .
 *(.ARM.exidx*)
 .ARM.exidx     0x080114ec        0x8 /usr/lib/gcc/arm-none-eabi/13.2.1/thumb/v7e-m/nofp/libgcc.a(_udivmoddi4.o)
 .ARM.exidx     0x080114f4       0x78 /usr/lib/gcc/arm-none-eabi/13.2.1/thumb/v7e-m/nofp/libgcc.a(unwind-arm.o)
                                 0xd8 (size before relaxing)
 .ARM.exidx     0x0801156c       0x38 /usr/lib/gcc/arm-none-eabi/13.2.1/thumb/v7e-m/nofp/libgcc.a(pr-support.o)
 .ARM.exidx     0x080115a4        0x0 /usr/lib/gcc/arm-none-eabi/13.2.1/../../../arm-none-eabi/lib/thumb/v7e-m/nofp/libc.a(libc_a-strcmp.o)
                                  0x8 (size before relaxing)
 .ARM.exidx     0x080115a4        0x0 /usr/lib/gcc/arm-none-eabi/13.2.1/../../../arm-none-eabi/lib/thumb/v7e-m/nofp/libc.a(libc_a-memcpy.o)
                                  0x8 (size before relaxing)
 .ARM.exidx     0x080115a4        0x0 /usr/lib/gcc/arm-none-eabi/13.2.1/../../../arm-none-eabi/lib/thumb/v7e-m/nofp/libc.a(libc_a-strlen.o)
                                  0x8 (size before relaxing)
 .ARM.exidx     0x080115a4        0x0 /usr/lib/gcc/arm-none-eabi/13.2.1/../../../arm-none-eabi/lib/thumb/v7e-m/nofp/libc.a(libc_a-memchr.o)
                                  0x8 (size before relaxing)
 .ARM.exidx.text.velocity_PID
                0x080115a4        0x0 CMakeFiles/OSTC_f4_4.elf.dir/Core/Src/PID.cpp.obj
                                  0x8 (size before relaxing)
 .ARM.exidx.text.velocity_control
                0x080115a4        0x0 CMakeFiles/OSTC_f4_4.elf.dir/Core/Src/PID.cpp.obj
                                  0x8 (size before relaxing)
 .ARM.exidx.text.setup
                0x080115a4        0x8 CMakeFiles/OSTC_f4_4.elf.dir/Core/Src/Setup_and_Loop.cpp.obj
 .ARM.exidx.text.loop
                0x080115ac        0x8 CMakeFiles/OSTC_f4_4.elf.dir/Core/Src/Setup_and_Loop.cpp.obj
 .ARM.exidx.text.Robot2Wheel
                0x080115b4        0x8 CMakeFiles/OSTC_f4_4.elf.dir/Core/Src/condition.cpp.obj
 .ARM.exidx.text.Wheel2Robot
                0x080115bc        0x0 CMakeFiles/OSTC_f4_4.elf.dir/Core/Src/condition.cpp.obj
                                  0x8 (size before relaxing)
 .ARM.exidx.text.Servo2PLus
                0x080115bc        0x0 CMakeFiles/OSTC_f4_4.elf.dir/Core/Src/condition.cpp.obj
                                  0x8 (size before relaxing)
 .ARM.exidx.text.GetLocation
                0x080115bc        0x0 CMakeFiles/OSTC_f4_4.elf.dir/Core/Src/condition.cpp.obj
                                  0x8 (size before relaxing)
 .ARM.exidx.text.encoder_init
                0x080115bc        0x8 CMakeFiles/OSTC_f4_4.elf.dir/Core/Src/encoder.cpp.obj
 .ARM.exidx.text.Encoder2Wheel
                0x080115c4        0x8 CMakeFiles/OSTC_f4_4.elf.dir/Core/Src/encoder.cpp.obj
 .ARM.exidx.text.jetson_init
                0x080115cc        0x8 CMakeFiles/OSTC_f4_4.elf.dir/Core/Src/jetson.cpp.obj
 .ARM.exidx.text.Jetson2Servo
                0x080115d4       0x10 CMakeFiles/OSTC_f4_4.elf.dir/Core/Src/jetson.cpp.obj
                                  0x8 (size before relaxing)
 .ARM.exidx.text.motors_init
                0x080115e4        0x8 CMakeFiles/OSTC_f4_4.elf.dir/Core/Src/motor.cpp.obj
 .ARM.exidx.text.motors_control
                0x080115ec        0x8 CMakeFiles/OSTC_f4_4.elf.dir/Core/Src/motor.cpp.obj
 .ARM.exidx.text.servo_init
                0x080115f4        0x8 CMakeFiles/OSTC_f4_4.elf.dir/Core/Src/servo.cpp.obj
 .ARM.exidx.text.servos_control
                0x080115fc        0x8 CMakeFiles/OSTC_f4_4.elf.dir/Core/Src/servo.cpp.obj
 .ARM.exidx.text.__cxa_guard_acquire
                0x08011604        0x8 /usr/lib/gcc/arm-none-eabi/13.2.1/../../../arm-none-eabi/lib/thumb/v7e-m/nofp/libstdc++.a(guard.o)
 .ARM.exidx.text.__cxa_guard_release
                0x0801160c        0x8 /usr/lib/gcc/arm-none-eabi/13.2.1/../../../arm-none-eabi/lib/thumb/v7e-m/nofp/libstdc++.a(guard.o)
 .ARM.exidx.text._ZN9__gnu_cxx20recursive_init_errorD2Ev
                0x08011614        0x0 /usr/lib/gcc/arm-none-eabi/13.2.1/../../../arm-none-eabi/lib/thumb/v7e-m/nofp/libstdc++.a(guard_error.o)
                                  0x8 (size before relaxing)
 .ARM.exidx.text._ZN9__gnu_cxx20recursive_init_errorD0Ev
                0x08011614        0x0 /usr/lib/gcc/arm-none-eabi/13.2.1/../../../arm-none-eabi/lib/thumb/v7e-m/nofp/libstdc++.a(guard_error.o)
                                  0x8 (size before relaxing)
 .ARM.exidx.text._ZN9__gnu_cxx20recursive_init_errorC2Ev
                0x08011614        0x0 /usr/lib/gcc/arm-none-eabi/13.2.1/../../../arm-none-eabi/lib/thumb/v7e-m/nofp/libstdc++.a(guard_error.o)
                                  0x8 (size before relaxing)
 .ARM.exidx.text._ZN10__cxxabiv120__si_class_type_infoD2Ev
                0x08011614        0x0 /usr/lib/gcc/arm-none-eabi/13.2.1/../../../arm-none-eabi/lib/thumb/v7e-m/nofp/libstdc++.a(si_class_type_info.o)
                                  0x8 (size before relaxing)
 .ARM.exidx.text._ZN10__cxxabiv120__si_class_type_infoD0Ev
                0x08011614        0x0 /usr/lib/gcc/arm-none-eabi/13.2.1/../../../arm-none-eabi/lib/thumb/v7e-m/nofp/libstdc++.a(si_class_type_info.o)
                                  0x8 (size before relaxing)
 .ARM.exidx.text._ZNK10__cxxabiv120__si_class_type_info20__do_find_public_srcEiPKvPKNS_17__class_type_infoES2_
                0x08011614        0x0 /usr/lib/gcc/arm-none-eabi/13.2.1/../../../arm-none-eabi/lib/thumb/v7e-m/nofp/libstdc++.a(si_class_type_info.o)
                                  0x8 (size before relaxing)
 .ARM.exidx.text._ZNK10__cxxabiv120__si_class_type_info12__do_dyncastEiNS_17__class_type_info10__sub_kindEPKS1_PKvS4_S6_RNS1_16__dyncast_resultE
                0x08011614        0x0 /usr/lib/gcc/arm-none-eabi/13.2.1/../../../arm-none-eabi/lib/thumb/v7e-m/nofp/libstdc++.a(si_class_type_info.o)
                                  0x8 (size before relaxing)
 .ARM.exidx.text._ZNK10__cxxabiv120__si_class_type_info11__do_upcastEPKNS_17__class_type_infoEPKvRNS1_15__upcast_resultE
                0x08011614        0x8 /usr/lib/gcc/arm-none-eabi/13.2.1/../../../arm-none-eabi/lib/thumb/v7e-m/nofp/libstdc++.a(si_class_type_info.o)
 .ARM.exidx.text._ZNSt9type_infoD2Ev
                0x0801161c        0x8 /usr/lib/gcc/arm-none-eabi/13.2.1/../../../arm-none-eabi/lib/thumb/v7e-m/nofp/libstdc++.a(tinfo.o)
 .ARM.exidx.text._ZNKSt9type_info14__is_pointer_pEv
                0x08011624        0x0 /usr/lib/gcc/arm-none-eabi/13.2.1/../../../arm-none-eabi/lib/thumb/v7e-m/nofp/libstdc++.a(tinfo.o)
                                  0x8 (size before relaxing)
 .ARM.exidx.text._ZNKSt9type_infoeqERKS_
                0x08011624        0x0 /usr/lib/gcc/arm-none-eabi/13.2.1/../../../arm-none-eabi/lib/thumb/v7e-m/nofp/libstdc++.a(tinfo.o)
                                  0x8 (size before relaxing)
 .ARM.exidx.text._ZNK10__cxxabiv117__class_type_info11__do_upcastEPKS0_PPv
                0x08011624        0x8 /usr/lib/gcc/arm-none-eabi/13.2.1/../../../arm-none-eabi/lib/thumb/v7e-m/nofp/libstdc++.a(class_type_info.o)
 .ARM.exidx.text._ZNK10__cxxabiv117__class_type_info20__do_find_public_srcEiPKvPKS0_S2_
                0x0801162c        0x8 /usr/lib/gcc/arm-none-eabi/13.2.1/../../../arm-none-eabi/lib/thumb/v7e-m/nofp/libstdc++.a(class_type_info.o)
 .ARM.exidx.text._ZN10__cxxabiv117__class_type_infoD2Ev
                0x08011634        0x0 /usr/lib/gcc/arm-none-eabi/13.2.1/../../../arm-none-eabi/lib/thumb/v7e-m/nofp/libstdc++.a(class_type_info.o)
                                  0x8 (size before relaxing)
 .ARM.exidx.text._ZN10__cxxabiv117__class_type_infoD0Ev
                0x08011634        0x0 /usr/lib/gcc/arm-none-eabi/13.2.1/../../../arm-none-eabi/lib/thumb/v7e-m/nofp/libstdc++.a(class_type_info.o)
                                  0x8 (size before relaxing)
 .ARM.exidx.text._ZNK10__cxxabiv117__class_type_info12__do_dyncastEiNS0_10__sub_kindEPKS0_PKvS3_S5_RNS0_16__dyncast_resultE
                0x08011634        0x0 /usr/lib/gcc/arm-none-eabi/13.2.1/../../../arm-none-eabi/lib/thumb/v7e-m/nofp/libstdc++.a(class_type_info.o)
                                  0x8 (size before relaxing)
 .ARM.exidx.text._ZNK10__cxxabiv117__class_type_info11__do_upcastEPKS0_PKvRNS0_15__upcast_resultE
                0x08011634        0x0 /usr/lib/gcc/arm-none-eabi/13.2.1/../../../arm-none-eabi/lib/thumb/v7e-m/nofp/libstdc++.a(class_type_info.o)
                                  0x8 (size before relaxing)
 .ARM.exidx.text._ZNK10__cxxabiv117__class_type_info10__do_catchEPKSt9type_infoPPvj
                0x08011634        0x0 /usr/lib/gcc/arm-none-eabi/13.2.1/../../../arm-none-eabi/lib/thumb/v7e-m/nofp/libstdc++.a(class_type_info.o)
                                  0x8 (size before relaxing)
 .ARM.exidx.text._ZdlPvj
                0x08011634        0x0 /usr/lib/gcc/arm-none-eabi/13.2.1/../../../arm-none-eabi/lib/thumb/v7e-m/nofp/libstdc++.a(del_ops.o)
                                  0x8 (size before relaxing)
 .ARM.exidx.text._ZN12_GLOBAL__N_14pool4freeEPv.constprop.0
                0x08011634        0x0 /usr/lib/gcc/arm-none-eabi/13.2.1/../../../arm-none-eabi/lib/thumb/v7e-m/nofp/libstdc++.a(eh_alloc.o)
                                  0x8 (size before relaxing)