Archive member included to satisfy reference by file (symbol)

/usr/lib/gcc/arm-none-eabi/13.2.1/../../../arm-none-eabi/lib/thumb/v7e-m/nofp/libstdc++.a(guard.o)
                              CMakeFiles/OSTC_f4_4.elf.dir/Core/Src/PID.cpp.obj (__cxa_guard_acquire)
/usr/lib/gcc/arm-none-eabi/13.2.1/../../../arm-none-eabi/lib/thumb/v7e-m/nofp/libstdc++.a(guard_error.o)
                              /usr/lib/gcc/arm-none-eabi/13.2.1/../../../arm-none-eabi/lib/thumb/v7e-m/nofp/libstdc++.a(guard.o) (__gnu_cxx::recursive_init_error::~recursive_init_error())
/usr/lib/gcc/arm-none-eabi/13.2.1/../../../arm-none-eabi/lib/thumb/v7e-m/nofp/libstdc++.a(si_class_type_info.o)
                              /usr/lib/gcc/arm-none-eabi/13.2.1/../../../arm-none-eabi/lib/thumb/v7e-m/nofp/libstdc++.a(guard_error.o) (vtable for __cxxabiv1::__si_class_type_info)
/usr/lib/gcc/arm-none-eabi/13.2.1/../../../arm-none-eabi/lib/thumb/v7e-m/nofp/libstdc++.a(tinfo.o)
                              /usr/lib/gcc/arm-none-eabi/13.2.1/../../../arm-none-eabi/lib/thumb/v7e-m/nofp/libstdc++.a(si_class_type_info.o) (std::type_info::__is_pointer_p() const)
/usr/lib/gcc/arm-none-eabi/13.2.1/../../../arm-none-eabi/lib/thumb/v7e-m/nofp/libstdc++.a(class_type_info.o)
                              /usr/lib/gcc/arm-none-eabi/13.2.1/../../../arm-none-eabi/lib/thumb/v7e-m/nofp/libstdc++.a(si_class_type_info.o) (__cxxabiv1::__class_type_info::__do_upcast(__cxxabiv1::__class_type_info const*, void**) const)
/usr/lib/gcc/arm-none-eabi/13.2.1/../../../arm-none-eabi/lib/thumb/v7e-m/nofp/libstdc++.a(del_ops.o)
                              /usr/lib/gcc/arm-none-eabi/13.2.1/../../../arm-none-eabi/lib/thumb/v7e-m/nofp/libstdc++.a(guard_error.o) (operator delete(void*, unsigned int))
/usr/lib/gcc/arm-none-eabi/13.2.1/../../../arm-none-eabi/lib/thumb/v7e-m/nofp/libstdc++.a(eh_alloc.o)
                              /usr/lib/gcc/arm-none-eabi/13.2.1/../../../arm-none-eabi/lib/thumb/v7e-m/nofp/libstdc++.a(guard.o) (__cxa_allocate_exception)
/usr/lib/gcc/arm-none-eabi/13.2.1/../../../arm-none-eabi/lib/thumb/v7e-m/nofp/libstdc++.a(eh_exception.o)
                              /usr/lib/gcc/arm-none-eabi/13.2.1/../../../arm-none-eabi/lib/thumb/v7e-m/nofp/libstdc++.a(guard_error.o) (std::exception::~exception())
/usr/lib/gcc/arm-none-eabi/13.2.1/../../../arm-none-eabi/lib/thumb/v7e-m/nofp/libstdc++.a(eh_terminate.o)
                              /usr/lib/gcc/arm-none-eabi/13.2.1/../../../arm-none-eabi/lib/thumb/v7e-m/nofp/libstdc++.a(eh_alloc.o) (std::terminate())
/usr/lib/gcc/arm-none-eabi/13.2.1/../../../arm-none-eabi/lib/thumb/v7e-m/nofp/libstdc++.a(eh_throw.o)
                              /usr/lib/gcc/arm-none-eabi/13.2.1/../../../arm-none-eabi/lib/thumb/v7e-m/nofp/libstdc++.a(guard.o) (__cxa_throw)
/usr/lib/gcc/arm-none-eabi/13.2.1/../../../arm-none-eabi/lib/thumb/v7e-m/nofp/libstdc++.a(eh_unex_handler.o)
                              /usr/lib/gcc/arm-none-eabi/13.2.1/../../../arm-none-eabi/lib/thumb/v7e-m/nofp/libstdc++.a(eh_terminate.o) (__cxxabiv1::__unexpected_handler)
/usr/lib/gcc/arm-none-eabi/13.2.1/../../../arm-none-eabi/lib/thumb/v7e-m/nofp/libstdc++.a(del_op.o)
                              /usr/lib/gcc/arm-none-eabi/13.2.1/../../../arm-none-eabi/lib/thumb/v7e-m/nofp/libstdc++.a(del_ops.o) (operator delete(void*))
/usr/lib/gcc/arm-none-eabi/13.2.1/../../../arm-none-eabi/lib/thumb/v7e-m/nofp/libstdc++.a(eh_catch.o)
                              /usr/lib/gcc/arm-none-eabi/13.2.1/../../../arm-none-eabi/lib/thumb/v7e-m/nofp/libstdc++.a(eh_terminate.o) (__cxa_begin_catch)
/usr/lib/gcc/arm-none-eabi/13.2.1/../../../arm-none-eabi/lib/thumb/v7e-m/nofp/libstdc++.a(eh_globals.o)
                              /usr/lib/gcc/arm-none-eabi/13.2.1/../../../arm-none-eabi/lib/thumb/v7e-m/nofp/libstdc++.a(eh_catch.o) (__cxa_get_globals_fast)
/usr/lib/gcc/arm-none-eabi/13.2.1/../../../arm-none-eabi/lib/thumb/v7e-m/nofp/libstdc++.a(eh_personality.o)
                              /usr/lib/gcc/arm-none-eabi/13.2.1/../../../arm-none-eabi/lib/thumb/v7e-m/nofp/libstdc++.a(eh_terminate.o) (__gxx_personality_v0)
/usr/lib/gcc/arm-none-eabi/13.2.1/../../../arm-none-eabi/lib/thumb/v7e-m/nofp/libstdc++.a(eh_term_handler.o)
                              /usr/lib/gcc/arm-none-eabi/13.2.1/../../../arm-none-eabi/lib/thumb/v7e-m/nofp/libstdc++.a(eh_terminate.o) (__cxxabiv1::__terminate_handler)
/usr/lib/gcc/arm-none-eabi/13.2.1/../../../arm-none-eabi/lib/thumb/v7e-m/nofp/libstdc++.a(eh_arm.o)
                              /usr/lib/gcc/arm-none-eabi/13.2.1/../../../arm-none-eabi/lib/thumb/v7e-m/nofp/libstdc++.a(eh_personality.o) (__cxa_type_match)
/usr/lib/gcc/arm-none-eabi/13.2.1/../../../arm-none-eabi/lib/thumb/v7e-m/nofp/libstdc++.a(eh_call.o)
                              /usr/lib/gcc/arm-none-eabi/13.2.1/../../../arm-none-eabi/lib/thumb/v7e-m/nofp/libstdc++.a(eh_personality.o) (__cxa_call_terminate)
[...]
Memory Configuration

Name             Origin             Length             Attributes
CCMRAM           0x10000000         0x00010000         xrw
RAM              0x20000000         0x00020000         xrw
FLASH            0x08000000         0x00080000         xr
*default*        0x00000000         0xffffffff

Linker script and memory map

LOAD /usr/lib/gcc/arm-none-eabi/13.2.1/thumb/v7e-m/nofp/crti.o
LOAD /usr/lib/gcc/arm-none-eabi/13.2.1/thumb/v7e-m/nofp/crtbegin.o
LOAD /usr/lib/gcc/arm-none-eabi/13.2.1/../../../arm-none-eabi/lib/thumb/v7e-m/nofp/crt0.o
LOAD CMakeFiles/OSTC_f4_4.elf.dir/Core/Src/PID.cpp.obj
LOAD CMakeFiles/OSTC_f4_4.elf.dir/Core/Src/Setup_and_Loop.cpp.obj
LOAD CMakeFiles/OSTC_f4_4.elf.dir/Core/Src/condition.cpp.obj
LOAD CMakeFiles/OSTC_f4_4.elf.dir/Core/Src/encoder.cpp.obj
LOAD CMakeFiles/OSTC_f4_4.elf.dir/Core/Src/gpio.c.obj
LOAD CMakeFiles/OSTC_f4_4.elf.dir/Core/Src/jetson.cpp.obj
LOAD CMakeFiles/OSTC_f4_4.elf.dir/Core/Src/main.c.obj
LOAD CMakeFiles/OSTC_f4_4.elf.dir/Core/Src/motor.cpp.obj
LOAD CMakeFiles/OSTC_f4_4.elf.dir/Core/Src/robot.cpp.obj
LOAD CMakeFiles/OSTC_f4_4.elf.dir/Core/Src/servo.cpp.obj
LOAD CMakeFiles/OSTC_f4_4.elf.dir/Core/Src/stm32f4xx_hal_msp.c.obj
LOAD CMakeFiles/OSTC_f4_4.elf.dir/Core/Src/stm32f4xx_it.c.obj
LOAD CMakeFiles/OSTC_f4_4.elf.dir/Core/Src/syscalls.c.obj
LOAD CMakeFiles/OSTC_f4_4.elf.dir/Core/Src/sysmem.c.obj
LOAD CMakeFiles/OSTC_f4_4.elf.dir/Core/Src/system_stm32f4xx.c.obj
LOAD CMakeFiles/OSTC_f4_4.elf.dir/Core/Src/tim.c.obj
LOAD CMakeFiles/OSTC_f4_4.elf.dir/Core/Src/usart.c.obj
LOAD CMakeFiles/OSTC_f4_4.elf.dir/Core/Startup/startup_stm32f407vetx.s.obj
LOAD CMakeFiles/OSTC_f4_4.elf.dir/Drivers/STM32F4xx_HAL_Driver/Src/stm32f4xx_hal.c.obj
LOAD CMakeFiles/OSTC_f4_4.elf.dir/Drivers/STM32F4xx_HAL_Driver/Src/stm32f4xx_hal_cortex.c.obj
LOAD CMakeFiles/OSTC_f4_4.elf.dir/Drivers/STM32F4xx_HAL_Driver/Src/stm32f4xx_hal_dma.c.obj
LOAD CMakeFiles/OSTC_f4_4.elf.dir/Drivers/STM32F4xx_HAL_Driver/Src/stm32f4xx_hal_dma_ex.c.obj
LOAD CMakeFiles/OSTC_f4_4.elf.dir/Drivers/STM32F4xx_HAL_Driver/Src/stm32f4xx_hal_exti.c.obj
LOAD CMakeFiles/OSTC_f4_4.elf.dir/Drivers/STM32F4xx_HAL_Driver/Src/stm32f4xx_hal_flash.c.obj
LOAD CMakeFiles/OSTC_f4_4.elf.dir/Drivers/STM32F4xx_HAL_Driver/Src/stm32f4xx_hal_flash_ex.c.obj
LOAD CMakeFiles/OSTC_f4_4.elf.dir/Drivers/STM32F4xx_HAL_Driver/Src/stm32f4xx_hal_flash_ramfunc.c.obj
LOAD CMakeFiles/OSTC_f4_4.elf.dir/Drivers/STM32F4xx_HAL_Driver/Src/stm32f4xx_hal_gpio.c.obj
LOAD CMakeFiles/OSTC_f4_4.elf.dir/Drivers/STM32F4xx_HAL_Driver/Src/stm32f4xx_hal_pwr.c.obj
LOAD CMakeFiles/OSTC_f4_4.elf.dir/Drivers/STM32F4xx_HAL_Driver/Src/stm32f4xx_hal_pwr_ex.c.obj
LOAD CMakeFiles/OSTC_f4_4.elf.dir/Drivers/STM32F4xx_HAL_Driver/Src/stm32f4xx_hal_rcc.c.obj
LOAD CMakeFiles/OSTC_f4_4.elf.dir/Drivers/STM32F4xx_HAL_Driver/Src/stm32f4xx_hal_rcc_ex.c.obj
LOAD CMakeFiles/OSTC_f4_4.elf.dir/Drivers/STM32F4xx_HAL_Driver/Src/stm32f4xx_hal_tim.c.obj
LOAD CMakeFiles/OSTC_f4_4.elf.dir/Drivers/STM32F4xx_HAL_Driver/Src/stm32f4xx_hal_tim_ex.c.obj
LOAD CMakeFiles/OSTC_f4_4.elf.dir/Drivers/STM32F4xx_HAL_Driver/Src/stm32f4xx_hal_uart.c.obj
LOAD /usr/lib/gcc/arm-none-eabi/13.2.1/../../../arm-none-eabi/lib/thumb/v7e-m/nofp/libstdc++.a
LOAD /usr/lib/gcc/arm-none-eabi/13.2.1/../../../arm-none-eabi/lib/thumb/v7e-m/nofp/libm.a
START GROUP
LOAD /usr/lib/gcc/arm-none-eabi/13.2.1/thumb/v7e-m/nofp/libgcc.a
LOAD /usr/lib/gcc/arm-none-eabi/13.2.1/../../../arm-none-eabi/lib/thumb/v7e-m/nofp/libc.a
END GROUP
LOAD /usr/lib/gcc/arm-none-eabi/13.2.1/thumb/v7e-m/nofp/crtend.o
LOAD /usr/lib/gcc/arm-none-eabi/13.2.1/thumb/v7e-m/nofp/crtn.o
                0x20020000                        _estack = (ORIGIN (RAM) + LENGTH (RAM))
                0x00000200                        _Min_Heap_Size = 0x200
                0x00000400                        _Min_Stack_Size = 0x400

.isr_vector     0x08000000      0x188
                0x08000000                        . = ALIGN (0x4)
 *(.isr_vector)
 .isr_vector    0x08000000      0x188 CMakeFiles/OSTC_f4_4.elf.dir/Core/Startup/startup_stm32f407vetx.s.obj
                0x08000000                g_pfnVectors
                0x08000188                        . = ALIGN (0x4)

.text           0x08000188     0x3e34
                0x08000188                        . = ALIGN (0x4)
 *(.text)
 .text          0x08000188       0x88 /usr/lib/gcc/arm-none-eabi/13.2.1/thumb/v7e-m/nofp/crtbegin.o
 .text          0x08000210       0x30 /usr/lib/gcc/arm-none-eabi/13.2.1/thumb/v7e-m/nofp/libgcc.a(_aeabi_uldivmod.o)
                0x08000210                __aeabi_uldivmod
 .text          0x08000240      0x2bc /usr/lib/gcc/arm-none-eabi/13.2.1/thumb/v7e-m/nofp/libgcc.a(_udivmoddi4.o)
                0x08000240                __udivmoddi4
 .text          0x080004fc        0x4 /usr/lib/gcc/arm-none-eabi/13.2.1/thumb/v7e-m/nofp/libgcc.a(_dvmd_tls.o)
                0x080004fc                __aeabi_ldiv0
                0x080004fc                __aeabi_idiv0
 .text          0x08000500       0x34 /usr/lib/gcc/arm-none-eabi/13.2.1/../../../arm-none-eabi/lib/thumb/v7e-m/nofp/libc.a(libc_a-getenv.o)
                0x08000500                _findenv
                0x08000518                getenv
 .text          0x08000534       0xa4 /usr/lib/gcc/arm-none-eabi/13.2.1/../../../arm-none-eabi/lib/thumb/v7e-m/nofp/libc.a(libc_a-memset.o)
                0x08000534                memset
 .text          0x080005d8       0xd0 /usr/lib/gcc/arm-none-eabi/13.2.1/../../../arm-none-eabi/lib/thumb/v7e-m/nofp/libc.a(libc_a-strchr.o)
                0x080005d8                strchr
 .text          0x080006a8      0x168 /usr/lib/gcc/arm-none-eabi/13.2.1/../../../arm-none-eabi/lib/thumb/v7e-m/nofp/libc.a(libc_a-strtoul.o)
                0x080007dc                _strtoul_r
                0x080007e0                strtoul_l
                0x080007f8                strtoul
 .text          0x08000810        0xc /usr/lib/gcc/arm-none-eabi/13.2.1/../../../arm-none-eabi/lib/thumb/v7e-m/nofp/libc.a(libc_a-errno.o)
                0x08000810                __errno
 .text          0x0800081c       0x5c /usr/lib/gcc/arm-none-eabi/13.2.1/../../../arm-none-eabi/lib/thumb/v7e-m/nofp/libc.a(libc_a-memcmp.o)
                0x0800081c                memcmp
 .text          0x08000878       0x20 /usr/lib/gcc/arm-none-eabi/13.2.1/../../../arm-none-eabi/lib/thumb/v7e-m/nofp/libc.a(libc_a-malloc.o)
                0x08000878                malloc
                0x08000888                free
 .text          0x08000898       0x50 /usr/lib/gcc/arm-none-eabi/13.2.1/../../../arm-none-eabi/lib/thumb/v7e-m/nofp/libc.a(libc_a-init.o)
                0x08000898                __libc_init_array
 .text          0x080008e8       0x90 /usr/lib/gcc/arm-none-eabi/13.2.1/../../../arm-none-eabi/lib/thumb/v7e-m/nofp/libc.a(libc_a-getenv_r.o)
                0x080008e8                _findenv_r
                0x08000968                _getenv_r
 .text          0x08000978        0xc /usr/lib/gcc/arm-none-eabi/13.2.1/../../../arm-none-eabi/lib/thumb/v7e-m/nofp/libc.a(libc_a-atexit.o)
                0x08000978                atexit
 .text          0x08000984       0x28 /usr/lib/gcc/arm-none-eabi/13.2.1/../../../arm-none-eabi/lib/thumb/v7e-m/nofp/libc.a(libc_a-fini.o)
                0x08000984                __libc_fini_array
 .text          0x080009ac        0x8 /usr/lib/gcc/arm-none-eabi/13.2.1/../../../arm-none-eabi/lib/thumb/v7e-m/nofp/libc.a(libc_a-envlock.o)
                0x080009ac                __env_lock
                0x080009b0                __env_unlock
 .text          0x080009b4       0x8c /usr/lib/gcc/arm-none-eabi/13.2.1/../../../arm-none-eabi/lib/thumb/v7e-m/nofp/libc.a(libc_a-strncmp.o)
                0x080009b4                strncmp
 .text          0x08000a40      0x55c /usr/lib/gcc/arm-none-eabi/13.2.1/../../../arm-none-eabi/lib/thumb/v7e-m/nofp/libc.a(libc_a-mallocr.o)
                0x08000a40                _malloc_r
 .text          0x08000f9c      0x2b0 /usr/lib/gcc/arm-none-eabi/13.2.1/../../../arm-none-eabi/lib/thumb/v7e-m/nofp/libc.a(libc_a-freer.o)
                0x08000f9c                _malloc_trim_r
                0x08001054                _free_r
 .text          0x0800124c       0x1c /usr/lib/gcc/arm-none-eabi/13.2.1/../../../arm-none-eabi/lib/thumb/v7e-m/nofp/libc.a(libc_a-sysconf.o)
                0x0800124c                sysconf
 .text          0x08001268       0x64 /usr/lib/gcc/arm-none-eabi/13.2.1/../../../arm-none-eabi/lib/thumb/v7e-m/nofp/libc.a(libc_a-__atexit.o)
                0x08001268                __register_exitproc
 .text          0x080012cc        0x8 /usr/lib/gcc/arm-none-eabi/13.2.1/../../../arm-none-eabi/lib/thumb/v7e-m/nofp/libc.a(libc_a-mlock.o)
                0x080012cc                __malloc_lock
                0x080012d0                __malloc_unlock
 .text          0x080012d4       0x24 /usr/lib/gcc/arm-none-eabi/13.2.1/../../../arm-none-eabi/lib/thumb/v7e-m/nofp/libc.a(libc_a-sbrkr.o)
                0x080012d4                _sbrk_r
 *(.text*)
 .text.set_calls
                0x080012f8        0xc CMakeFiles/OSTC_f4_4.elf.dir/Core/Src/Setup_and_Loop.cpp.obj
                0x080012f8                set_calls
 .text.MX_GPIO_Init
                0x08001304       0x74 CMakeFiles/OSTC_f4_4.elf.dir/Core/Src/gpio.c.obj
                0x08001304                MX_GPIO_Init
 .text.jetson_init
                0x08001378        0x8 CMakeFiles/OSTC_f4_4.elf.dir/Core/Src/jetson.cpp.obj
                0x08001378                jetson_init
 .text.HAL_UART_RxCpltCallback
                0x08001380       0x40 CMakeFiles/OSTC_f4_4.elf.dir/Core/Src/main.c.obj
                0x08001380                HAL_UART_RxCpltCallback
 .text.SystemClock_Config
                0x080013c0       0xa4 CMakeFiles/OSTC_f4_4.elf.dir/Core/Src/main.c.obj
                0x080013c0                SystemClock_Config
 .text.startup.main
                0x08001464       0x6c CMakeFiles/OSTC_f4_4.elf.dir/Core/Src/main.c.obj
                0x08001464                main
 .text.Error_Handler
                0x080014d0        0x4 CMakeFiles/OSTC_f4_4.elf.dir/Core/Src/main.c.obj
                0x080014d0                Error_Handler
 .text.robot_init
                0x080014d4       0xa4 CMakeFiles/OSTC_f4_4.elf.dir/Core/Src/robot.cpp.obj
                0x080014d4                robot_init
 .text.HAL_MspInit
                0x08001578       0x38 CMakeFiles/OSTC_f4_4.elf.dir/Core/Src/stm32f4xx_hal_msp.c.obj
                0x08001578                HAL_MspInit
 .text.NMI_Handler
                0x080015b0        0x4 CMakeFiles/OSTC_f4_4.elf.dir/Core/Src/stm32f4xx_it.c.obj
                0x080015b0                NMI_Handler
 .text.HardFault_Handler
                0x080015b4        0x4 CMakeFiles/OSTC_f4_4.elf.dir/Core/Src/stm32f4xx_it.c.obj
                0x080015b4                HardFault_Handler
 .text.MemManage_Handler
                0x080015b8        0x4 CMakeFiles/OSTC_f4_4.elf.dir/Core/Src/stm32f4xx_it.c.obj
                0x080015b8                MemManage_Handler
 .text.BusFault_Handler
                0x080015bc        0x4 CMakeFiles/OSTC_f4_4.elf.dir/Core/Src/stm32f4xx_it.c.obj
                0x080015bc                BusFault_Handler
 .text.UsageFault_Handler
                0x080015c0        0x4 CMakeFiles/OSTC_f4_4.elf.dir/Core/Src/stm32f4xx_it.c.obj
                0x080015c0                UsageFault_Handler
 .text.SVC_Handler
                0x080015c4        0x4 CMakeFiles/OSTC_f4_4.elf.dir/Core/Src/stm32f4xx_it.c.obj
                0x080015c4                SVC_Handler
 .text.DebugMon_Handler
                0x080015c8        0x4 CMakeFiles/OSTC_f4_4.elf.dir/Core/Src/stm32f4xx_it.c.obj
                0x080015c8                DebugMon_Handler
 .text.PendSV_Handler
                0x080015cc        0x4 CMakeFiles/OSTC_f4_4.elf.dir/Core/Src/stm32f4xx_it.c.obj
                0x080015cc                PendSV_Handler
 .text.SysTick_Handler
                0x080015d0        0x4 CMakeFiles/OSTC_f4_4.elf.dir/Core/Src/stm32f4xx_it.c.obj
                0x080015d0                SysTick_Handler
 .text.USART1_IRQHandler
                0x080015d4        0xc CMakeFiles/OSTC_f4_4.elf.dir/Core/Src/stm32f4xx_it.c.obj
                0x080015d4                USART1_IRQHandler
 .text.TIM7_IRQHandler
                0x080015e0       0x1c CMakeFiles/OSTC_f4_4.elf.dir/Core/Src/stm32f4xx_it.c.obj
                0x080015e0                TIM7_IRQHandler
 .text._sbrk    0x080015fc       0x44 CMakeFiles/OSTC_f4_4.elf.dir/Core/Src/sysmem.c.obj
                0x080015fc                _sbrk
 .text.SystemInit
                0x08001640        0x4 CMakeFiles/OSTC_f4_4.elf.dir/Core/Src/system_stm32f4xx.c.obj
                0x08001640                SystemInit
 .text.MX_TIM2_Init
                0x08001644       0x64 CMakeFiles/OSTC_f4_4.elf.dir/Core/Src/tim.c.obj
                0x08001644                MX_TIM2_Init
 .text.MX_TIM3_Init
                0x080016a8       0x68 CMakeFiles/OSTC_f4_4.elf.dir/Core/Src/tim.c.obj
                0x080016a8                MX_TIM3_Init
 .text.MX_TIM4_Init
                0x08001710       0x68 CMakeFiles/OSTC_f4_4.elf.dir/Core/Src/tim.c.obj
                0x08001710                MX_TIM4_Init
 .text.MX_TIM5_Init
                0x08001778       0x68 CMakeFiles/OSTC_f4_4.elf.dir/Core/Src/tim.c.obj
                0x08001778                MX_TIM5_Init
 .text.MX_TIM7_Init
                0x080017e0       0x54 CMakeFiles/OSTC_f4_4.elf.dir/Core/Src/tim.c.obj
                0x080017e0                MX_TIM7_Init
 .text.MX_TIM10_Init
                0x08001834      0x1a4 CMakeFiles/OSTC_f4_4.elf.dir/Core/Src/tim.c.obj
                0x08001834                MX_TIM10_Init
 .text.MX_TIM11_Init
                0x080019d8      0x1a4 CMakeFiles/OSTC_f4_4.elf.dir/Core/Src/tim.c.obj
                0x080019d8                MX_TIM11_Init
 .text.HAL_TIM_Base_MspInit
                0x08001b7c      0x100 CMakeFiles/OSTC_f4_4.elf.dir/Core/Src/tim.c.obj
                0x08001b7c                HAL_TIM_Base_MspInit
 .text.HAL_TIM_Encoder_MspInit
                0x08001c7c      0x17c CMakeFiles/OSTC_f4_4.elf.dir/Core/Src/tim.c.obj
                0x08001c7c                HAL_TIM_Encoder_MspInit
 .text.HAL_TIM_MspPostInit
                0x08001df8      0x144 CMakeFiles/OSTC_f4_4.elf.dir/Core/Src/tim.c.obj
                0x08001df8                HAL_TIM_MspPostInit
 .text.MX_TIM1_Init
                0x08001f3c      0x130 CMakeFiles/OSTC_f4_4.elf.dir/Core/Src/tim.c.obj
                0x08001f3c                MX_TIM1_Init
 .text.MX_TIM8_Init
                0x0800206c      0x10c CMakeFiles/OSTC_f4_4.elf.dir/Core/Src/tim.c.obj
                0x0800206c                MX_TIM8_Init
 .text.MX_TIM9_Init
                0x08002178       0xac CMakeFiles/OSTC_f4_4.elf.dir/Core/Src/tim.c.obj
                0x08002178                MX_TIM9_Init
 .text.MX_USART1_UART_Init
                0x08002224       0x38 CMakeFiles/OSTC_f4_4.elf.dir/Core/Src/usart.c.obj
                0x08002224                MX_USART1_UART_Init
 .text.HAL_UART_MspInit
                0x0800225c       0x80 CMakeFiles/OSTC_f4_4.elf.dir/Core/Src/usart.c.obj
                0x0800225c                HAL_UART_MspInit
 .text.Reset_Handler
                0x080022dc       0x50 CMakeFiles/OSTC_f4_4.elf.dir/Core/Startup/startup_stm32f407vetx.s.obj
                0x080022dc                Reset_Handler
 .text.Default_Handler
                0x0800232c        0x2 CMakeFiles/OSTC_f4_4.elf.dir/Core/Startup/startup_stm32f407vetx.s.obj
                0x0800232c                RTC_Alarm_IRQHandler
                0x0800232c                HASH_RNG_IRQHandler
                0x0800232c                EXTI2_IRQHandler
                0x0800232c                TIM8_CC_IRQHandler
                0x0800232c                TIM1_CC_IRQHandler
                0x0800232c                DMA2_Stream5_IRQHandler
                0x0800232c                DMA1_Stream5_IRQHandler
                0x0800232c                PVD_IRQHandler
                0x0800232c                SDIO_IRQHandler
                0x0800232c                TAMP_STAMP_IRQHandler
                0x0800232c                CAN2_RX1_IRQHandler
                0x0800232c                EXTI3_IRQHandler
                0x0800232c                TIM8_TRG_COM_TIM14_IRQHandler
                0x0800232c                TIM1_UP_TIM10_IRQHandler
                0x0800232c                TIM8_UP_TIM13_IRQHandler
                0x0800232c                I2C3_ER_IRQHandler
                0x0800232c                EXTI0_IRQHandler
                0x0800232c                I2C2_EV_IRQHandler
                0x0800232c                DMA1_Stream2_IRQHandler
                0x0800232c                CAN1_RX0_IRQHandler
                0x0800232c                FPU_IRQHandler
                0x0800232c                OTG_HS_WKUP_IRQHandler
                0x0800232c                CAN2_SCE_IRQHandler
                0x0800232c                DMA2_Stream2_IRQHandler
                0x0800232c                SPI1_IRQHandler
                0x0800232c                TIM6_DAC_IRQHandler
                0x0800232c                TIM1_BRK_TIM9_IRQHandler
                0x0800232c                DCMI_IRQHandler
                0x0800232c                CAN2_RX0_IRQHandler
                0x0800232c                DMA2_Stream3_IRQHandler
                0x0800232c                USART6_IRQHandler
                0x0800232c                USART3_IRQHandler
                0x0800232c                CAN1_RX1_IRQHandler
                0x0800232c                UART5_IRQHandler
                0x0800232c                DMA2_Stream0_IRQHandler
                0x0800232c                TIM4_IRQHandler
                0x0800232c                I2C1_EV_IRQHandler
                0x0800232c                DMA1_Stream6_IRQHandler
                0x0800232c                DMA1_Stream1_IRQHandler
                0x0800232c                UART4_IRQHandler
                0x0800232c                TIM3_IRQHandler
                0x0800232c                RCC_IRQHandler
                0x0800232c                TIM8_BRK_TIM12_IRQHandler
                0x0800232c                Default_Handler
                0x0800232c                EXTI15_10_IRQHandler
                0x0800232c                ADC_IRQHandler
                0x0800232c                DMA1_Stream7_IRQHandler
                0x0800232c                CAN2_TX_IRQHandler
                0x0800232c                TIM5_IRQHandler
                0x0800232c                DMA2_Stream7_IRQHandler
                0x0800232c                I2C3_EV_IRQHandler
                0x0800232c                EXTI9_5_IRQHandler
                0x0800232c                RTC_WKUP_IRQHandler
                0x0800232c                ETH_WKUP_IRQHandler
                0x0800232c                SPI2_IRQHandler
                0x0800232c                OTG_HS_EP1_IN_IRQHandler
                0x0800232c                DMA1_Stream0_IRQHandler
                0x0800232c                CAN1_TX_IRQHandler
                0x0800232c                EXTI4_IRQHandler
                0x0800232c                FSMC_IRQHandler
                0x0800232c                ETH_IRQHandler
                0x0800232c                OTG_HS_EP1_OUT_IRQHandler
                0x0800232c                WWDG_IRQHandler
                0x0800232c                TIM2_IRQHandler
                0x0800232c                OTG_FS_WKUP_IRQHandler
                0x0800232c                TIM1_TRG_COM_TIM11_IRQHandler
                0x0800232c                OTG_HS_IRQHandler
                0x0800232c                EXTI1_IRQHandler
                0x0800232c                USART2_IRQHandler
                0x0800232c                I2C2_ER_IRQHandler
                0x0800232c                DMA2_Stream1_IRQHandler
                0x0800232c                CAN1_SCE_IRQHandler
                0x0800232c                FLASH_IRQHandler
                0x0800232c                DMA2_Stream4_IRQHandler
                0x0800232c                OTG_FS_IRQHandler
                0x0800232c                SPI3_IRQHandler
                0x0800232c                DMA1_Stream4_IRQHandler
                0x0800232c                I2C1_ER_IRQHandler
                0x0800232c                DMA2_Stream6_IRQHandler
                0x0800232c                DMA1_Stream3_IRQHandler
 *fill*         0x0800232e        0x2 
 .text.HAL_InitTick
                0x08002330       0x48 CMakeFiles/OSTC_f4_4.elf.dir/Drivers/STM32F4xx_HAL_Driver/Src/stm32f4xx_hal.c.obj
                0x08002330                HAL_InitTick
 .text.HAL_Init
                0x08002378       0x34 CMakeFiles/OSTC_f4_4.elf.dir/Drivers/STM32F4xx_HAL_Driver/Src/stm32f4xx_hal.c.obj
                0x08002378                HAL_Init
 .text.HAL_IncTick
                0x080023ac       0x18 CMakeFiles/OSTC_f4_4.elf.dir/Drivers/STM32F4xx_HAL_Driver/Src/stm32f4xx_hal.c.obj
                0x080023ac                HAL_IncTick
 .text.HAL_GetTick
                0x080023c4        0xc CMakeFiles/OSTC_f4_4.elf.dir/Drivers/STM32F4xx_HAL_Driver/Src/stm32f4xx_hal.c.obj
                0x080023c4                HAL_GetTick
 .text.HAL_Delay
                0x080023d0       0x24 CMakeFiles/OSTC_f4_4.elf.dir/Drivers/STM32F4xx_HAL_Driver/Src/stm32f4xx_hal.c.obj
                0x080023d0                HAL_Delay
 .text.HAL_NVIC_SetPriorityGrouping
                0x080023f4       0x24 CMakeFiles/OSTC_f4_4.elf.dir/Drivers/STM32F4xx_HAL_Driver/Src/stm32f4xx_hal_cortex.c.obj
                0x080023f4                HAL_NVIC_SetPriorityGrouping
 .text.HAL_NVIC_SetPriority
                0x08002418       0x78 CMakeFiles/OSTC_f4_4.elf.dir/Drivers/STM32F4xx_HAL_Driver/Src/stm32f4xx_hal_cortex.c.obj
                0x08002418                HAL_NVIC_SetPriority
 .text.HAL_NVIC_EnableIRQ
                0x08002490       0x1c CMakeFiles/OSTC_f4_4.elf.dir/Drivers/STM32F4xx_HAL_Driver/Src/stm32f4xx_hal_cortex.c.obj
                0x08002490                HAL_NVIC_EnableIRQ
 .text.HAL_SYSTICK_Config
                0x080024ac       0x30 CMakeFiles/OSTC_f4_4.elf.dir/Drivers/STM32F4xx_HAL_Driver/Src/stm32f4xx_hal_cortex.c.obj
                0x080024ac                HAL_SYSTICK_Config
 .text.HAL_DMA_Abort
                0x080024dc       0x94 CMakeFiles/OSTC_f4_4.elf.dir/Drivers/STM32F4xx_HAL_Driver/Src/stm32f4xx_hal_dma.c.obj
                0x080024dc                HAL_DMA_Abort
 .text.HAL_DMA_Abort_IT
                0x08002570       0x24 CMakeFiles/OSTC_f4_4.elf.dir/Drivers/STM32F4xx_HAL_Driver/Src/stm32f4xx_hal_dma.c.obj
                0x08002570                HAL_DMA_Abort_IT
 .text.HAL_GPIO_Init
                0x08002594      0x3fc CMakeFiles/OSTC_f4_4.elf.dir/Drivers/STM32F4xx_HAL_Driver/Src/stm32f4xx_hal_gpio.c.obj
                0x08002594                HAL_GPIO_Init
 .text.HAL_RCC_OscConfig
                0x08002990      0x3c4 CMakeFiles/OSTC_f4_4.elf.dir/Drivers/STM32F4xx_HAL_Driver/Src/stm32f4xx_hal_rcc.c.obj
                0x08002990                HAL_RCC_OscConfig
 .text.HAL_RCC_GetSysClockFreq
                0x08002d54       0x68 CMakeFiles/OSTC_f4_4.elf.dir/Drivers/STM32F4xx_HAL_Driver/Src/stm32f4xx_hal_rcc.c.obj
                0x08002d54                HAL_RCC_GetSysClockFreq
 .text.HAL_RCC_ClockConfig
                0x08002dbc      0x13c CMakeFiles/OSTC_f4_4.elf.dir/Drivers/STM32F4xx_HAL_Driver/Src/stm32f4xx_hal_rcc.c.obj
                0x08002dbc                HAL_RCC_ClockConfig
 .text.HAL_RCC_GetPCLK1Freq
                0x08002ef8       0x20 CMakeFiles/OSTC_f4_4.elf.dir/Drivers/STM32F4xx_HAL_Driver/Src/stm32f4xx_hal_rcc.c.obj
                0x08002ef8                HAL_RCC_GetPCLK1Freq
 .text.HAL_RCC_GetPCLK2Freq
                0x08002f18       0x20 CMakeFiles/OSTC_f4_4.elf.dir/Drivers/STM32F4xx_HAL_Driver/Src/stm32f4xx_hal_rcc.c.obj
                0x08002f18                HAL_RCC_GetPCLK2Freq
 .text.HAL_TIM_Base_Init
                0x08002f38      0x130 CMakeFiles/OSTC_f4_4.elf.dir/Drivers/STM32F4xx_HAL_Driver/Src/stm32f4xx_hal_tim.c.obj
                0x08002f38                HAL_TIM_Base_Init
 .text.HAL_TIM_PWM_MspInit
                0x08003068        0x4 CMakeFiles/OSTC_f4_4.elf.dir/Drivers/STM32F4xx_HAL_Driver/Src/stm32f4xx_hal_tim.c.obj
                0x08003068                HAL_TIM_PWM_MspInit
 .text.HAL_TIM_PWM_Init
                0x0800306c      0x130 CMakeFiles/OSTC_f4_4.elf.dir/Drivers/STM32F4xx_HAL_Driver/Src/stm32f4xx_hal_tim.c.obj
                0x0800306c                HAL_TIM_PWM_Init
 .text.HAL_TIM_Encoder_Init
                0x0800319c      0x184 CMakeFiles/OSTC_f4_4.elf.dir/Drivers/STM32F4xx_HAL_Driver/Src/stm32f4xx_hal_tim.c.obj
                0x0800319c                HAL_TIM_Encoder_Init
 .text.HAL_TIM_PWM_ConfigChannel
                0x08003320      0x20c CMakeFiles/OSTC_f4_4.elf.dir/Drivers/STM32F4xx_HAL_Driver/Src/stm32f4xx_hal_tim.c.obj
                0x08003320                HAL_TIM_PWM_ConfigChannel
 .text.HAL_TIM_ConfigClockSource
                0x0800352c      0x154 CMakeFiles/OSTC_f4_4.elf.dir/Drivers/STM32F4xx_HAL_Driver/Src/stm32f4xx_hal_tim.c.obj
                0x0800352c                HAL_TIM_ConfigClockSource
 .text.HAL_TIM_PeriodElapsedCallback
                0x08003680        0x4 CMakeFiles/OSTC_f4_4.elf.dir/Drivers/STM32F4xx_HAL_Driver/Src/stm32f4xx_hal_tim.c.obj
                0x08003680                HAL_TIM_PeriodElapsedCallback
 .text.HAL_TIM_OC_DelayElapsedCallback
                0x08003684        0x4 CMakeFiles/OSTC_f4_4.elf.dir/Drivers/STM32F4xx_HAL_Driver/Src/stm32f4xx_hal_tim.c.obj
                0x08003684                HAL_TIM_OC_DelayElapsedCallback
 .text.HAL_TIM_IC_CaptureCallback
                0x08003688        0x4 CMakeFiles/OSTC_f4_4.elf.dir/Drivers/STM32F4xx_HAL_Driver/Src/stm32f4xx_hal_tim.c.obj
                0x08003688                HAL_TIM_IC_CaptureCallback
 .text.HAL_TIM_PWM_PulseFinishedCallback
                0x0800368c        0x4 CMakeFiles/OSTC_f4_4.elf.dir/Drivers/STM32F4xx_HAL_Driver/Src/stm32f4xx_hal_tim.c.obj
                0x0800368c                HAL_TIM_PWM_PulseFinishedCallback
 .text.HAL_TIM_TriggerCallback
                0x08003690        0x4 CMakeFiles/OSTC_f4_4.elf.dir/Drivers/STM32F4xx_HAL_Driver/Src/stm32f4xx_hal_tim.c.obj
                0x08003690                HAL_TIM_TriggerCallback
 .text.HAL_TIM_IRQHandler
                0x08003694      0x138 CMakeFiles/OSTC_f4_4.elf.dir/Drivers/STM32F4xx_HAL_Driver/Src/stm32f4xx_hal_tim.c.obj
                0x08003694                HAL_TIM_IRQHandler
 .text.HAL_TIMEx_MasterConfigSynchronization
                0x080037cc       0x80 CMakeFiles/OSTC_f4_4.elf.dir/Drivers/STM32F4xx_HAL_Driver/Src/stm32f4xx_hal_tim_ex.c.obj
                0x080037cc                HAL_TIMEx_MasterConfigSynchronization
 .text.HAL_TIMEx_ConfigBreakDeadTime
                0x0800384c       0x54 CMakeFiles/OSTC_f4_4.elf.dir/Drivers/STM32F4xx_HAL_Driver/Src/stm32f4xx_hal_tim_ex.c.obj
                0x0800384c                HAL_TIMEx_ConfigBreakDeadTime
 .text.HAL_TIMEx_CommutCallback
                0x080038a0        0x4 CMakeFiles/OSTC_f4_4.elf.dir/Drivers/STM32F4xx_HAL_Driver/Src/stm32f4xx_hal_tim_ex.c.obj
                0x080038a0                HAL_TIMEx_CommutCallback
 .text.HAL_TIMEx_BreakCallback
                0x080038a4        0x4 CMakeFiles/OSTC_f4_4.elf.dir/Drivers/STM32F4xx_HAL_Driver/Src/stm32f4xx_hal_tim_ex.c.obj
                0x080038a4                HAL_TIMEx_BreakCallback
 .text.HAL_UART_Init
                0x080038a8      0x124 CMakeFiles/OSTC_f4_4.elf.dir/Drivers/STM32F4xx_HAL_Driver/Src/stm32f4xx_hal_uart.c.obj
                0x080038a8                HAL_UART_Init
 .text.HAL_UART_Transmit_IT
                0x080039cc       0x38 CMakeFiles/OSTC_f4_4.elf.dir/Drivers/STM32F4xx_HAL_Driver/Src/stm32f4xx_hal_uart.c.obj
                0x080039cc                HAL_UART_Transmit_IT
 .text.HAL_UART_Receive_IT
                0x08003a04       0x4c CMakeFiles/OSTC_f4_4.elf.dir/Drivers/STM32F4xx_HAL_Driver/Src/stm32f4xx_hal_uart.c.obj
                0x08003a04                HAL_UART_Receive_IT
 .text.HAL_UART_TxCpltCallback
                0x08003a50        0x4 CMakeFiles/OSTC_f4_4.elf.dir/Drivers/STM32F4xx_HAL_Driver/Src/stm32f4xx_hal_uart.c.obj
                0x08003a50                HAL_UART_TxCpltCallback
 .text.HAL_UART_ErrorCallback
                0x08003a54        0x4 CMakeFiles/OSTC_f4_4.elf.dir/Drivers/STM32F4xx_HAL_Driver/Src/stm32f4xx_hal_uart.c.obj
                0x08003a54                HAL_UART_ErrorCallback
 .text.UART_DMAAbortOnError
                0x08003a58       0x10 CMakeFiles/OSTC_f4_4.elf.dir/Drivers/STM32F4xx_HAL_Driver/Src/stm32f4xx_hal_uart.c.obj
 .text.HAL_UARTEx_RxEventCallback
                0x08003a68        0x4 CMakeFiles/OSTC_f4_4.elf.dir/Drivers/STM32F4xx_HAL_Driver/Src/stm32f4xx_hal_uart.c.obj
                0x08003a68                HAL_UARTEx_RxEventCallback
 .text.UART_Receive_IT.part.0.isra.0
                0x08003a6c       0xc0 CMakeFiles/OSTC_f4_4.elf.dir/Drivers/STM32F4xx_HAL_Driver/Src/stm32f4xx_hal_uart.c.obj
 .text.HAL_UART_IRQHandler
                0x08003b2c      0x364 CMakeFiles/OSTC_f4_4.elf.dir/Drivers/STM32F4xx_HAL_Driver/Src/stm32f4xx_hal_uart.c.obj
                0x08003b2c                HAL_UART_IRQHandler
 .text.startup._GLOBAL__sub_I__ZN9__gnu_cxx9__freeresEv
                0x08003e90      0x100 /usr/lib/gcc/arm-none-eabi/13.2.1/../../../arm-none-eabi/lib/thumb/v7e-m/nofp/libstdc++.a(eh_alloc.o)
 .text.startup  0x08003f90       0x14 /usr/lib/gcc/arm-none-eabi/13.2.1/../../../arm-none-eabi/lib/thumb/v7e-m/nofp/libc.a(libc_a-__call_atexit.o)
 *(.glue_7)
 .glue_7        0x08003fa4        0x0 linker stubs
 *(.glue_7t)
 .glue_7t       0x08003fa4        0x0 linker stubs
 *(.eh_frame)
 .eh_frame      0x08003fa4        0x0 /usr/lib/gcc/arm-none-eabi/13.2.1/thumb/v7e-m/nofp/crtbegin.o
 *(.init)
 .init          0x08003fa4        0x4 /usr/lib/gcc/arm-none-eabi/13.2.1/thumb/v7e-m/nofp/crti.o
                0x08003fa4                _init
 .init          0x08003fa8        0x8 /usr/lib/gcc/arm-none-eabi/13.2.1/thumb/v7e-m/nofp/crtn.o
 *(.fini)
 .fini          0x08003fb0        0x4 /usr/lib/gcc/arm-none-eabi/13.2.1/thumb/v7e-m/nofp/crti.o
                0x08003fb0                _fini
 .fini          0x08003fb4        0x8 /usr/lib/gcc/arm-none-eabi/13.2.1/thumb/v7e-m/nofp/crtn.o
                0x08003fbc                        . = ALIGN (0x4)
                0x08003fbc                        _etext = .

.vfp11_veneer   0x08003fbc        0x0
 .vfp11_veneer  0x08003fbc        0x0 linker stubs

.v4_bx          0x08003fbc        0x0
 .v4_bx         0x08003fbc        0x0 linker stubs

.iplt           0x08003fbc        0x0
 .iplt          0x08003fbc        0x0 /usr/lib/gcc/arm-none-eabi/13.2.1/thumb/v7e-m/nofp/crtbegin.o

.rodata         0x08003fbc      0x158
                0x08003fbc                        . = ALIGN (0x4)
 *(.rodata)
 .rodata        0x08003fbc      0x101 /usr/lib/gcc/arm-none-eabi/13.2.1/../../../arm-none-eabi/lib/thumb/v7e-m/nofp/libc.a(libc_a-ctype_.o)
                0x08003fbc                _ctype_
 *(.rodata*)
 *fill*         0x080040bd        0x3 
 .rodata.APBPrescTable
                0x080040c0        0x8 CMakeFiles/OSTC_f4_4.elf.dir/Core/Src/system_stm32f4xx.c.obj
                0x080040c0                APBPrescTable
 .rodata.AHBPrescTable
                0x080040c8       0x10 CMakeFiles/OSTC_f4_4.elf.dir/Core/Src/system_stm32f4xx.c.obj
                0x080040c8                AHBPrescTable
 .rodata._GLOBAL__sub_I__ZN9__gnu_cxx9__freeresEv.str1.4
                0x080040d8       0x3c /usr/lib/gcc/arm-none-eabi/13.2.1/../../../arm-none-eabi/lib/thumb/v7e-m/nofp/libstdc++.a(eh_alloc.o)
                0x08004114                        . = ALIGN (0x4)

.ARM.extab      0x08004114        0x0
                0x08004114                        . = ALIGN (0x4)
 *(.ARM.extab* .gnu.linkonce.armextab.*)
                0x08004114                        . = ALIGN (0x4)

.ARM            0x08004114        0x8
                0x08004114                        . = ALIGN (0x4)
                0x08004114                        __exidx_start = .
 *(.ARM.exidx*)
 .ARM.exidx     0x08004114        0x8 /usr/lib/gcc/arm-none-eabi/13.2.1/thumb/v7e-m/nofp/libgcc.a(_udivmoddi4.o)
 .ARM.exidx.text.set_calls
                0x0800411c        0x0 CMakeFiles/OSTC_f4_4.elf.dir/Core/Src/Setup_and_Loop.cpp.obj
                                  0x8 (size before relaxing)
 .ARM.exidx.text.jetson_init
                0x0800411c        0x0 CMakeFiles/OSTC_f4_4.elf.dir/Core/Src/jetson.cpp.obj
                                  0x8 (size before relaxing)
 .ARM.exidx.text.robot_init
                0x0800411c        0x0 CMakeFiles/OSTC_f4_4.elf.dir/Core/Src/robot.cpp.obj
                                  0x8 (size before relaxing)
 .ARM.exidx.text.startup._GLOBAL__sub_I__ZN9__gnu_cxx9__freeresEv
                0x0800411c        0x0 /usr/lib/gcc/arm-none-eabi/13.2.1/../../../arm-none-eabi/lib/thumb/v7e-m/nofp/libstdc++.a(eh_alloc.o)
                                  0x8 (size before relaxing)
                0x0800411c                        __exidx_end = .
                0x0800411c                        . = ALIGN (0x4)

.preinit_array  0x0800411c        0x0
                0x0800411c                        . = ALIGN (0x4)
                0x0800411c                        PROVIDE (__preinit_array_start = .)
 *(.preinit_array*)
                0x0800411c                        PROVIDE (__preinit_array_end = .)
                0x0800411c                        . = ALIGN (0x4)

.init_array     0x0800411c        0xc
                0x0800411c                        . = ALIGN (0x4)
                0x0800411c                        PROVIDE (__init_array_start = .)
 *(SORT_BY_NAME(.init_array.*))
 .init_array.00000
                0x0800411c        0x4 /usr/lib/gcc/arm-none-eabi/13.2.1/../../../arm-none-eabi/lib/thumb/v7e-m/nofp/libc.a(libc_a-__call_atexit.o)
 *(.init_array*)
 .init_array    0x08004120        0x4 /usr/lib/gcc/arm-none-eabi/13.2.1/thumb/v7e-m/nofp/crtbegin.o
 .init_array    0x08004124        0x4 /usr/lib/gcc/arm-none-eabi/13.2.1/../../../arm-none-eabi/lib/thumb/v7e-m/nofp/libstdc++.a(eh_alloc.o)
                0x08004128                        PROVIDE (__init_array_end = .)
                0x08004128                        . = ALIGN (0x4)

.fini_array     0x08004128        0x4
                0x08004128                        . = ALIGN (0x4)
                0x08004128                        PROVIDE (__fini_array_start = .)
 *(SORT_BY_NAME(.fini_array.*))
 *(.fini_array*)
 .fini_array    0x08004128        0x4 /usr/lib/gcc/arm-none-eabi/13.2.1/thumb/v7e-m/nofp/crtbegin.o
                0x0800412c                        PROVIDE (__fini_array_end = .)
                0x0800412c                        . = ALIGN (0x4)
                0x0800412c                        _sidata = LOADADDR (.data)

.rel.dyn        0x0800412c        0x0
 .rel.iplt      0x0800412c        0x0 /usr/lib/gcc/arm-none-eabi/13.2.1/thumb/v7e-m/nofp/crtbegin.o

.data           0x20000000      0x548 load address 0x0800412c
                0x20000000                        . = ALIGN (0x4)
                0x20000000                        _sdata = .
 *(.data)
 .data          0x20000000      0x128 /usr/lib/gcc/arm-none-eabi/13.2.1/../../../arm-none-eabi/lib/thumb/v7e-m/nofp/libc.a(libc_a-impure.o)
                0x20000000                _impure_ptr
                0x20000008                _impure_data
 .data          0x20000128      0x410 /usr/lib/gcc/arm-none-eabi/13.2.1/../../../arm-none-eabi/lib/thumb/v7e-m/nofp/libc.a(libc_a-mallocr.o)
                0x20000128                __malloc_av_
                0x20000530                __malloc_sbrk_base
                0x20000534                __malloc_trim_threshold
 *(.data*)
 .data.environ  0x20000538        0x4 CMakeFiles/OSTC_f4_4.elf.dir/Core/Src/syscalls.c.obj
                0x20000538                environ
 .data.SystemCoreClock
                0x2000053c        0x4 CMakeFiles/OSTC_f4_4.elf.dir/Core/Src/system_stm32f4xx.c.obj
                0x2000053c                SystemCoreClock
 .data.uwTickFreq
                0x20000540        0x1 CMakeFiles/OSTC_f4_4.elf.dir/Drivers/STM32F4xx_HAL_Driver/Src/stm32f4xx_hal.c.obj
                0x20000540                uwTickFreq
 *fill*         0x20000541        0x3 
 .data.uwTickPrio
                0x20000544        0x4 CMakeFiles/OSTC_f4_4.elf.dir/Drivers/STM32F4xx_HAL_Driver/Src/stm32f4xx_hal.c.obj
                0x20000544                uwTickPrio
 *(.RamFunc)
 *(.RamFunc*)
                0x20000548                        . = ALIGN (0x4)
                0x20000548                        _edata = .
                0x08004674                        _siccmram = LOADADDR (.ccmram)

.tm_clone_table
                0x20000548        0x0 load address 0x08004674
 .tm_clone_table
                0x20000548        0x0 /usr/lib/gcc/arm-none-eabi/13.2.1/thumb/v7e-m/nofp/crtbegin.o
 .tm_clone_table
                0x20000548        0x0 /usr/lib/gcc/arm-none-eabi/13.2.1/thumb/v7e-m/nofp/crtend.o

.igot.plt       0x20000548        0x0 load address 0x08004674
 .igot.plt      0x20000548        0x0 /usr/lib/gcc/arm-none-eabi/13.2.1/thumb/v7e-m/nofp/crtbegin.o

.ccmram         0x10000000        0x0 load address 0x08004674
                0x10000000                        . = ALIGN (0x4)
                0x10000000                        _sccmram = .
 *(.ccmram)
 *(.ccmram*)
                0x10000000                        . = ALIGN (0x4)
                0x10000000                        _eccmram = .
                0x10000000                        . = ALIGN (0x4)

.bss            0x20000548      0x788
                0x20000548                        _sbss = .
                0x20000548                        __bss_start__ = _sbss
 *(.bss)
 .bss           0x20000548       0x1c /usr/lib/gcc/arm-none-eabi/13.2.1/thumb/v7e-m/nofp/crtbegin.o
 .bss           0x20000564      0x13c /usr/lib/gcc/arm-none-eabi/13.2.1/../../../arm-none-eabi/lib/thumb/v7e-m/nofp/libc.a(libc_a-findfp.o)
                0x20000564                __sf
                0x2000069c                __stdio_exit_handler
 .bss           0x200006a0       0x34 /usr/lib/gcc/arm-none-eabi/13.2.1/../../../arm-none-eabi/lib/thumb/v7e-m/nofp/libc.a(libc_a-mallocr.o)
                0x200006a0                __malloc_top_pad
                0x200006a4                __malloc_current_mallinfo
                0x200006cc                __malloc_max_sbrked_mem
                0x200006d0                __malloc_max_total_mem
 .bss           0x200006d4        0x4 /usr/lib/gcc/arm-none-eabi/13.2.1/../../../arm-none-eabi/lib/thumb/v7e-m/nofp/libc.a(libc_a-__call_atexit.o)
                0x200006d4                __atexit
 .bss           0x200006d8        0x4 /usr/lib/gcc/arm-none-eabi/13.2.1/../../../arm-none-eabi/lib/thumb/v7e-m/nofp/libc.a(libc_a-reent.o)
                0x200006d8                errno
 .bss           0x200006dc      0x190 /usr/lib/gcc/arm-none-eabi/13.2.1/../../../arm-none-eabi/lib/thumb/v7e-m/nofp/libc.a(libc_a-__atexit.o)
                0x200006dc                __atexit0
 *(.bss*)
 .bss._ZZ11jetson_initE16JETSON_RX_BUFFER
                0x2000086c        0x2 CMakeFiles/OSTC_f4_4.elf.dir/Core/Src/jetson.cpp.obj
 *fill*         0x2000086e        0x2 
 .bss._ZZ10robot_initE7myrobot
                0x20000870      0x120 CMakeFiles/OSTC_f4_4.elf.dir/Core/Src/robot.cpp.obj
 .bss._ZZ10robot_initE7is_init
                0x20000990        0x4 CMakeFiles/OSTC_f4_4.elf.dir/Core/Src/robot.cpp.obj
 .bss.__env     0x20000994        0x4 CMakeFiles/OSTC_f4_4.elf.dir/Core/Src/syscalls.c.obj
                0x20000994                __env
 .bss.__sbrk_heap_end
                0x20000998        0x4 CMakeFiles/OSTC_f4_4.elf.dir/Core/Src/sysmem.c.obj
 .bss.htim11    0x2000099c       0x48 CMakeFiles/OSTC_f4_4.elf.dir/Core/Src/tim.c.obj
                0x2000099c                htim11
 .bss.htim10    0x200009e4       0x48 CMakeFiles/OSTC_f4_4.elf.dir/Core/Src/tim.c.obj
                0x200009e4                htim10
 .bss.htim9     0x20000a2c       0x48 CMakeFiles/OSTC_f4_4.elf.dir/Core/Src/tim.c.obj
                0x20000a2c                htim9
 *fill*         0x20000a74        0x4 
 .bss.htim8     0x20000a78       0x48 CMakeFiles/OSTC_f4_4.elf.dir/Core/Src/tim.c.obj
                0x20000a78                htim8
 .bss.htim7     0x20000ac0       0x48 CMakeFiles/OSTC_f4_4.elf.dir/Core/Src/tim.c.obj
                0x20000ac0                htim7
 .bss.htim5     0x20000b08       0x48 CMakeFiles/OSTC_f4_4.elf.dir/Core/Src/tim.c.obj
                0x20000b08                htim5
 .bss.htim4     0x20000b50       0x48 CMakeFiles/OSTC_f4_4.elf.dir/Core/Src/tim.c.obj
                0x20000b50                htim4
 .bss.htim3     0x20000b98       0x48 CMakeFiles/OSTC_f4_4.elf.dir/Core/Src/tim.c.obj
                0x20000b98                htim3
 .bss.htim2     0x20000be0       0x48 CMakeFiles/OSTC_f4_4.elf.dir/Core/Src/tim.c.obj
                0x20000be0                htim2
 .bss.htim1     0x20000c28       0x48 CMakeFiles/OSTC_f4_4.elf.dir/Core/Src/tim.c.obj
                0x20000c28                htim1
 .bss.huart1    0x20000c70       0x48 CMakeFiles/OSTC_f4_4.elf.dir/Core/Src/usart.c.obj
                0x20000c70                huart1
 .bss.uwTick    0x20000cb8        0x4 CMakeFiles/OSTC_f4_4.elf.dir/Drivers/STM32F4xx_HAL_Driver/Src/stm32f4xx_hal.c.obj
                0x20000cb8                uwTick
 *fill*         0x20000cbc        0x4 
 .bss._ZN12_GLOBAL__N_114emergency_poolE
                0x20000cc0       0x10 /usr/lib/gcc/arm-none-eabi/13.2.1/../../../arm-none-eabi/lib/thumb/v7e-m/nofp/libstdc++.a(eh_alloc.o)
 *(COMMON)
                0x20000cd0                        . = ALIGN (0x4)
                0x20000cd0                        _ebss = .
                0x20000cd0                        __bss_end__ = _ebss

._user_heap_stack
                0x20000cd0      0x600
                0x20000cd0                        . = ALIGN (0x8)
                [!provide]                        PROVIDE (end = .)
                0x20000cd0                        PROVIDE (_end = .)
                0x20000ed0                        . = (. + _Min_Heap_Size)
 *fill*         0x20000cd0      0x200 
                0x200012d0                        . = (. + _Min_Stack_Size)
 *fill*         0x20000ed0      0x400 
                0x200012d0                        . = ALIGN (0x8)

/DISCARD/
 libc.a(*)
 libm.a(*)
 libgcc.a(*)

.ARM.attributes
                0x00000000       0x2a
 *(.ARM.attributes)
 .ARM.attributes
                0x00000000       0x1e /usr/lib/gcc/arm-none-eabi/13.2.1/thumb/v7e-m/nofp/crti.o
 .ARM.attributes
                0x0000001e       0x2e /usr/lib/gcc/arm-none-eabi/13.2.1/thumb/v7e-m/nofp/crtbegin.o
 .ARM.attributes
                0x0000004c       0x2a CMakeFiles/OSTC_f4_4.elf.dir/Core/Src/Setup_and_Loop.cpp.obj
 .ARM.attributes
                0x00000076       0x2a CMakeFiles/OSTC_f4_4.elf.dir/Core/Src/gpio.c.obj
 .ARM.attributes
                0x000000a0       0x2a CMakeFiles/OSTC_f4_4.elf.dir/Core/Src/jetson.cpp.obj
 .ARM.attributes
                0x000000ca       0x2a CMakeFiles/OSTC_f4_4.elf.dir/Core/Src/main.c.obj
 .ARM.attributes
                0x000000f4       0x2a CMakeFiles/OSTC_f4_4.elf.dir/Core/Src/robot.cpp.obj
 .ARM.attributes
                0x0000011e       0x2a CMakeFiles/OSTC_f4_4.elf.dir/Core/Src/stm32f4xx_hal_msp.c.obj
 .ARM.attributes
                0x00000148       0x2a CMakeFiles/OSTC_f4_4.elf.dir/Core/Src/stm32f4xx_it.c.obj
 .ARM.attributes
                0x00000172       0x2a CMakeFiles/OSTC_f4_4.elf.dir/Core/Src/syscalls.c.obj
 .ARM.attributes
                0x0000019c       0x2a CMakeFiles/OSTC_f4_4.elf.dir/Core/Src/sysmem.c.obj
 .ARM.attributes
                0x000001c6       0x2a CMakeFiles/OSTC_f4_4.elf.dir/Core/Src/system_stm32f4xx.c.obj
 .ARM.attributes
                0x000001f0       0x2a CMakeFiles/OSTC_f4_4.elf.dir/Core/Src/tim.c.obj
 .ARM.attributes
                0x0000021a       0x2a CMakeFiles/OSTC_f4_4.elf.dir/Core/Src/usart.c.obj
 .ARM.attributes
                0x00000244       0x21 CMakeFiles/OSTC_f4_4.elf.dir/Core/Startup/startup_stm32f407vetx.s.obj
 .ARM.attributes
                0x00000265       0x2a CMakeFiles/OSTC_f4_4.elf.dir/Drivers/STM32F4xx_HAL_Driver/Src/stm32f4xx_hal.c.obj
 .ARM.attributes
                0x0000028f       0x2a CMakeFiles/OSTC_f4_4.elf.dir/Drivers/STM32F4xx_HAL_Driver/Src/stm32f4xx_hal_cortex.c.obj
 .ARM.attributes
                0x000002b9       0x2a CMakeFiles/OSTC_f4_4.elf.dir/Drivers/STM32F4xx_HAL_Driver/Src/stm32f4xx_hal_dma.c.obj
 .ARM.attributes
                0x000002e3       0x2a CMakeFiles/OSTC_f4_4.elf.dir/Drivers/STM32F4xx_HAL_Driver/Src/stm32f4xx_hal_gpio.c.obj
 .ARM.attributes
                0x0000030d       0x2a CMakeFiles/OSTC_f4_4.elf.dir/Drivers/STM32F4xx_HAL_Driver/Src/stm32f4xx_hal_rcc.c.obj
 .ARM.attributes
                0x00000337       0x2a CMakeFiles/OSTC_f4_4.elf.dir/Drivers/STM32F4xx_HAL_Driver/Src/stm32f4xx_hal_tim.c.obj
 .ARM.attributes
                0x00000361       0x2a CMakeFiles/OSTC_f4_4.elf.dir/Drivers/STM32F4xx_HAL_Driver/Src/stm32f4xx_hal_tim_ex.c.obj
 .ARM.attributes
                0x0000038b       0x2a CMakeFiles/OSTC_f4_4.elf.dir/Drivers/STM32F4xx_HAL_Driver/Src/stm32f4xx_hal_uart.c.obj
 .ARM.attributes
                0x000003b5       0x2e /usr/lib/gcc/arm-none-eabi/13.2.1/../../../arm-none-eabi/lib/thumb/v7e-m/nofp/libstdc++.a(eh_alloc.o)
 .ARM.attributes
                0x000003e3       0x1e /usr/lib/gcc/arm-none-eabi/13.2.1/thumb/v7e-m/nofp/libgcc.a(_aeabi_uldivmod.o)
 .ARM.attributes
                0x00000401       0x2e /usr/lib/gcc/arm-none-eabi/13.2.1/thumb/v7e-m/nofp/libgcc.a(_udivmoddi4.o)
 .ARM.attributes
                0x0000042f       0x1e /usr/lib/gcc/arm-none-eabi/13.2.1/thumb/v7e-m/nofp/libgcc.a(_dvmd_tls.o)
 .ARM.attributes
                0x0000044d       0x2e /usr/lib/gcc/arm-none-eabi/13.2.1/../../../arm-none-eabi/lib/thumb/v7e-m/nofp/libc.a(libc_a-getenv.o)
 .ARM.attributes
                0x0000047b       0x2e /usr/lib/gcc/arm-none-eabi/13.2.1/../../../arm-none-eabi/lib/thumb/v7e-m/nofp/libc.a(libc_a-memset.o)
 .ARM.attributes
                0x000004a9       0x2e /usr/lib/gcc/arm-none-eabi/13.2.1/../../../arm-none-eabi/lib/thumb/v7e-m/nofp/libc.a(libc_a-strchr.o)
 .ARM.attributes
                0x000004d7       0x2e /usr/lib/gcc/arm-none-eabi/13.2.1/../../../arm-none-eabi/lib/thumb/v7e-m/nofp/libc.a(libc_a-strtoul.o)
 .ARM.attributes
                0x00000505       0x2e /usr/lib/gcc/arm-none-eabi/13.2.1/../../../arm-none-eabi/lib/thumb/v7e-m/nofp/libc.a(libc_a-errno.o)
 .ARM.attributes
                0x00000533       0x2e /usr/lib/gcc/arm-none-eabi/13.2.1/../../../arm-none-eabi/lib/thumb/v7e-m/nofp/libc.a(libc_a-impure.o)
 .ARM.attributes
                0x00000561       0x2e /usr/lib/gcc/arm-none-eabi/13.2.1/../../../arm-none-eabi/lib/thumb/v7e-m/nofp/libc.a(libc_a-memcmp.o)
 .ARM.attributes
                0x0000058f       0x2e /usr/lib/gcc/arm-none-eabi/13.2.1/../../../arm-none-eabi/lib/thumb/v7e-m/nofp/libc.a(libc_a-malloc.o)
 .ARM.attributes
                0x000005bd       0x2e /usr/lib/gcc/arm-none-eabi/13.2.1/../../../arm-none-eabi/lib/thumb/v7e-m/nofp/libc.a(libc_a-init.o)
 .ARM.attributes
                0x000005eb       0x2e /usr/lib/gcc/arm-none-eabi/13.2.1/../../../arm-none-eabi/lib/thumb/v7e-m/nofp/libc.a(libc_a-getenv_r.o)
 .ARM.attributes
                0x00000619       0x2e /usr/lib/gcc/arm-none-eabi/13.2.1/../../../arm-none-eabi/lib/thumb/v7e-m/nofp/libc.a(libc_a-findfp.o)
 .ARM.attributes
                0x00000647       0x2e /usr/lib/gcc/arm-none-eabi/13.2.1/../../../arm-none-eabi/lib/thumb/v7e-m/nofp/libc.a(libc_a-ctype_.o)
 .ARM.attributes
                0x00000675       0x2e /usr/lib/gcc/arm-none-eabi/13.2.1/../../../arm-none-eabi/lib/thumb/v7e-m/nofp/libc.a(libc_a-atexit.o)
 .ARM.attributes
                0x000006a3       0x2e /usr/lib/gcc/arm-none-eabi/13.2.1/../../../arm-none-eabi/lib/thumb/v7e-m/nofp/libc.a(libc_a-fini.o)
 .ARM.attributes
                0x000006d1       0x2e /usr/lib/gcc/arm-none-eabi/13.2.1/../../../arm-none-eabi/lib/thumb/v7e-m/nofp/libc.a(libc_a-envlock.o)
 .ARM.attributes
                0x000006ff       0x2e /usr/lib/gcc/arm-none-eabi/13.2.1/../../../arm-none-eabi/lib/thumb/v7e-m/nofp/libc.a(libc_a-strncmp.o)
 .ARM.attributes
                0x0000072d       0x2e /usr/lib/gcc/arm-none-eabi/13.2.1/../../../arm-none-eabi/lib/thumb/v7e-m/nofp/libc.a(libc_a-mallocr.o)
 .ARM.attributes
                0x0000075b       0x2e /usr/lib/gcc/arm-none-eabi/13.2.1/../../../arm-none-eabi/lib/thumb/v7e-m/nofp/libc.a(libc_a-freer.o)
 .ARM.attributes
                0x00000789       0x2e /usr/lib/gcc/arm-none-eabi/13.2.1/../../../arm-none-eabi/lib/thumb/v7e-m/nofp/libc.a(libc_a-__call_atexit.o)
 .ARM.attributes
                0x000007b7       0x2e /usr/lib/gcc/arm-none-eabi/13.2.1/../../../arm-none-eabi/lib/thumb/v7e-m/nofp/libc.a(libc_a-sysconf.o)
 .ARM.attributes
                0x000007e5       0x2e /usr/lib/gcc/arm-none-eabi/13.2.1/../../../arm-none-eabi/lib/thumb/v7e-m/nofp/libc.a(libc_a-reent.o)
 .ARM.attributes
                0x00000813       0x2e /usr/lib/gcc/arm-none-eabi/13.2.1/../../../arm-none-eabi/lib/thumb/v7e-m/nofp/libc.a(libc_a-__atexit.o)
 .ARM.attributes
                0x00000841       0x2e /usr/lib/gcc/arm-none-eabi/13.2.1/../../../arm-none-eabi/lib/thumb/v7e-m/nofp/libc.a(libc_a-mlock.o)
 .ARM.attributes
                0x0000086f       0x2e /usr/lib/gcc/arm-none-eabi/13.2.1/../../../arm-none-eabi/lib/thumb/v7e-m/nofp/libc.a(libc_a-sbrkr.o)
 .ARM.attributes
                0x0000089d       0x2e /usr/lib/gcc/arm-none-eabi/13.2.1/thumb/v7e-m/nofp/crtend.o
 .ARM.attributes
                0x000008cb       0x1e /usr/lib/gcc/arm-none-eabi/13.2.1/thumb/v7e-m/nofp/crtn.o
OUTPUT(OSTC_f4_4.elf elf32-littlearm)
LOAD linker stubs
LOAD /usr/lib/gcc/arm-none-eabi/13.2.1/../../../arm-none-eabi/lib/thumb/v7e-m/nofp/libc.a
LOAD /usr/lib/gcc/arm-none-eabi/13.2.1/../../../arm-none-eabi/lib/thumb/v7e-m/nofp/libm.a
LOAD /usr/lib/gcc/arm-none-eabi/13.2.1/thumb/v7e-m/nofp/libgcc.a

.comment        0x00000000       0x26
 .comment       0x00000000       0x26 /usr/lib/gcc/arm-none-eabi/13.2.1/thumb/v7e-m/nofp/crtbegin.o
                                 0x27 (size before relaxing)
 .comment       0x00000026       0x27 CMakeFiles/OSTC_f4_4.elf.dir/Core/Src/Setup_and_Loop.cpp.obj
 .comment       0x00000026       0x27 CMakeFiles/OSTC_f4_4.elf.dir/Core/Src/gpio.c.obj
 .comment       0x00000026       0x27 CMakeFiles/OSTC_f4_4.elf.dir/Core/Src/jetson.cpp.obj
 .comment       0x00000026       0x27 CMakeFiles/OSTC_f4_4.elf.dir/Core/Src/main.c.obj
 .comment       0x00000026       0x27 CMakeFiles/OSTC_f4_4.elf.dir/Core/Src/robot.cpp.obj
 .comment       0x00000026       0x27 CMakeFiles/OSTC_f4_4.elf.dir/Core/Src/stm32f4xx_hal_msp.c.obj
 .comment       0x00000026       0x27 CMakeFiles/OSTC_f4_4.elf.dir/Core/Src/stm32f4xx_it.c.obj
 .comment       0x00000026       0x27 CMakeFiles/OSTC_f4_4.elf.dir/Core/Src/syscalls.c.obj
 .comment       0x00000026       0x27 CMakeFiles/OSTC_f4_4.elf.dir/Core/Src/sysmem.c.obj
 .comment       0x00000026       0x27 CMakeFiles/OSTC_f4_4.elf.dir/Core/Src/system_stm32f4xx.c.obj
 .comment       0x00000026       0x27 CMakeFiles/OSTC_f4_4.elf.dir/Core/Src/tim.c.obj
 .comment       0x00000026       0x27 CMakeFiles/OSTC_f4_4.elf.dir/Core/Src/usart.c.obj
 .comment       0x00000026       0x27 CMakeFiles/OSTC_f4_4.elf.dir/Drivers/STM32F4xx_HAL_Driver/Src/stm32f4xx_hal.c.obj
 .comment       0x00000026       0x27 CMakeFiles/OSTC_f4_4.elf.dir/Drivers/STM32F4xx_HAL_Driver/Src/stm32f4xx_hal_cortex.c.obj
 .comment       0x00000026       0x27 CMakeFiles/OSTC_f4_4.elf.dir/Drivers/STM32F4xx_HAL_Driver/Src/stm32f4xx_hal_dma.c.obj
 .comment       0x00000026       0x27 CMakeFiles/OSTC_f4_4.elf.dir/Drivers/STM32F4xx_HAL_Driver/Src/stm32f4xx_hal_gpio.c.obj
 .comment       0x00000026       0x27 CMakeFiles/OSTC_f4_4.elf.dir/Drivers/STM32F4xx_HAL_Driver/Src/stm32f4xx_hal_rcc.c.obj
 .comment       0x00000026       0x27 CMakeFiles/OSTC_f4_4.elf.dir/Drivers/STM32F4xx_HAL_Driver/Src/stm32f4xx_hal_tim.c.obj
 .comment       0x00000026       0x27 CMakeFiles/OSTC_f4_4.elf.dir/Drivers/STM32F4xx_HAL_Driver/Src/stm32f4xx_hal_tim_ex.c.obj
 .comment       0x00000026       0x27 CMakeFiles/OSTC_f4_4.elf.dir/Drivers/STM32F4xx_HAL_Driver/Src/stm32f4xx_hal_uart.c.obj
 .comment       0x00000026       0x27 /usr/lib/gcc/arm-none-eabi/13.2.1/../../../arm-none-eabi/lib/thumb/v7e-m/nofp/libstdc++.a(eh_alloc.o)
 .comment       0x00000026       0x27 /usr/lib/gcc/arm-none-eabi/13.2.1/thumb/v7e-m/nofp/libgcc.a(_udivmoddi4.o)
 .comment       0x00000026       0x27 /usr/lib/gcc/arm-none-eabi/13.2.1/../../../arm-none-eabi/lib/thumb/v7e-m/nofp/libc.a(libc_a-getenv.o)
 .comment       0x00000026       0x27 /usr/lib/gcc/arm-none-eabi/13.2.1/../../../arm-none-eabi/lib/thumb/v7e-m/nofp/libc.a(libc_a-memset.o)
 .comment       0x00000026       0x27 /usr/lib/gcc/arm-none-eabi/13.2.1/../../../arm-none-eabi/lib/thumb/v7e-m/nofp/libc.a(libc_a-strchr.o)
 .comment       0x00000026       0x27 /usr/lib/gcc/arm-none-eabi/13.2.1/../../../arm-none-eabi/lib/thumb/v7e-m/nofp/libc.a(libc_a-strtoul.o)
 .comment       0x00000026       0x27 /usr/lib/gcc/arm-none-eabi/13.2.1/../../../arm-none-eabi/lib/thumb/v7e-m/nofp/libc.a(libc_a-errno.o)
 .comment       0x00000026       0x27 /usr/lib/gcc/arm-none-eabi/13.2.1/../../../arm-none-eabi/lib/thumb/v7e-m/nofp/libc.a(libc_a-impure.o)
 .comment       0x00000026       0x27 /usr/lib/gcc/arm-none-eabi/13.2.1/../../../arm-none-eabi/lib/thumb/v7e-m/nofp/libc.a(libc_a-memcmp.o)
 .comment       0x00000026       0x27 /usr/lib/gcc/arm-none-eabi/13.2.1/../../../arm-none-eabi/lib/thumb/v7e-m/nofp/libc.a(libc_a-malloc.o)
 .comment       0x00000026       0x27 /usr/lib/gcc/arm-none-eabi/13.2.1/../../../arm-none-eabi/lib/thumb/v7e-m/nofp/libc.a(libc_a-init.o)
 .comment       0x00000026       0x27 /usr/lib/gcc/arm-none-eabi/13.2.1/../../../arm-none-eabi/lib/thumb/v7e-m/nofp/libc.a(libc_a-getenv_r.o)
 .comment       0x00000026       0x27 /usr/lib/gcc/arm-none-eabi/13.2.1/../../../arm-none-eabi/lib/thumb/v7e-m/nofp/libc.a(libc_a-findfp.o)
 .comment       0x00000026       0x27 /usr/lib/gcc/arm-none-eabi/13.2.1/../../../arm-none-eabi/lib/thumb/v7e-m/nofp/libc.a(libc_a-ctype_.o)
 .comment       0x00000026       0x27 /usr/lib/gcc/arm-none-eabi/13.2.1/../../../arm-none-eabi/lib/thumb/v7e-m/nofp/libc.a(libc_a-atexit.o)
 .comment       0x00000026       0x27 /usr/lib/gcc/arm-none-eabi/13.2.1/../../../arm-none-eabi/lib/thumb/v7e-m/nofp/libc.a(libc_a-fini.o)
 .comment       0x00000026       0x27 /usr/lib/gcc/arm-none-eabi/13.2.1/../../../arm-none-eabi/lib/thumb/v7e-m/nofp/libc.a(libc_a-envlock.o)
 .comment       0x00000026       0x27 /usr/lib/gcc/arm-none-eabi/13.2.1/../../../arm-none-eabi/lib/thumb/v7e-m/nofp/libc.a(libc_a-strncmp.o)
 .comment       0x00000026       0x27 /usr/lib/gcc/arm-none-eabi/13.2.1/../../../arm-none-eabi/lib/thumb/v7e-m/nofp/libc.a(libc_a-mallocr.o)
 .comment       0x00000026       0x27 /usr/lib/gcc/arm-none-eabi/13.2.1/../../../arm-none-eabi/lib/thumb/v7e-m/nofp/libc.a(libc_a-freer.o)
 .comment       0x00000026       0x27 /usr/lib/gcc/arm-none-eabi/13.2.1/../../../arm-none-eabi/lib/thumb/v7e-m/nofp/libc.a(libc_a-__call_atexit.o)
 .comment       0x00000026       0x27 /usr/lib/gcc/arm-none-eabi/13.2.1/../../../arm-none-eabi/lib/thumb/v7e-m/nofp/libc.a(libc_a-sysconf.o)
 .comment       0x00000026       0x27 /usr/lib/gcc/arm-none-eabi/13.2.1/../../../arm-none-eabi/lib/thumb/v7e-m/nofp/libc.a(libc_a-reent.o)
 .comment       0x00000026       0x27 /usr/lib/gcc/arm-none-eabi/13.2.1/../../../arm-none-eabi/lib/thumb/v7e-m/nofp/libc.a(libc_a-__atexit.o)
 .comment       0x00000026       0x27 /usr/lib/gcc/arm-none-eabi/13.2.1/../../../arm-none-eabi/lib/thumb/v7e-m/nofp/libc.a(libc_a-mlock.o)
 .comment       0x00000026       0x27 /usr/lib/gcc/arm-none-eabi/13.2.1/../../../arm-none-eabi/lib/thumb/v7e-m/nofp/libc.a(libc_a-sbrkr.o)
 .comment       0x00000026       0x27 /usr/lib/gcc/arm-none-eabi/13.2.1/thumb/v7e-m/nofp/crtend.o

.debug_info     0x00000000     0xd283
 .debug_info    0x00000000     0x450f /usr/lib/gcc/arm-none-eabi/13.2.1/../../../arm-none-eabi/lib/thumb/v7e-m/nofp/libstdc++.a(eh_alloc.o)
 .debug_info    0x0000450f       0x24 /usr/lib/gcc/arm-none-eabi/13.2.1/thumb/v7e-m/nofp/libgcc.a(_aeabi_uldivmod.o)
 .debug_info    0x00004533      0x6f5 /usr/lib/gcc/arm-none-eabi/13.2.1/thumb/v7e-m/nofp/libgcc.a(_udivmoddi4.o)
 .debug_info    0x00004c28       0x3c /usr/lib/gcc/arm-none-eabi/13.2.1/thumb/v7e-m/nofp/libgcc.a(_dvmd_tls.o)
 .debug_info    0x00004c64      0x7d4 /usr/lib/gcc/arm-none-eabi/13.2.1/../../../arm-none-eabi/lib/thumb/v7e-m/nofp/libc.a(libc_a-getenv.o)
 .debug_info    0x00005438      0x135 /usr/lib/gcc/arm-none-eabi/13.2.1/../../../arm-none-eabi/lib/thumb/v7e-m/nofp/libc.a(libc_a-memset.o)
 .debug_info    0x0000556d      0x130 /usr/lib/gcc/arm-none-eabi/13.2.1/../../../arm-none-eabi/lib/thumb/v7e-m/nofp/libc.a(libc_a-strchr.o)
 .debug_info    0x0000569d      0xcf7 /usr/lib/gcc/arm-none-eabi/13.2.1/../../../arm-none-eabi/lib/thumb/v7e-m/nofp/libc.a(libc_a-strtoul.o)
 .debug_info    0x00006394      0x70f /usr/lib/gcc/arm-none-eabi/13.2.1/../../../arm-none-eabi/lib/thumb/v7e-m/nofp/libc.a(libc_a-errno.o)
 .debug_info    0x00006aa3      0x729 /usr/lib/gcc/arm-none-eabi/13.2.1/../../../arm-none-eabi/lib/thumb/v7e-m/nofp/libc.a(libc_a-impure.o)
 .debug_info    0x000071cc      0x12b /usr/lib/gcc/arm-none-eabi/13.2.1/../../../arm-none-eabi/lib/thumb/v7e-m/nofp/libc.a(libc_a-memcmp.o)
 .debug_info    0x000072f7      0x7b4 /usr/lib/gcc/arm-none-eabi/13.2.1/../../../arm-none-eabi/lib/thumb/v7e-m/nofp/libc.a(libc_a-malloc.o)
 .debug_info    0x00007aab      0x10b /usr/lib/gcc/arm-none-eabi/13.2.1/../../../arm-none-eabi/lib/thumb/v7e-m/nofp/libc.a(libc_a-init.o)
 .debug_info    0x00007bb6      0x8a4 /usr/lib/gcc/arm-none-eabi/13.2.1/../../../arm-none-eabi/lib/thumb/v7e-m/nofp/libc.a(libc_a-getenv_r.o)
 .debug_info    0x0000845a      0xea8 /usr/lib/gcc/arm-none-eabi/13.2.1/../../../arm-none-eabi/lib/thumb/v7e-m/nofp/libc.a(libc_a-findfp.o)
 .debug_info    0x00009302       0xb9 /usr/lib/gcc/arm-none-eabi/13.2.1/../../../arm-none-eabi/lib/thumb/v7e-m/nofp/libc.a(libc_a-ctype_.o)
 .debug_info    0x000093bb      0x11e /usr/lib/gcc/arm-none-eabi/13.2.1/../../../arm-none-eabi/lib/thumb/v7e-m/nofp/libc.a(libc_a-atexit.o)
 .debug_info    0x000094d9       0xf7 /usr/lib/gcc/arm-none-eabi/13.2.1/../../../arm-none-eabi/lib/thumb/v7e-m/nofp/libc.a(libc_a-fini.o)
 .debug_info    0x000095d0      0x73a /usr/lib/gcc/arm-none-eabi/13.2.1/../../../arm-none-eabi/lib/thumb/v7e-m/nofp/libc.a(libc_a-envlock.o)
 .debug_info    0x00009d0a      0x108 /usr/lib/gcc/arm-none-eabi/13.2.1/../../../arm-none-eabi/lib/thumb/v7e-m/nofp/libc.a(libc_a-strncmp.o)
 .debug_info    0x00009e12      0xcd9 /usr/lib/gcc/arm-none-eabi/13.2.1/../../../arm-none-eabi/lib/thumb/v7e-m/nofp/libc.a(libc_a-mallocr.o)
 .debug_info    0x0000aaeb      0xb55 /usr/lib/gcc/arm-none-eabi/13.2.1/../../../arm-none-eabi/lib/thumb/v7e-m/nofp/libc.a(libc_a-freer.o)
 .debug_info    0x0000b640      0x284 /usr/lib/gcc/arm-none-eabi/13.2.1/../../../arm-none-eabi/lib/thumb/v7e-m/nofp/libc.a(libc_a-__call_atexit.o)
 .debug_info    0x0000b8c4       0xc1 /usr/lib/gcc/arm-none-eabi/13.2.1/../../../arm-none-eabi/lib/thumb/v7e-m/nofp/libc.a(libc_a-sysconf.o)
 .debug_info    0x0000b985      0x831 /usr/lib/gcc/arm-none-eabi/13.2.1/../../../arm-none-eabi/lib/thumb/v7e-m/nofp/libc.a(libc_a-reent.o)
 .debug_info    0x0000c1b6      0x1fd /usr/lib/gcc/arm-none-eabi/13.2.1/../../../arm-none-eabi/lib/thumb/v7e-m/nofp/libc.a(libc_a-__atexit.o)
 .debug_info    0x0000c3b3      0x73a /usr/lib/gcc/arm-none-eabi/13.2.1/../../../arm-none-eabi/lib/thumb/v7e-m/nofp/libc.a(libc_a-mlock.o)
 .debug_info    0x0000caed      0x796 /usr/lib/gcc/arm-none-eabi/13.2.1/../../../arm-none-eabi/lib/thumb/v7e-m/nofp/libc.a(libc_a-sbrkr.o)

.debug_abbrev   0x00000000     0x32e8
 .debug_abbrev  0x00000000      0xa7f /usr/lib/gcc/arm-none-eabi/13.2.1/../../../arm-none-eabi/lib/thumb/v7e-m/nofp/libstdc++.a(eh_alloc.o)
 .debug_abbrev  0x00000a7f       0x14 /usr/lib/gcc/arm-none-eabi/13.2.1/thumb/v7e-m/nofp/libgcc.a(_aeabi_uldivmod.o)
 .debug_abbrev  0x00000a93      0x16a /usr/lib/gcc/arm-none-eabi/13.2.1/thumb/v7e-m/nofp/libgcc.a(_udivmoddi4.o)
 .debug_abbrev  0x00000bfd       0x26 /usr/lib/gcc/arm-none-eabi/13.2.1/thumb/v7e-m/nofp/libgcc.a(_dvmd_tls.o)
 .debug_abbrev  0x00000c23      0x212 /usr/lib/gcc/arm-none-eabi/13.2.1/../../../arm-none-eabi/lib/thumb/v7e-m/nofp/libc.a(libc_a-getenv.o)
 .debug_abbrev  0x00000e35       0xb7 /usr/lib/gcc/arm-none-eabi/13.2.1/../../../arm-none-eabi/lib/thumb/v7e-m/nofp/libc.a(libc_a-memset.o)
 .debug_abbrev  0x00000eec       0x97 /usr/lib/gcc/arm-none-eabi/13.2.1/../../../arm-none-eabi/lib/thumb/v7e-m/nofp/libc.a(libc_a-strchr.o)
 .debug_abbrev  0x00000f83      0x2f3 /usr/lib/gcc/arm-none-eabi/13.2.1/../../../arm-none-eabi/lib/thumb/v7e-m/nofp/libc.a(libc_a-strtoul.o)
 .debug_abbrev  0x00001276      0x19a /usr/lib/gcc/arm-none-eabi/13.2.1/../../../arm-none-eabi/lib/thumb/v7e-m/nofp/libc.a(libc_a-errno.o)
 .debug_abbrev  0x00001410      0x185 /usr/lib/gcc/arm-none-eabi/13.2.1/../../../arm-none-eabi/lib/thumb/v7e-m/nofp/libc.a(libc_a-impure.o)
 .debug_abbrev  0x00001595       0x90 /usr/lib/gcc/arm-none-eabi/13.2.1/../../../arm-none-eabi/lib/thumb/v7e-m/nofp/libc.a(libc_a-memcmp.o)
 .debug_abbrev  0x00001625      0x20b /usr/lib/gcc/arm-none-eabi/13.2.1/../../../arm-none-eabi/lib/thumb/v7e-m/nofp/libc.a(libc_a-malloc.o)
 .debug_abbrev  0x00001830       0xc9 /usr/lib/gcc/arm-none-eabi/13.2.1/../../../arm-none-eabi/lib/thumb/v7e-m/nofp/libc.a(libc_a-init.o)
 .debug_abbrev  0x000018f9      0x242 /usr/lib/gcc/arm-none-eabi/13.2.1/../../../arm-none-eabi/lib/thumb/v7e-m/nofp/libc.a(libc_a-getenv_r.o)
 .debug_abbrev  0x00001b3b      0x446 /usr/lib/gcc/arm-none-eabi/13.2.1/../../../arm-none-eabi/lib/thumb/v7e-m/nofp/libc.a(libc_a-findfp.o)
 .debug_abbrev  0x00001f81       0x62 /usr/lib/gcc/arm-none-eabi/13.2.1/../../../arm-none-eabi/lib/thumb/v7e-m/nofp/libc.a(libc_a-ctype_.o)
 .debug_abbrev  0x00001fe3       0xc1 /usr/lib/gcc/arm-none-eabi/13.2.1/../../../arm-none-eabi/lib/thumb/v7e-m/nofp/libc.a(libc_a-atexit.o)
 .debug_abbrev  0x000020a4       0xcc /usr/lib/gcc/arm-none-eabi/13.2.1/../../../arm-none-eabi/lib/thumb/v7e-m/nofp/libc.a(libc_a-fini.o)
 .debug_abbrev  0x00002170      0x1ce /usr/lib/gcc/arm-none-eabi/13.2.1/../../../arm-none-eabi/lib/thumb/v7e-m/nofp/libc.a(libc_a-envlock.o)
 .debug_abbrev  0x0000233e       0x92 /usr/lib/gcc/arm-none-eabi/13.2.1/../../../arm-none-eabi/lib/thumb/v7e-m/nofp/libc.a(libc_a-strncmp.o)
 .debug_abbrev  0x000023d0      0x2d7 /usr/lib/gcc/arm-none-eabi/13.2.1/../../../arm-none-eabi/lib/thumb/v7e-m/nofp/libc.a(libc_a-mallocr.o)
 .debug_abbrev  0x000026a7      0x27f /usr/lib/gcc/arm-none-eabi/13.2.1/../../../arm-none-eabi/lib/thumb/v7e-m/nofp/libc.a(libc_a-freer.o)
 .debug_abbrev  0x00002926      0x1dd /usr/lib/gcc/arm-none-eabi/13.2.1/../../../arm-none-eabi/lib/thumb/v7e-m/nofp/libc.a(libc_a-__call_atexit.o)
 .debug_abbrev  0x00002b03       0x80 /usr/lib/gcc/arm-none-eabi/13.2.1/../../../arm-none-eabi/lib/thumb/v7e-m/nofp/libc.a(libc_a-sysconf.o)
 .debug_abbrev  0x00002b83      0x22a /usr/lib/gcc/arm-none-eabi/13.2.1/../../../arm-none-eabi/lib/thumb/v7e-m/nofp/libc.a(libc_a-reent.o)
 .debug_abbrev  0x00002dad      0x157 /usr/lib/gcc/arm-none-eabi/13.2.1/../../../arm-none-eabi/lib/thumb/v7e-m/nofp/libc.a(libc_a-__atexit.o)
 .debug_abbrev  0x00002f04      0x1ce /usr/lib/gcc/arm-none-eabi/13.2.1/../../../arm-none-eabi/lib/thumb/v7e-m/nofp/libc.a(libc_a-mlock.o)
 .debug_abbrev  0x000030d2      0x216 /usr/lib/gcc/arm-none-eabi/13.2.1/../../../arm-none-eabi/lib/thumb/v7e-m/nofp/libc.a(libc_a-sbrkr.o)

.debug_loclists
                0x00000000     0x3058
 .debug_loclists
                0x00000000      0x782 /usr/lib/gcc/arm-none-eabi/13.2.1/../../../arm-none-eabi/lib/thumb/v7e-m/nofp/libstdc++.a(eh_alloc.o)
 .debug_loclists
                0x00000782      0x9e4 /usr/lib/gcc/arm-none-eabi/13.2.1/thumb/v7e-m/nofp/libgcc.a(_udivmoddi4.o)
 .debug_loclists
                0x00001166       0x69 /usr/lib/gcc/arm-none-eabi/13.2.1/../../../arm-none-eabi/lib/thumb/v7e-m/nofp/libc.a(libc_a-getenv.o)
 .debug_loclists
                0x000011cf      0x1c2 /usr/lib/gcc/arm-none-eabi/13.2.1/../../../arm-none-eabi/lib/thumb/v7e-m/nofp/libc.a(libc_a-memset.o)
 .debug_loclists
                0x00001391      0x18f /usr/lib/gcc/arm-none-eabi/13.2.1/../../../arm-none-eabi/lib/thumb/v7e-m/nofp/libc.a(libc_a-strchr.o)
 .debug_loclists
                0x00001520      0x3c2 /usr/lib/gcc/arm-none-eabi/13.2.1/../../../arm-none-eabi/lib/thumb/v7e-m/nofp/libc.a(libc_a-strtoul.o)
 .debug_loclists
                0x000018e2       0xd6 /usr/lib/gcc/arm-none-eabi/13.2.1/../../../arm-none-eabi/lib/thumb/v7e-m/nofp/libc.a(libc_a-memcmp.o)
 .debug_loclists
                0x000019b8       0x4a /usr/lib/gcc/arm-none-eabi/13.2.1/../../../arm-none-eabi/lib/thumb/v7e-m/nofp/libc.a(libc_a-malloc.o)
 .debug_loclists
                0x00001a02       0x65 /usr/lib/gcc/arm-none-eabi/13.2.1/../../../arm-none-eabi/lib/thumb/v7e-m/nofp/libc.a(libc_a-init.o)
 .debug_loclists
                0x00001a67      0x10c /usr/lib/gcc/arm-none-eabi/13.2.1/../../../arm-none-eabi/lib/thumb/v7e-m/nofp/libc.a(libc_a-getenv_r.o)
 .debug_loclists
                0x00001b73      0x1d0 /usr/lib/gcc/arm-none-eabi/13.2.1/../../../arm-none-eabi/lib/thumb/v7e-m/nofp/libc.a(libc_a-findfp.o)
 .debug_loclists
                0x00001d43       0x2b /usr/lib/gcc/arm-none-eabi/13.2.1/../../../arm-none-eabi/lib/thumb/v7e-m/nofp/libc.a(libc_a-atexit.o)
 .debug_loclists
                0x00001d6e       0x42 /usr/lib/gcc/arm-none-eabi/13.2.1/../../../arm-none-eabi/lib/thumb/v7e-m/nofp/libc.a(libc_a-fini.o)
 .debug_loclists
                0x00001db0      0x139 /usr/lib/gcc/arm-none-eabi/13.2.1/../../../arm-none-eabi/lib/thumb/v7e-m/nofp/libc.a(libc_a-strncmp.o)
 .debug_loclists
                0x00001ee9      0xa32 /usr/lib/gcc/arm-none-eabi/13.2.1/../../../arm-none-eabi/lib/thumb/v7e-m/nofp/libc.a(libc_a-mallocr.o)
 .debug_loclists
                0x0000291b      0x461 /usr/lib/gcc/arm-none-eabi/13.2.1/../../../arm-none-eabi/lib/thumb/v7e-m/nofp/libc.a(libc_a-freer.o)
 .debug_loclists
                0x00002d7c      0x102 /usr/lib/gcc/arm-none-eabi/13.2.1/../../../arm-none-eabi/lib/thumb/v7e-m/nofp/libc.a(libc_a-__call_atexit.o)
 .debug_loclists
                0x00002e7e       0x3b /usr/lib/gcc/arm-none-eabi/13.2.1/../../../arm-none-eabi/lib/thumb/v7e-m/nofp/libc.a(libc_a-sysconf.o)
 .debug_loclists
                0x00002eb9       0x6e /usr/lib/gcc/arm-none-eabi/13.2.1/../../../arm-none-eabi/lib/thumb/v7e-m/nofp/libc.a(libc_a-reent.o)
 .debug_loclists
                0x00002f27       0xe6 /usr/lib/gcc/arm-none-eabi/13.2.1/../../../arm-none-eabi/lib/thumb/v7e-m/nofp/libc.a(libc_a-__atexit.o)
 .debug_loclists
                0x0000300d       0x4b /usr/lib/gcc/arm-none-eabi/13.2.1/../../../arm-none-eabi/lib/thumb/v7e-m/nofp/libc.a(libc_a-sbrkr.o)

.debug_aranges  0x00000000      0x3b0
 .debug_aranges
                0x00000000       0x58 /usr/lib/gcc/arm-none-eabi/13.2.1/../../../arm-none-eabi/lib/thumb/v7e-m/nofp/libstdc++.a(eh_alloc.o)
 .debug_aranges
                0x00000058       0x20 /usr/lib/gcc/arm-none-eabi/13.2.1/thumb/v7e-m/nofp/libgcc.a(_aeabi_uldivmod.o)
 .debug_aranges
                0x00000078       0x20 /usr/lib/gcc/arm-none-eabi/13.2.1/thumb/v7e-m/nofp/libgcc.a(_udivmoddi4.o)
 .debug_aranges
                0x00000098       0x20 /usr/lib/gcc/arm-none-eabi/13.2.1/thumb/v7e-m/nofp/libgcc.a(_dvmd_tls.o)
 .debug_aranges
                0x000000b8       0x20 /usr/lib/gcc/arm-none-eabi/13.2.1/../../../arm-none-eabi/lib/thumb/v7e-m/nofp/libc.a(libc_a-getenv.o)
 .debug_aranges
                0x000000d8       0x20 /usr/lib/gcc/arm-none-eabi/13.2.1/../../../arm-none-eabi/lib/thumb/v7e-m/nofp/libc.a(libc_a-memset.o)
 .debug_aranges
                0x000000f8       0x20 /usr/lib/gcc/arm-none-eabi/13.2.1/../../../arm-none-eabi/lib/thumb/v7e-m/nofp/libc.a(libc_a-strchr.o)
 .debug_aranges
                0x00000118       0x20 /usr/lib/gcc/arm-none-eabi/13.2.1/../../../arm-none-eabi/lib/thumb/v7e-m/nofp/libc.a(libc_a-strtoul.o)
 .debug_aranges
                0x00000138       0x20 /usr/lib/gcc/arm-none-eabi/13.2.1/../../../arm-none-eabi/lib/thumb/v7e-m/nofp/libc.a(libc_a-errno.o)
 .debug_aranges
                0x00000158       0x18 /usr/lib/gcc/arm-none-eabi/13.2.1/../../../arm-none-eabi/lib/thumb/v7e-m/nofp/libc.a(libc_a-impure.o)
 .debug_aranges
                0x00000170       0x20 /usr/lib/gcc/arm-none-eabi/13.2.1/../../../arm-none-eabi/lib/thumb/v7e-m/nofp/libc.a(libc_a-memcmp.o)
 .debug_aranges
                0x00000190       0x20 /usr/lib/gcc/arm-none-eabi/13.2.1/../../../arm-none-eabi/lib/thumb/v7e-m/nofp/libc.a(libc_a-malloc.o)
 .debug_aranges
                0x000001b0       0x20 /usr/lib/gcc/arm-none-eabi/13.2.1/../../../arm-none-eabi/lib/thumb/v7e-m/nofp/libc.a(libc_a-init.o)
 .debug_aranges
                0x000001d0       0x20 /usr/lib/gcc/arm-none-eabi/13.2.1/../../../arm-none-eabi/lib/thumb/v7e-m/nofp/libc.a(libc_a-getenv_r.o)
 .debug_aranges
                0x000001f0       0x20 /usr/lib/gcc/arm-none-eabi/13.2.1/../../../arm-none-eabi/lib/thumb/v7e-m/nofp/libc.a(libc_a-findfp.o)
 .debug_aranges
                0x00000210       0x18 /usr/lib/gcc/arm-none-eabi/13.2.1/../../../arm-none-eabi/lib/thumb/v7e-m/nofp/libc.a(libc_a-ctype_.o)
 .debug_aranges
                0x00000228       0x20 /usr/lib/gcc/arm-none-eabi/13.2.1/../../../arm-none-eabi/lib/thumb/v7e-m/nofp/libc.a(libc_a-atexit.o)
 .debug_aranges
                0x00000248       0x20 /usr/lib/gcc/arm-none-eabi/13.2.1/../../../arm-none-eabi/lib/thumb/v7e-m/nofp/libc.a(libc_a-fini.o)
 .debug_aranges
                0x00000268       0x20 /usr/lib/gcc/arm-none-eabi/13.2.1/../../../arm-none-eabi/lib/thumb/v7e-m/nofp/libc.a(libc_a-envlock.o)
 .debug_aranges
                0x00000288       0x20 /usr/lib/gcc/arm-none-eabi/13.2.1/../../../arm-none-eabi/lib/thumb/v7e-m/nofp/libc.a(libc_a-strncmp.o)
 .debug_aranges
                0x000002a8       0x20 /usr/lib/gcc/arm-none-eabi/13.2.1/../../../arm-none-eabi/lib/thumb/v7e-m/nofp/libc.a(libc_a-mallocr.o)
 .debug_aranges
                0x000002c8       0x20 /usr/lib/gcc/arm-none-eabi/13.2.1/../../../arm-none-eabi/lib/thumb/v7e-m/nofp/libc.a(libc_a-freer.o)
 .debug_aranges
                0x000002e8       0x28 /usr/lib/gcc/arm-none-eabi/13.2.1/../../../arm-none-eabi/lib/thumb/v7e-m/nofp/libc.a(libc_a-__call_atexit.o)
 .debug_aranges
                0x00000310       0x20 /usr/lib/gcc/arm-none-eabi/13.2.1/../../../arm-none-eabi/lib/thumb/v7e-m/nofp/libc.a(libc_a-sysconf.o)
 .debug_aranges
                0x00000330       0x20 /usr/lib/gcc/arm-none-eabi/13.2.1/../../../arm-none-eabi/lib/thumb/v7e-m/nofp/libc.a(libc_a-reent.o)
 .debug_aranges
                0x00000350       0x20 /usr/lib/gcc/arm-none-eabi/13.2.1/../../../arm-none-eabi/lib/thumb/v7e-m/nofp/libc.a(libc_a-__atexit.o)
 .debug_aranges
                0x00000370       0x20 /usr/lib/gcc/arm-none-eabi/13.2.1/../../../arm-none-eabi/lib/thumb/v7e-m/nofp/libc.a(libc_a-mlock.o)
 .debug_aranges
                0x00000390       0x20 /usr/lib/gcc/arm-none-eabi/13.2.1/../../../arm-none-eabi/lib/thumb/v7e-m/nofp/libc.a(libc_a-sbrkr.o)

.debug_rnglists
                0x00000000      0x287
 .debug_rnglists
                0x00000000      0x127 /usr/lib/gcc/arm-none-eabi/13.2.1/../../../arm-none-eabi/lib/thumb/v7e-m/nofp/libstdc++.a(eh_alloc.o)
 .debug_rnglists
                0x00000127       0x84 /usr/lib/gcc/arm-none-eabi/13.2.1/thumb/v7e-m/nofp/libgcc.a(_udivmoddi4.o)
 .debug_rnglists
                0x000001ab       0x77 /usr/lib/gcc/arm-none-eabi/13.2.1/../../../arm-none-eabi/lib/thumb/v7e-m/nofp/libc.a(libc_a-findfp.o)
 .debug_rnglists
                0x00000222       0x2b /usr/lib/gcc/arm-none-eabi/13.2.1/../../../arm-none-eabi/lib/thumb/v7e-m/nofp/libc.a(libc_a-mallocr.o)
 .debug_rnglists
                0x0000024d       0x3a /usr/lib/gcc/arm-none-eabi/13.2.1/../../../arm-none-eabi/lib/thumb/v7e-m/nofp/libc.a(libc_a-__call_atexit.o)

.debug_line     0x00000000     0x43df
 .debug_line    0x00000000      0xa73 /usr/lib/gcc/arm-none-eabi/13.2.1/../../../arm-none-eabi/lib/thumb/v7e-m/nofp/libstdc++.a(eh_alloc.o)
 .debug_line    0x00000a73       0x4e /usr/lib/gcc/arm-none-eabi/13.2.1/thumb/v7e-m/nofp/libgcc.a(_aeabi_uldivmod.o)
 .debug_line    0x00000ac1      0x574 /usr/lib/gcc/arm-none-eabi/13.2.1/thumb/v7e-m/nofp/libgcc.a(_udivmoddi4.o)
 .debug_line    0x00001035       0x4a /usr/lib/gcc/arm-none-eabi/13.2.1/thumb/v7e-m/nofp/libgcc.a(_dvmd_tls.o)
 .debug_line    0x0000107f      0x180 /usr/lib/gcc/arm-none-eabi/13.2.1/../../../arm-none-eabi/lib/thumb/v7e-m/nofp/libc.a(libc_a-getenv.o)
 .debug_line    0x000011ff      0x1b6 /usr/lib/gcc/arm-none-eabi/13.2.1/../../../arm-none-eabi/lib/thumb/v7e-m/nofp/libc.a(libc_a-memset.o)
 .debug_line    0x000013b5      0x1d6 /usr/lib/gcc/arm-none-eabi/13.2.1/../../../arm-none-eabi/lib/thumb/v7e-m/nofp/libc.a(libc_a-strchr.o)
 .debug_line    0x0000158b      0x3e6 /usr/lib/gcc/arm-none-eabi/13.2.1/../../../arm-none-eabi/lib/thumb/v7e-m/nofp/libc.a(libc_a-strtoul.o)
 .debug_line    0x00001971      0x10c /usr/lib/gcc/arm-none-eabi/13.2.1/../../../arm-none-eabi/lib/thumb/v7e-m/nofp/libc.a(libc_a-errno.o)
 .debug_line    0x00001a7d       0xe7 /usr/lib/gcc/arm-none-eabi/13.2.1/../../../arm-none-eabi/lib/thumb/v7e-m/nofp/libc.a(libc_a-impure.o)
 .debug_line    0x00001b64      0x17a /usr/lib/gcc/arm-none-eabi/13.2.1/../../../arm-none-eabi/lib/thumb/v7e-m/nofp/libc.a(libc_a-memcmp.o)
 .debug_line    0x00001cde      0x16b /usr/lib/gcc/arm-none-eabi/13.2.1/../../../arm-none-eabi/lib/thumb/v7e-m/nofp/libc.a(libc_a-malloc.o)
 .debug_line    0x00001e49      0x11e /usr/lib/gcc/arm-none-eabi/13.2.1/../../../arm-none-eabi/lib/thumb/v7e-m/nofp/libc.a(libc_a-init.o)
 .debug_line    0x00001f67      0x24e /usr/lib/gcc/arm-none-eabi/13.2.1/../../../arm-none-eabi/lib/thumb/v7e-m/nofp/libc.a(libc_a-getenv_r.o)
 .debug_line    0x000021b5      0x4fc /usr/lib/gcc/arm-none-eabi/13.2.1/../../../arm-none-eabi/lib/thumb/v7e-m/nofp/libc.a(libc_a-findfp.o)
 .debug_line    0x000026b1       0x97 /usr/lib/gcc/arm-none-eabi/13.2.1/../../../arm-none-eabi/lib/thumb/v7e-m/nofp/libc.a(libc_a-ctype_.o)
 .debug_line    0x00002748       0xc3 /usr/lib/gcc/arm-none-eabi/13.2.1/../../../arm-none-eabi/lib/thumb/v7e-m/nofp/libc.a(libc_a-atexit.o)
 .debug_line    0x0000280b       0xd2 /usr/lib/gcc/arm-none-eabi/13.2.1/../../../arm-none-eabi/lib/thumb/v7e-m/nofp/libc.a(libc_a-fini.o)
 .debug_line    0x000028dd      0x155 /usr/lib/gcc/arm-none-eabi/13.2.1/../../../arm-none-eabi/lib/thumb/v7e-m/nofp/libc.a(libc_a-envlock.o)
 .debug_line    0x00002a32      0x1f6 /usr/lib/gcc/arm-none-eabi/13.2.1/../../../arm-none-eabi/lib/thumb/v7e-m/nofp/libc.a(libc_a-strncmp.o)
 .debug_line    0x00002c28      0x8e9 /usr/lib/gcc/arm-none-eabi/13.2.1/../../../arm-none-eabi/lib/thumb/v7e-m/nofp/libc.a(libc_a-mallocr.o)
 .debug_line    0x00003511      0x544 /usr/lib/gcc/arm-none-eabi/13.2.1/../../../arm-none-eabi/lib/thumb/v7e-m/nofp/libc.a(libc_a-freer.o)
 .debug_line    0x00003a55      0x27f /usr/lib/gcc/arm-none-eabi/13.2.1/../../../arm-none-eabi/lib/thumb/v7e-m/nofp/libc.a(libc_a-__call_atexit.o)
 .debug_line    0x00003cd4       0xe6 /usr/lib/gcc/arm-none-eabi/13.2.1/../../../arm-none-eabi/lib/thumb/v7e-m/nofp/libc.a(libc_a-sysconf.o)
 .debug_line    0x00003dba      0x1f0 /usr/lib/gcc/arm-none-eabi/13.2.1/../../../arm-none-eabi/lib/thumb/v7e-m/nofp/libc.a(libc_a-reent.o)
 .debug_line    0x00003faa      0x14f /usr/lib/gcc/arm-none-eabi/13.2.1/../../../arm-none-eabi/lib/thumb/v7e-m/nofp/libc.a(libc_a-__atexit.o)
 .debug_line    0x000040f9      0x153 /usr/lib/gcc/arm-none-eabi/13.2.1/../../../arm-none-eabi/lib/thumb/v7e-m/nofp/libc.a(libc_a-mlock.o)
 .debug_line    0x0000424c      0x193 /usr/lib/gcc/arm-none-eabi/13.2.1/../../../arm-none-eabi/lib/thumb/v7e-m/nofp/libc.a(libc_a-sbrkr.o)

.debug_str      0x00000000     0x3d8a
 .debug_str     0x00000000     0x3d8a /usr/lib/gcc/arm-none-eabi/13.2.1/../../../arm-none-eabi/lib/thumb/v7e-m/nofp/libstdc++.a(eh_alloc.o)
                               0x2c56 (size before relaxing)
 .debug_str     0x00003d8a       0xa0 /usr/lib/gcc/arm-none-eabi/13.2.1/thumb/v7e-m/nofp/libgcc.a(_aeabi_uldivmod.o)
 .debug_str     0x00003d8a      0x67f /usr/lib/gcc/arm-none-eabi/13.2.1/thumb/v7e-m/nofp/libgcc.a(_udivmoddi4.o)
 .debug_str     0x00003d8a       0xc0 /usr/lib/gcc/arm-none-eabi/13.2.1/thumb/v7e-m/nofp/libgcc.a(_dvmd_tls.o)
 .debug_str     0x00003d8a      0x4bc /usr/lib/gcc/arm-none-eabi/13.2.1/../../../arm-none-eabi/lib/thumb/v7e-m/nofp/libc.a(libc_a-getenv.o)
 .debug_str     0x00003d8a      0x1a2 /usr/lib/gcc/arm-none-eabi/13.2.1/../../../arm-none-eabi/lib/thumb/v7e-m/nofp/libc.a(libc_a-memset.o)
 .debug_str     0x00003d8a      0x199 /usr/lib/gcc/arm-none-eabi/13.2.1/../../../arm-none-eabi/lib/thumb/v7e-m/nofp/libc.a(libc_a-strchr.o)
 .debug_str     0x00003d8a      0x71f /usr/lib/gcc/arm-none-eabi/13.2.1/../../../arm-none-eabi/lib/thumb/v7e-m/nofp/libc.a(libc_a-strtoul.o)
 .debug_str     0x00003d8a      0x49b /usr/lib/gcc/arm-none-eabi/13.2.1/../../../arm-none-eabi/lib/thumb/v7e-m/nofp/libc.a(libc_a-errno.o)
 .debug_str     0x00003d8a      0x4a6 /usr/lib/gcc/arm-none-eabi/13.2.1/../../../arm-none-eabi/lib/thumb/v7e-m/nofp/libc.a(libc_a-impure.o)
 .debug_str     0x00003d8a      0x18e /usr/lib/gcc/arm-none-eabi/13.2.1/../../../arm-none-eabi/lib/thumb/v7e-m/nofp/libc.a(libc_a-memcmp.o)
 .debug_str     0x00003d8a      0x4c6 /usr/lib/gcc/arm-none-eabi/13.2.1/../../../arm-none-eabi/lib/thumb/v7e-m/nofp/libc.a(libc_a-malloc.o)
 .debug_str     0x00003d8a      0x1ef /usr/lib/gcc/arm-none-eabi/13.2.1/../../../arm-none-eabi/lib/thumb/v7e-m/nofp/libc.a(libc_a-init.o)
 .debug_str     0x00003d8a      0x4ef /usr/lib/gcc/arm-none-eabi/13.2.1/../../../arm-none-eabi/lib/thumb/v7e-m/nofp/libc.a(libc_a-getenv_r.o)
 .debug_str     0x00003d8a      0x6a9 /usr/lib/gcc/arm-none-eabi/13.2.1/../../../arm-none-eabi/lib/thumb/v7e-m/nofp/libc.a(libc_a-findfp.o)
 .debug_str     0x00003d8a      0x187 /usr/lib/gcc/arm-none-eabi/13.2.1/../../../arm-none-eabi/lib/thumb/v7e-m/nofp/libc.a(libc_a-ctype_.o)
 .debug_str     0x00003d8a      0x1cb /usr/lib/gcc/arm-none-eabi/13.2.1/../../../arm-none-eabi/lib/thumb/v7e-m/nofp/libc.a(libc_a-atexit.o)
 .debug_str     0x00003d8a      0x1c5 /usr/lib/gcc/arm-none-eabi/13.2.1/../../../arm-none-eabi/lib/thumb/v7e-m/nofp/libc.a(libc_a-fini.o)
 .debug_str     0x00003d8a      0x4b8 /usr/lib/gcc/arm-none-eabi/13.2.1/../../../arm-none-eabi/lib/thumb/v7e-m/nofp/libc.a(libc_a-envlock.o)
 .debug_str     0x00003d8a      0x190 /usr/lib/gcc/arm-none-eabi/13.2.1/../../../arm-none-eabi/lib/thumb/v7e-m/nofp/libc.a(libc_a-strncmp.o)
 .debug_str     0x00003d8a      0x6c9 /usr/lib/gcc/arm-none-eabi/13.2.1/../../../arm-none-eabi/lib/thumb/v7e-m/nofp/libc.a(libc_a-mallocr.o)
 .debug_str     0x00003d8a      0x611 /usr/lib/gcc/arm-none-eabi/13.2.1/../../../arm-none-eabi/lib/thumb/v7e-m/nofp/libc.a(libc_a-freer.o)
 .debug_str     0x00003d8a      0x258 /usr/lib/gcc/arm-none-eabi/13.2.1/../../../arm-none-eabi/lib/thumb/v7e-m/nofp/libc.a(libc_a-__call_atexit.o)
 .debug_str     0x00003d8a      0x197 /usr/lib/gcc/arm-none-eabi/13.2.1/../../../arm-none-eabi/lib/thumb/v7e-m/nofp/libc.a(libc_a-sysconf.o)
 .debug_str     0x00003d8a      0x4c0 /usr/lib/gcc/arm-none-eabi/13.2.1/../../../arm-none-eabi/lib/thumb/v7e-m/nofp/libc.a(libc_a-reent.o)
 .debug_str     0x00003d8a      0x236 /usr/lib/gcc/arm-none-eabi/13.2.1/../../../arm-none-eabi/lib/thumb/v7e-m/nofp/libc.a(libc_a-__atexit.o)
 .debug_str     0x00003d8a      0x4bf /usr/lib/gcc/arm-none-eabi/13.2.1/../../../arm-none-eabi/lib/thumb/v7e-m/nofp/libc.a(libc_a-mlock.o)
 .debug_str     0x00003d8a      0x4aa /usr/lib/gcc/arm-none-eabi/13.2.1/../../../arm-none-eabi/lib/thumb/v7e-m/nofp/libc.a(libc_a-sbrkr.o)

.debug_frame    0x00000000      0x720
 .debug_frame   0x00000000       0xe4 /usr/lib/gcc/arm-none-eabi/13.2.1/../../../arm-none-eabi/lib/thumb/v7e-m/nofp/libstdc++.a(eh_alloc.o)
 .debug_frame   0x000000e4       0x2c /usr/lib/gcc/arm-none-eabi/13.2.1/thumb/v7e-m/nofp/libgcc.a(_aeabi_uldivmod.o)
 .debug_frame   0x00000110       0x34 /usr/lib/gcc/arm-none-eabi/13.2.1/thumb/v7e-m/nofp/libgcc.a(_udivmoddi4.o)
 .debug_frame   0x00000144       0x48 /usr/lib/gcc/arm-none-eabi/13.2.1/../../../arm-none-eabi/lib/thumb/v7e-m/nofp/libc.a(libc_a-getenv.o)
 .debug_frame   0x0000018c       0x2c /usr/lib/gcc/arm-none-eabi/13.2.1/../../../arm-none-eabi/lib/thumb/v7e-m/nofp/libc.a(libc_a-memset.o)
 .debug_frame   0x000001b8       0x34 /usr/lib/gcc/arm-none-eabi/13.2.1/../../../arm-none-eabi/lib/thumb/v7e-m/nofp/libc.a(libc_a-strchr.o)
 .debug_frame   0x000001ec       0x7c /usr/lib/gcc/arm-none-eabi/13.2.1/../../../arm-none-eabi/lib/thumb/v7e-m/nofp/libc.a(libc_a-strtoul.o)
 .debug_frame   0x00000268       0x20 /usr/lib/gcc/arm-none-eabi/13.2.1/../../../arm-none-eabi/lib/thumb/v7e-m/nofp/libc.a(libc_a-errno.o)
 .debug_frame   0x00000288       0x34 /usr/lib/gcc/arm-none-eabi/13.2.1/../../../arm-none-eabi/lib/thumb/v7e-m/nofp/libc.a(libc_a-memcmp.o)
 .debug_frame   0x000002bc       0x30 /usr/lib/gcc/arm-none-eabi/13.2.1/../../../arm-none-eabi/lib/thumb/v7e-m/nofp/libc.a(libc_a-malloc.o)
 .debug_frame   0x000002ec       0x2c /usr/lib/gcc/arm-none-eabi/13.2.1/../../../arm-none-eabi/lib/thumb/v7e-m/nofp/libc.a(libc_a-init.o)
 .debug_frame   0x00000318       0x50 /usr/lib/gcc/arm-none-eabi/13.2.1/../../../arm-none-eabi/lib/thumb/v7e-m/nofp/libc.a(libc_a-getenv_r.o)
 .debug_frame   0x00000368       0xf4 /usr/lib/gcc/arm-none-eabi/13.2.1/../../../arm-none-eabi/lib/thumb/v7e-m/nofp/libc.a(libc_a-findfp.o)
 .debug_frame   0x0000045c       0x20 /usr/lib/gcc/arm-none-eabi/13.2.1/../../../arm-none-eabi/lib/thumb/v7e-m/nofp/libc.a(libc_a-atexit.o)
 .debug_frame   0x0000047c       0x34 /usr/lib/gcc/arm-none-eabi/13.2.1/../../../arm-none-eabi/lib/thumb/v7e-m/nofp/libc.a(libc_a-fini.o)
 .debug_frame   0x000004b0       0x30 /usr/lib/gcc/arm-none-eabi/13.2.1/../../../arm-none-eabi/lib/thumb/v7e-m/nofp/libc.a(libc_a-envlock.o)
 .debug_frame   0x000004e0       0x38 /usr/lib/gcc/arm-none-eabi/13.2.1/../../../arm-none-eabi/lib/thumb/v7e-m/nofp/libc.a(libc_a-strncmp.o)
 .debug_frame   0x00000518       0x48 /usr/lib/gcc/arm-none-eabi/13.2.1/../../../arm-none-eabi/lib/thumb/v7e-m/nofp/libc.a(libc_a-mallocr.o)
 .debug_frame   0x00000560       0x78 /usr/lib/gcc/arm-none-eabi/13.2.1/../../../arm-none-eabi/lib/thumb/v7e-m/nofp/libc.a(libc_a-freer.o)
 .debug_frame   0x000005d8       0x54 /usr/lib/gcc/arm-none-eabi/13.2.1/../../../arm-none-eabi/lib/thumb/v7e-m/nofp/libc.a(libc_a-__call_atexit.o)
 .debug_frame   0x0000062c       0x28 /usr/lib/gcc/arm-none-eabi/13.2.1/../../../arm-none-eabi/lib/thumb/v7e-m/nofp/libc.a(libc_a-sysconf.o)
 .debug_frame   0x00000654       0x3c /usr/lib/gcc/arm-none-eabi/13.2.1/../../../arm-none-eabi/lib/thumb/v7e-m/nofp/libc.a(libc_a-reent.o)
 .debug_frame   0x00000690       0x34 /usr/lib/gcc/arm-none-eabi/13.2.1/../../../arm-none-eabi/lib/thumb/v7e-m/nofp/libc.a(libc_a-__atexit.o)
 .debug_frame   0x000006c4       0x30 /usr/lib/gcc/arm-none-eabi/13.2.1/../../../arm-none-eabi/lib/thumb/v7e-m/nofp/libc.a(libc_a-mlock.o)
 .debug_frame   0x000006f4       0x2c /usr/lib/gcc/arm-none-eabi/13.2.1/../../../arm-none-eabi/lib/thumb/v7e-m/nofp/libc.a(libc_a-sbrkr.o)

.debug_line_str
                0x00000000       0xa0
 .debug_line_str
                0x00000000       0xa0 /usr/lib/gcc/arm-none-eabi/13.2.1/thumb/v7e-m/nofp/libgcc.a(_aeabi_uldivmod.o)
                                 0x94 (size before relaxing)
 .debug_line_str
                0x000000a0       0x98 /usr/lib/gcc/arm-none-eabi/13.2.1/thumb/v7e-m/nofp/libgcc.a(_dvmd_tls.o)
